Archive member included to satisfy reference by file (symbol)

C:/PROGRA~2/ARMGNU~1/142BCE~1.3RE/bin/../lib/gcc/arm-none-eabi/14.3.1/thumb/v6-m/nofp\libgcc.a(_dvmd_tls.o)
                              CMakeFiles/keyboard_signal_capture.dir/_deps/pico_sdk-src/src/rp2_common/pico_divider/divider_hardware.S.obj (__aeabi_idiv0)
C:/PROGRA~2/ARMGNU~1/142BCE~1.3RE/bin/../lib/gcc/arm-none-eabi/14.3.1/../../../../arm-none-eabi/lib/thumb/v6-m/nofp\libg.a(libc_a-calloc.o)
                              CMakeFiles/keyboard_signal_capture.dir/_deps/pico_sdk-src/src/rp2_common/pico_malloc/malloc.c.obj (calloc)
C:/PROGRA~2/ARMGNU~1/142BCE~1.3RE/bin/../lib/gcc/arm-none-eabi/14.3.1/../../../../arm-none-eabi/lib/thumb/v6-m/nofp\libg.a(libc_a-callocr.o)
                              C:/PROGRA~2/ARMGNU~1/142BCE~1.3RE/bin/../lib/gcc/arm-none-eabi/14.3.1/../../../../arm-none-eabi/lib/thumb/v6-m/nofp\libg.a(libc_a-calloc.o) (_calloc_r)
C:/PROGRA~2/ARMGNU~1/142BCE~1.3RE/bin/../lib/gcc/arm-none-eabi/14.3.1/../../../../arm-none-eabi/lib/thumb/v6-m/nofp\libg.a(libc_a-malloc.o)
                              CMakeFiles/keyboard_signal_capture.dir/_deps/pico_sdk-src/src/rp2_common/pico_malloc/malloc.c.obj (malloc)
C:/PROGRA~2/ARMGNU~1/142BCE~1.3RE/bin/../lib/gcc/arm-none-eabi/14.3.1/../../../../arm-none-eabi/lib/thumb/v6-m/nofp\libg.a(libc_a-mallocr.o)
                              C:/PROGRA~2/ARMGNU~1/142BCE~1.3RE/bin/../lib/gcc/arm-none-eabi/14.3.1/../../../../arm-none-eabi/lib/thumb/v6-m/nofp\libg.a(libc_a-callocr.o) (_malloc_r)
C:/PROGRA~2/ARMGNU~1/142BCE~1.3RE/bin/../lib/gcc/arm-none-eabi/14.3.1/../../../../arm-none-eabi/lib/thumb/v6-m/nofp\libg.a(libc_a-mlock.o)
                              C:/PROGRA~2/ARMGNU~1/142BCE~1.3RE/bin/../lib/gcc/arm-none-eabi/14.3.1/../../../../arm-none-eabi/lib/thumb/v6-m/nofp\libg.a(libc_a-mallocr.o) (__malloc_lock)
C:/PROGRA~2/ARMGNU~1/142BCE~1.3RE/bin/../lib/gcc/arm-none-eabi/14.3.1/../../../../arm-none-eabi/lib/thumb/v6-m/nofp\libg.a(libc_a-realloc.o)
                              CMakeFiles/keyboard_signal_capture.dir/_deps/pico_sdk-src/src/rp2_common/pico_malloc/malloc.c.obj (realloc)
C:/PROGRA~2/ARMGNU~1/142BCE~1.3RE/bin/../lib/gcc/arm-none-eabi/14.3.1/../../../../arm-none-eabi/lib/thumb/v6-m/nofp\libg.a(libc_a-reallocr.o)
                              C:/PROGRA~2/ARMGNU~1/142BCE~1.3RE/bin/../lib/gcc/arm-none-eabi/14.3.1/../../../../arm-none-eabi/lib/thumb/v6-m/nofp\libg.a(libc_a-realloc.o) (_realloc_r)
C:/PROGRA~2/ARMGNU~1/142BCE~1.3RE/bin/../lib/gcc/arm-none-eabi/14.3.1/../../../../arm-none-eabi/lib/thumb/v6-m/nofp\libg.a(libc_a-memcmp.o)
                              CMakeFiles/keyboard_signal_capture.dir/_deps/pico_sdk-src/src/rp2_common/pico_atomic/atomic.c.obj (memcmp)
C:/PROGRA~2/ARMGNU~1/142BCE~1.3RE/bin/../lib/gcc/arm-none-eabi/14.3.1/../../../../arm-none-eabi/lib/thumb/v6-m/nofp\libg.a(libc_a-memmove.o)
                              C:/PROGRA~2/ARMGNU~1/142BCE~1.3RE/bin/../lib/gcc/arm-none-eabi/14.3.1/../../../../arm-none-eabi/lib/thumb/v6-m/nofp\libg.a(libc_a-reallocr.o) (memmove)
C:/PROGRA~2/ARMGNU~1/142BCE~1.3RE/bin/../lib/gcc/arm-none-eabi/14.3.1/../../../../arm-none-eabi/lib/thumb/v6-m/nofp\libg.a(libc_a-lcltime_r.o)
                              CMakeFiles/keyboard_signal_capture.dir/_deps/pico_sdk-src/src/common/pico_util/datetime.c.obj (localtime_r)
C:/PROGRA~2/ARMGNU~1/142BCE~1.3RE/bin/../lib/gcc/arm-none-eabi/14.3.1/../../../../arm-none-eabi/lib/thumb/v6-m/nofp\libg.a(libc_a-mktime.o)
                              CMakeFiles/keyboard_signal_capture.dir/_deps/pico_sdk-src/src/common/pico_util/datetime.c.obj (mktime)
C:/PROGRA~2/ARMGNU~1/142BCE~1.3RE/bin/../lib/gcc/arm-none-eabi/14.3.1/../../../../arm-none-eabi/lib/thumb/v6-m/nofp\libg.a(libc_a-month_lengths.o)
                              C:/PROGRA~2/ARMGNU~1/142BCE~1.3RE/bin/../lib/gcc/arm-none-eabi/14.3.1/../../../../arm-none-eabi/lib/thumb/v6-m/nofp\libg.a(libc_a-lcltime_r.o) (__month_lengths)
C:/PROGRA~2/ARMGNU~1/142BCE~1.3RE/bin/../lib/gcc/arm-none-eabi/14.3.1/../../../../arm-none-eabi/lib/thumb/v6-m/nofp\libg.a(libc_a-tzcalc_limits.o)
                              C:/PROGRA~2/ARMGNU~1/142BCE~1.3RE/bin/../lib/gcc/arm-none-eabi/14.3.1/../../../../arm-none-eabi/lib/thumb/v6-m/nofp\libg.a(libc_a-lcltime_r.o) (__tzcalc_limits)
C:/PROGRA~2/ARMGNU~1/142BCE~1.3RE/bin/../lib/gcc/arm-none-eabi/14.3.1/../../../../arm-none-eabi/lib/thumb/v6-m/nofp\libg.a(libc_a-tzlock.o)
                              C:/PROGRA~2/ARMGNU~1/142BCE~1.3RE/bin/../lib/gcc/arm-none-eabi/14.3.1/../../../../arm-none-eabi/lib/thumb/v6-m/nofp\libg.a(libc_a-lcltime_r.o) (__tz_lock)
C:/PROGRA~2/ARMGNU~1/142BCE~1.3RE/bin/../lib/gcc/arm-none-eabi/14.3.1/../../../../arm-none-eabi/lib/thumb/v6-m/nofp\libg.a(libc_a-tzset.o)
                              C:/PROGRA~2/ARMGNU~1/142BCE~1.3RE/bin/../lib/gcc/arm-none-eabi/14.3.1/../../../../arm-none-eabi/lib/thumb/v6-m/nofp\libg.a(libc_a-lcltime_r.o) (_tzset_unlocked)
[...]
Memory Configuration

Name             Origin             Length             Attributes
FLASH            0x10000000         0x00200000         xr
RAM              0x20000000         0x00040000         xrw
SCRATCH_X        0x20040000         0x00001000         xrw
SCRATCH_Y        0x20041000         0x00001000         xrw
*default*        0x00000000         0xffffffff

Linker script and memory map

LOAD C:/PROGRA~2/ARMGNU~1/142BCE~1.3RE/bin/../lib/gcc/arm-none-eabi/14.3.1/thumb/v6-m/nofp/crti.o
LOAD C:/PROGRA~2/ARMGNU~1/142BCE~1.3RE/bin/../lib/gcc/arm-none-eabi/14.3.1/thumb/v6-m/nofp/crtbegin.o
LOAD C:/PROGRA~2/ARMGNU~1/142BCE~1.3RE/bin/../lib/gcc/arm-none-eabi/14.3.1/../../../../arm-none-eabi/lib/thumb/v6-m/nofp/crt0.o

.flash_begin    0x10000000        0x0
                0x10000000                        __flash_binary_start = .

.boot2          0x10000000      0x100
                0x10000000                        __boot2_start__ = .
 *(.boot2)
 .boot2         0x10000000      0x100 pico-sdk/src/rp2040/boot_stage2/CMakeFiles/bs2_default_library.dir/./bs2_default_padded_checksummed.S.obj
                0x10000100                        __boot2_end__ = .
                0x00000001                        ASSERT (((__boot2_end__ - __boot2_start__) == 0x100), ERROR: Pico second stage bootloader must be 256 bytes in size)

.text           0x10000100     0x6e7c
                0x10000100                        __logical_binary_start = .
 *(.vectors)
 .vectors       0x10000100       0xd4 CMakeFiles/keyboard_signal_capture.dir/_deps/pico_sdk-src/src/rp2_common/pico_crt0/crt0.S.obj
                0x10000100                __VECTOR_TABLE
                0x10000100                __vectors
                0x100001c0                isr_irq13
                0x100001c0                isr_irq27
                0x100001c0                isr_irq31
                0x100001c0                isr_irq12
                0x100001c0                isr_irq5
                0x100001c0                isr_irq11
                0x100001c0                isr_irq3
                0x100001c0                isr_irq23
                0x100001c0                __unhandled_user_irq
                0x100001c0                isr_irq26
                0x100001c0                isr_irq28
                0x100001c0                isr_irq19
                0x100001c0                isr_irq0
                0x100001c0                isr_irq6
                0x100001c0                isr_irq29
                0x100001c0                isr_irq16
                0x100001c0                isr_irq22
                0x100001c0                isr_irq18
                0x100001c0                isr_irq17
                0x100001c0                isr_irq14
                0x100001c0                __vectors_end
                0x100001c0                __default_isrs_start
                0x100001c0                isr_irq2
                0x100001c0                isr_irq10
                0x100001c0                isr_irq8
                0x100001c0                isr_irq24
                0x100001c0                isr_irq1
                0x100001c0                isr_irq7
                0x100001c0                isr_irq21
                0x100001c0                isr_irq20
                0x100001c0                isr_irq15
                0x100001c0                isr_irq25
                0x100001c0                isr_irq4
                0x100001c0                isr_irq30
                0x100001c0                isr_irq9
                0x100001c6                unhandled_user_irq_num_in_r0
                0x100001c8                isr_invalid
                0x100001ca                isr_nmi
                0x100001cc                isr_hardfault
                0x100001ce                isr_svcall
                0x100001d0                isr_pendsv
                0x100001d2                isr_systick
                0x100001d4                __default_isrs_end
 *(.binary_info_header)
 .binary_info_header
                0x100001d4       0x14 CMakeFiles/keyboard_signal_capture.dir/_deps/pico_sdk-src/src/rp2_common/pico_crt0/crt0.S.obj
                0x100001e8                        __binary_info_header_end = .
 *(.embedded_block)
                0x100001e8                        __embedded_block_end = .
 *(.reset)
 .reset         0x100001e8       0x9c CMakeFiles/keyboard_signal_capture.dir/_deps/pico_sdk-src/src/rp2_common/pico_crt0/crt0.S.obj
                0x100001e8                _entry_point
 *(.init)
 .init          0x10000284        0x4 C:/PROGRA~2/ARMGNU~1/142BCE~1.3RE/bin/../lib/gcc/arm-none-eabi/14.3.1/thumb/v6-m/nofp/crti.o
                0x10000284                _init
 *(EXCLUDE_FILE(*libm.a: *libc.a:*lib_a-mem*.o *libgcc.a:) .text*)
 .text.register_tm_clones
                0x10000288       0x28 C:/PROGRA~2/ARMGNU~1/142BCE~1.3RE/bin/../lib/gcc/arm-none-eabi/14.3.1/thumb/v6-m/nofp/crtbegin.o
 .text.frame_dummy
                0x100002b0       0x24 C:/PROGRA~2/ARMGNU~1/142BCE~1.3RE/bin/../lib/gcc/arm-none-eabi/14.3.1/thumb/v6-m/nofp/crtbegin.o
 .text.simple_gpio_capture
                0x100002d4       0xf4 CMakeFiles/keyboard_signal_capture.dir/KeyAnalyser.c.obj
                0x100002d4                simple_gpio_capture
 .text.print_captured_data
                0x100003c8       0x84 CMakeFiles/keyboard_signal_capture.dir/KeyAnalyser.c.obj
                0x100003c8                print_captured_data
 .text.analyze_keyboard_data
                0x1000044c      0x100 CMakeFiles/keyboard_signal_capture.dir/KeyAnalyser.c.obj
                0x1000044c                analyze_keyboard_data
 .text.startup.main
                0x1000054c       0xb8 CMakeFiles/keyboard_signal_capture.dir/KeyAnalyser.c.obj
                0x1000054c                main
 .text.gpio_set_pulls
                0x10000604       0x28 CMakeFiles/keyboard_signal_capture.dir/_deps/pico_sdk-src/src/rp2_common/hardware_gpio/gpio.c.obj
                0x10000604                gpio_set_pulls
 .text.gpio_init
                0x1000062c       0x40 CMakeFiles/keyboard_signal_capture.dir/_deps/pico_sdk-src/src/rp2_common/hardware_gpio/gpio.c.obj
                0x1000062c                gpio_init
 .text.rp2040_chip_version
                0x1000066c        0xc CMakeFiles/keyboard_signal_capture.dir/_deps/pico_sdk-src/src/rp2040/pico_platform/platform.c.obj
                0x1000066c                rp2040_chip_version
 .text.panic    0x10000678       0x30 CMakeFiles/keyboard_signal_capture.dir/_deps/pico_sdk-src/src/rp2_common/pico_platform_panic/panic.c.obj
                0x10000678                panic
 .text.hw_claim_or_assert
                0x100006a8       0x44 CMakeFiles/keyboard_signal_capture.dir/_deps/pico_sdk-src/src/common/hardware_claim/claim.c.obj
                0x100006a8                hw_claim_or_assert
 .text.hw_claim_unused_from_range
                0x100006ec       0x88 CMakeFiles/keyboard_signal_capture.dir/_deps/pico_sdk-src/src/common/hardware_claim/claim.c.obj
                0x100006ec                hw_claim_unused_from_range
 .text.next_striped_spin_lock_num
                0x10000774       0x18 CMakeFiles/keyboard_signal_capture.dir/_deps/pico_sdk-src/src/rp2_common/hardware_sync/sync.c.obj
                0x10000774                next_striped_spin_lock_num
 .text.spin_lock_claim_unused
                0x1000078c       0x24 CMakeFiles/keyboard_signal_capture.dir/_deps/pico_sdk-src/src/rp2_common/hardware_sync/sync.c.obj
                0x1000078c                spin_lock_claim_unused
 .text.spin_locks_reset
                0x100007b0       0x1c CMakeFiles/keyboard_signal_capture.dir/_deps/pico_sdk-src/src/rp2_common/hardware_sync_spin_lock/sync_spin_lock.c.obj
                0x100007b0                spin_locks_reset
 .text.runtime_init_per_core_irq_priorities
                0x100007cc       0x24 CMakeFiles/keyboard_signal_capture.dir/_deps/pico_sdk-src/src/rp2_common/hardware_irq/irq.c.obj
                0x100007cc                runtime_init_per_core_irq_priorities
 .text.irq_set_enabled
                0x100007f0       0x24 CMakeFiles/keyboard_signal_capture.dir/_deps/pico_sdk-src/src/rp2_common/hardware_irq/irq.c.obj
                0x100007f0                irq_set_enabled
 .text.irq_is_enabled
                0x10000814       0x18 CMakeFiles/keyboard_signal_capture.dir/_deps/pico_sdk-src/src/rp2_common/hardware_irq/irq.c.obj
                0x10000814                irq_is_enabled
 .text.irq_set_pending
                0x1000082c       0x10 CMakeFiles/keyboard_signal_capture.dir/_deps/pico_sdk-src/src/rp2_common/hardware_irq/irq.c.obj
                0x1000082c                irq_set_pending
 .text.irq_has_shared_handler
                0x1000083c       0x24 CMakeFiles/keyboard_signal_capture.dir/_deps/pico_sdk-src/src/rp2_common/hardware_irq/irq.c.obj
                0x1000083c                irq_has_shared_handler
 .text.irq_set_exclusive_handler
                0x10000860       0x54 CMakeFiles/keyboard_signal_capture.dir/_deps/pico_sdk-src/src/rp2_common/hardware_irq/irq.c.obj
                0x10000860                irq_set_exclusive_handler
 .text.irq_add_shared_handler
                0x100008b4      0x1f4 CMakeFiles/keyboard_signal_capture.dir/_deps/pico_sdk-src/src/rp2_common/hardware_irq/irq.c.obj
                0x100008b4                irq_add_shared_handler
 .text.irq_add_tail_to_free_list
                0x10000aa8       0xb4 CMakeFiles/keyboard_signal_capture.dir/_deps/pico_sdk-src/src/rp2_common/hardware_irq/irq.c.obj
                0x10000aa8                irq_add_tail_to_free_list
 .text.user_irq_claim_unused
                0x10000b5c       0x2c CMakeFiles/keyboard_signal_capture.dir/_deps/pico_sdk-src/src/rp2_common/hardware_irq/irq.c.obj
                0x10000b5c                user_irq_claim_unused
 .text.lock_init
                0x10000b88       0x10 CMakeFiles/keyboard_signal_capture.dir/_deps/pico_sdk-src/src/common/pico_sync/lock_core.c.obj
                0x10000b88                lock_init
 .text.runtime_init_mutex
                0x10000b98       0x50 CMakeFiles/keyboard_signal_capture.dir/_deps/pico_sdk-src/src/common/pico_sync/mutex.c.obj
                0x10000b98                runtime_init_mutex
 .text.mutex_init
                0x10000be8       0x1c CMakeFiles/keyboard_signal_capture.dir/_deps/pico_sdk-src/src/common/pico_sync/mutex.c.obj
                0x10000be8                mutex_init
 .text.critical_section_init
                0x10000c04       0x1c CMakeFiles/keyboard_signal_capture.dir/_deps/pico_sdk-src/src/common/pico_sync/critical_section.c.obj
                0x10000c04                critical_section_init
 .text.critical_section_init_with_lock_num
                0x10000c20       0x14 CMakeFiles/keyboard_signal_capture.dir/_deps/pico_sdk-src/src/common/pico_sync/critical_section.c.obj
                0x10000c20                critical_section_init_with_lock_num
 .text.sleep_until_callback
                0x10000c34       0x30 CMakeFiles/keyboard_signal_capture.dir/_deps/pico_sdk-src/src/common/pico_time/time.c.obj
 .text.alarm_pool_irq_handler
                0x10000c64      0x2f8 CMakeFiles/keyboard_signal_capture.dir/_deps/pico_sdk-src/src/common/pico_time/time.c.obj
 .text.runtime_init_default_alarm_pool
                0x10000f5c       0xdc CMakeFiles/keyboard_signal_capture.dir/_deps/pico_sdk-src/src/common/pico_time/time.c.obj
                0x10000f5c                runtime_init_default_alarm_pool
 .text.alarm_pool_get_default
                0x10001038        0x8 CMakeFiles/keyboard_signal_capture.dir/_deps/pico_sdk-src/src/common/pico_time/time.c.obj
                0x10001038                alarm_pool_get_default
 .text.alarm_pool_add_alarm_at
                0x10001040       0xd0 CMakeFiles/keyboard_signal_capture.dir/_deps/pico_sdk-src/src/common/pico_time/time.c.obj
                0x10001040                alarm_pool_add_alarm_at
 .text.alarm_pool_add_alarm_at_force_in_context
                0x10001110       0xb0 CMakeFiles/keyboard_signal_capture.dir/_deps/pico_sdk-src/src/common/pico_time/time.c.obj
                0x10001110                alarm_pool_add_alarm_at_force_in_context
 .text.alarm_pool_cancel_alarm
                0x100011c0       0x74 CMakeFiles/keyboard_signal_capture.dir/_deps/pico_sdk-src/src/common/pico_time/time.c.obj
                0x100011c0                alarm_pool_cancel_alarm
 .text.alarm_pool_core_num
                0x10001234        0x4 CMakeFiles/keyboard_signal_capture.dir/_deps/pico_sdk-src/src/common/pico_time/time.c.obj
                0x10001234                alarm_pool_core_num
 .text.sleep_us
                0x10001238       0xec CMakeFiles/keyboard_signal_capture.dir/_deps/pico_sdk-src/src/common/pico_time/time.c.obj
                0x10001238                sleep_us
 .text.sleep_ms
                0x10001324       0xfc CMakeFiles/keyboard_signal_capture.dir/_deps/pico_sdk-src/src/common/pico_time/time.c.obj
                0x10001324                sleep_ms
 .text.best_effort_wfe_or_timeout
                0x10001420      0x10c CMakeFiles/keyboard_signal_capture.dir/_deps/pico_sdk-src/src/common/pico_time/time.c.obj
                0x10001420                best_effort_wfe_or_timeout
 .text.timer_hardware_alarm_claim
                0x1000152c       0x14 CMakeFiles/keyboard_signal_capture.dir/_deps/pico_sdk-src/src/rp2_common/hardware_timer/timer.c.obj
                0x1000152c                timer_hardware_alarm_claim
 .text.timer_time_us_64
                0x10001540       0x10 CMakeFiles/keyboard_signal_capture.dir/_deps/pico_sdk-src/src/rp2_common/hardware_timer/timer.c.obj
                0x10001540                timer_time_us_64
 .text.time_us_64
                0x10001550       0x14 CMakeFiles/keyboard_signal_capture.dir/_deps/pico_sdk-src/src/rp2_common/hardware_timer/timer.c.obj
                0x10001550                time_us_64
 .text.busy_wait_until
                0x10001564       0x20 CMakeFiles/keyboard_signal_capture.dir/_deps/pico_sdk-src/src/rp2_common/hardware_timer/timer.c.obj
                0x10001564                busy_wait_until
 .text.clock_configure_int_divider
                0x10001584       0xf4 CMakeFiles/keyboard_signal_capture.dir/_deps/pico_sdk-src/src/rp2_common/hardware_clocks/clocks.c.obj
                0x10001584                clock_configure_int_divider
 .text.clock_configure_undivided
                0x10001678       0xe8 CMakeFiles/keyboard_signal_capture.dir/_deps/pico_sdk-src/src/rp2_common/hardware_clocks/clocks.c.obj
                0x10001678                clock_configure_undivided
 .text.clock_get_hz
                0x10001760        0xc CMakeFiles/keyboard_signal_capture.dir/_deps/pico_sdk-src/src/rp2_common/hardware_clocks/clocks.c.obj
                0x10001760                clock_get_hz
 .text.pll_init
                0x1000176c       0xa4 CMakeFiles/keyboard_signal_capture.dir/_deps/pico_sdk-src/src/rp2_common/hardware_pll/pll.c.obj
                0x1000176c                pll_init
 .text.watchdog_reboot
                0x10001810       0x9c CMakeFiles/keyboard_signal_capture.dir/_deps/pico_sdk-src/src/rp2_common/hardware_watchdog/watchdog.c.obj
                0x10001810                watchdog_reboot
 .text.tick_start
                0x100018ac       0x10 CMakeFiles/keyboard_signal_capture.dir/_deps/pico_sdk-src/src/rp2_common/hardware_ticks/ticks.c.obj
                0x100018ac                tick_start
 .text.rom_func_lookup
                0x100018bc       0x10 CMakeFiles/keyboard_signal_capture.dir/_deps/pico_sdk-src/src/rp2_common/pico_bootrom/bootrom.c.obj
                0x100018bc                rom_func_lookup
 .text.rom_data_lookup
                0x100018cc       0x10 CMakeFiles/keyboard_signal_capture.dir/_deps/pico_sdk-src/src/rp2_common/pico_bootrom/bootrom.c.obj
                0x100018cc                rom_data_lookup
 .text.rom_funcs_lookup
                0x100018dc       0x44 CMakeFiles/keyboard_signal_capture.dir/_deps/pico_sdk-src/src/rp2_common/pico_bootrom/bootrom.c.obj
                0x100018dc                rom_funcs_lookup
 .text.rom_reset_usb_boot_extra
                0x10001920       0x24 CMakeFiles/keyboard_signal_capture.dir/_deps/pico_sdk-src/src/rp2_common/pico_bootrom/bootrom.c.obj
                0x10001920                rom_reset_usb_boot_extra
 .text.xosc_init
                0x10001944       0x28 CMakeFiles/keyboard_signal_capture.dir/_deps/pico_sdk-src/src/rp2_common/hardware_xosc/xosc.c.obj
                0x10001944                xosc_init
 .text.first_per_core_initializer
                0x1000196c        0x4 CMakeFiles/keyboard_signal_capture.dir/_deps/pico_sdk-src/src/rp2_common/pico_runtime/runtime.c.obj
 .text.hard_assertion_failure
                0x10001970        0xc CMakeFiles/keyboard_signal_capture.dir/_deps/pico_sdk-src/src/rp2_common/pico_runtime/runtime.c.obj
                0x10001970                hard_assertion_failure
 .text.runtime_run_initializers
                0x1000197c       0x28 CMakeFiles/keyboard_signal_capture.dir/_deps/pico_sdk-src/src/rp2_common/pico_runtime/runtime.c.obj
                0x1000197c                runtime_run_initializers
 .text.runtime_init_early_resets
                0x100019a4       0x2c CMakeFiles/keyboard_signal_capture.dir/_deps/pico_sdk-src/src/rp2_common/pico_runtime_init/runtime_init.c.obj
                0x100019a4                runtime_init_early_resets
 .text.runtime_init_usb_power_down
                0x100019d0       0x1c CMakeFiles/keyboard_signal_capture.dir/_deps/pico_sdk-src/src/rp2_common/pico_runtime_init/runtime_init.c.obj
                0x100019d0                runtime_init_usb_power_down
 .text.runtime_init_post_clock_resets
                0x100019ec       0x20 CMakeFiles/keyboard_signal_capture.dir/_deps/pico_sdk-src/src/rp2_common/pico_runtime_init/runtime_init.c.obj
                0x100019ec                runtime_init_post_clock_resets
 .text.runtime_init_rp2040_gpio_ie_disable
                0x10001a0c       0x14 CMakeFiles/keyboard_signal_capture.dir/_deps/pico_sdk-src/src/rp2_common/pico_runtime_init/runtime_init.c.obj
                0x10001a0c                runtime_init_rp2040_gpio_ie_disable
 .text.runtime_init_spin_locks_reset
                0x10001a20        0x8 CMakeFiles/keyboard_signal_capture.dir/_deps/pico_sdk-src/src/rp2_common/pico_runtime_init/runtime_init.c.obj
                0x10001a20                runtime_init_spin_locks_reset
 .text.runtime_init_install_ram_vector_table
                0x10001a28       0xb4 CMakeFiles/keyboard_signal_capture.dir/_deps/pico_sdk-src/src/rp2_common/pico_runtime_init/runtime_init.c.obj
                0x10001a28                runtime_init_install_ram_vector_table
 .text.runtime_init_clocks
                0x10001adc       0xd8 CMakeFiles/keyboard_signal_capture.dir/_deps/pico_sdk-src/src/rp2_common/pico_runtime_init/runtime_init_clocks.c.obj
                0x10001adc                runtime_init_clocks
 .text          0x10001bb4       0x10 CMakeFiles/keyboard_signal_capture.dir/_deps/pico_sdk-src/src/rp2_common/pico_bit_ops/bit_ops_aeabi.S.obj
 .text.__wrap___aeabi_idiv
                0x10001bc4       0x50 CMakeFiles/keyboard_signal_capture.dir/_deps/pico_sdk-src/src/rp2_common/pico_divider/divider_hardware.S.obj
                0x10001bc4                __wrap___aeabi_idivmod
                0x10001bc4                divmod_s32s32
                0x10001bc4                div_s32s32
                0x10001bc4                __wrap___aeabi_idiv
                0x10001bcc                divmod_s32s32_unsafe
                0x10001bf8                divmod_s32s32_savestate
 .text.__wrap___aeabi_uidiv
                0x10001c14       0x4c CMakeFiles/keyboard_signal_capture.dir/_deps/pico_sdk-src/src/rp2_common/pico_divider/divider_hardware.S.obj
                0x10001c14                __wrap___aeabi_uidiv
                0x10001c14                __wrap___aeabi_uidivmod
                0x10001c14                div_u32u32
                0x10001c14                divmod_u32u32
                0x10001c1c                divmod_u32u32_unsafe
                0x10001c44                divmod_u32u32_savestate
 .text.__wrap___aeabi_ldiv
                0x10001c60      0x424 CMakeFiles/keyboard_signal_capture.dir/_deps/pico_sdk-src/src/rp2_common/pico_divider/divider_hardware.S.obj
                0x10001c60                div_s64s64
                0x10001c60                divmod_s64s64
                0x10001c60                __wrap___aeabi_ldivmod
                0x10001c90                divmod_u64u64
                0x10001c90                div_u64u64
                0x10001c90                __wrap___aeabi_uldivmod
                0x10001ca0                divmod_u64u64_savestate
                0x10001cc0                divmod_s64s64_unsafe
                0x10001d48                divmod_u64u64_unsafe
 .text.__wrap___aeabi_darithmetic
                0x10002084       0x80 CMakeFiles/keyboard_signal_capture.dir/_deps/pico_sdk-src/src/rp2_common/pico_double/double_aeabi_rp2040.S.obj
                0x10002084                __wrap___aeabi_drsub
                0x1000208a                __wrap___aeabi_dsub
                0x1000209c                __wrap___aeabi_dadd
                0x100020ae                __wrap___aeabi_ddiv
                0x100020ea                __wrap___aeabi_dmul
 .text.__wrap___aeabi_cdcmple
                0x10002104       0x6c CMakeFiles/keyboard_signal_capture.dir/_deps/pico_sdk-src/src/rp2_common/pico_double/double_aeabi_rp2040.S.obj
                0x10002104                __wrap___aeabi_cdrcmple
                0x10002114                __wrap___aeabi_cdcmpeq
                0x10002114                __wrap___aeabi_cdcmple
 .text.__wrap___aeabi_dcmplt
                0x10002170        0xc CMakeFiles/keyboard_signal_capture.dir/_deps/pico_sdk-src/src/rp2_common/pico_double/double_aeabi_rp2040.S.obj
                0x10002170                __wrap___aeabi_dcmplt
 .text.__wrap___aeabi_dcmple
                0x1000217c       0x10 CMakeFiles/keyboard_signal_capture.dir/_deps/pico_sdk-src/src/rp2_common/pico_double/double_aeabi_rp2040.S.obj
                0x1000217c                __wrap___aeabi_dcmple
 .text.__wrap___aeabi_dcmpge
                0x1000218c       0x10 CMakeFiles/keyboard_signal_capture.dir/_deps/pico_sdk-src/src/rp2_common/pico_double/double_aeabi_rp2040.S.obj
                0x1000218c                __wrap___aeabi_dcmpge
 .text.__wrap___aeabi_dcmpgt
                0x1000219c        0xa CMakeFiles/keyboard_signal_capture.dir/_deps/pico_sdk-src/src/rp2_common/pico_double/double_aeabi_rp2040.S.obj
                0x1000219c                __wrap___aeabi_dcmpgt
 .text.__wrap___aeabi_dcmpun
                0x100021a6       0x18 CMakeFiles/keyboard_signal_capture.dir/_deps/pico_sdk-src/src/rp2_common/pico_double/double_aeabi_rp2040.S.obj
                0x100021a6                __wrap___aeabi_dcmpun
 *fill*         0x100021be        0x2 
 .text.__wrap___aeabi_i2d
                0x100021c0       0x38 CMakeFiles/keyboard_signal_capture.dir/_deps/pico_sdk-src/src/rp2_common/pico_double/double_aeabi_rp2040.S.obj
                0x100021c0                uint2double
                0x100021c0                __wrap___aeabi_ui2d
                0x100021c8                int2double
                0x100021c8                __wrap___aeabi_i2d
 .text.__wrap___aeabi_d2iz
                0x100021f8       0x48 CMakeFiles/keyboard_signal_capture.dir/_deps/pico_sdk-src/src/rp2_common/pico_double/double_aeabi_rp2040.S.obj
                0x100021f8                double2int_z
                0x100021f8                __wrap___aeabi_d2iz
 .text.__wrap___aeabi_d2uiz
                0x10002240       0x18 CMakeFiles/keyboard_signal_capture.dir/_deps/pico_sdk-src/src/rp2_common/pico_double/double_aeabi_rp2040.S.obj
                0x10002240                double2uint
                0x10002240                __wrap___aeabi_d2uiz
                0x10002240                double2uint_z
 .text.__aeabi_double_init
                0x10002258       0xa4 CMakeFiles/keyboard_signal_capture.dir/_deps/pico_sdk-src/src/rp2_common/pico_double/double_init_rom_rp2040.c.obj
                0x10002258                __aeabi_double_init
 .text.double_table_shim_on_use_helper
                0x100022fc       0x2c CMakeFiles/keyboard_signal_capture.dir/_deps/pico_sdk-src/src/rp2_common/pico_double/double_v1_rom_shim_rp2040.S.obj
                0x100022fc                double_table_shim_on_use_helper
 .text.__wrap___aeabi_dsub
                0x10002328       0x10 CMakeFiles/keyboard_signal_capture.dir/_deps/pico_sdk-src/src/rp2_common/pico_double/double_v1_rom_shim_rp2040.S.obj
                0x10002328                drsub_shim
                0x1000232e                dsub_shim
 .text.dadd_shim
                0x10002338      0x15c CMakeFiles/keyboard_signal_capture.dir/_deps/pico_sdk-src/src/rp2_common/pico_double/double_v1_rom_shim_rp2040.S.obj
                0x10002338                dadd_shim
 .text.dmul_shim
                0x10002494      0x15c CMakeFiles/keyboard_signal_capture.dir/_deps/pico_sdk-src/src/rp2_common/pico_double/double_v1_rom_shim_rp2040.S.obj
                0x10002494                dmul_shim
 .text.ddiv_shim
                0x100025f0      0x1b0 CMakeFiles/keyboard_signal_capture.dir/_deps/pico_sdk-src/src/rp2_common/pico_double/double_v1_rom_shim_rp2040.S.obj
                0x100025f0                ddiv_shim
 .text.double2uint_shim
                0x100027a0        0xe CMakeFiles/keyboard_signal_capture.dir/_deps/pico_sdk-src/src/rp2_common/pico_double/double_v1_rom_shim_rp2040.S.obj
                0x100027a0                double2uint_shim
                0x100027a2                double2ufix_shim
 *fill*         0x100027ae        0x2 
 .text.double2uint64_shim
                0x100027b0       0x70 CMakeFiles/keyboard_signal_capture.dir/_deps/pico_sdk-src/src/rp2_common/pico_double/double_v1_rom_shim_rp2040.S.obj
                0x100027b0                double2uint64_shim
                0x100027b2                double2ufix64_shim
                0x100027d2                d2fix_a
 .text.dunpacks
                0x10002820       0x3c CMakeFiles/keyboard_signal_capture.dir/_deps/pico_sdk-src/src/rp2_common/pico_double/double_v1_rom_shim_rp2040.S.obj
                0x10002820                dunpacks
 .text.__aeabi_lmul
                0x1000285c       0x32 CMakeFiles/keyboard_signal_capture.dir/_deps/pico_sdk-src/src/rp2_common/pico_int64_ops/pico_int64_ops_aeabi.S.obj
                0x1000285c                __wrap___aeabi_lmul
 *fill*         0x1000288e        0x2 
 .text.__aeabi_float_init
                0x10002890       0x64 CMakeFiles/keyboard_signal_capture.dir/_deps/pico_sdk-src/src/rp2_common/pico_float/float_init_rom_rp2040.c.obj
                0x10002890                __aeabi_float_init
 .text.float_table_shim_on_use_helper
                0x100028f4       0x2c CMakeFiles/keyboard_signal_capture.dir/_deps/pico_sdk-src/src/rp2_common/pico_float/float_v1_rom_shim_rp2040.S.obj
                0x100028f4                float_table_shim_on_use_helper
 .text          0x10002920       0x10 CMakeFiles/keyboard_signal_capture.dir/_deps/pico_sdk-src/src/rp2_common/pico_mem_ops/mem_ops_aeabi.S.obj
                0x10002920                __aeabi_mem_init
 .text.memset   0x10002930        0xc CMakeFiles/keyboard_signal_capture.dir/_deps/pico_sdk-src/src/rp2_common/pico_mem_ops/mem_ops_aeabi.S.obj
                0x10002930                __wrap_memset
 .text.memcpy   0x1000293c        0xc CMakeFiles/keyboard_signal_capture.dir/_deps/pico_sdk-src/src/rp2_common/pico_mem_ops/mem_ops_aeabi.S.obj
                0x1000293c                __wrap_memcpy
                0x1000293c                __wrap___aeabi_memcpy
 .text._out_null
                0x10002948        0x4 CMakeFiles/keyboard_signal_capture.dir/_deps/pico_sdk-src/src/rp2_common/pico_printf/printf.c.obj
 .text._out_rev
                0x1000294c       0xac CMakeFiles/keyboard_signal_capture.dir/_deps/pico_sdk-src/src/rp2_common/pico_printf/printf.c.obj
 .text._ntoa_format
                0x100029f8      0x1cc CMakeFiles/keyboard_signal_capture.dir/_deps/pico_sdk-src/src/rp2_common/pico_printf/printf.c.obj
 .text._out_char
                0x10002bc4       0x10 CMakeFiles/keyboard_signal_capture.dir/_deps/pico_sdk-src/src/rp2_common/pico_printf/printf.c.obj
 .text._out_fct
                0x10002bd4       0x10 CMakeFiles/keyboard_signal_capture.dir/_deps/pico_sdk-src/src/rp2_common/pico_printf/printf.c.obj
 .text._ftoa    0x10002be4      0x4a8 CMakeFiles/keyboard_signal_capture.dir/_deps/pico_sdk-src/src/rp2_common/pico_printf/printf.c.obj
 .text._etoa    0x1000308c      0x57c CMakeFiles/keyboard_signal_capture.dir/_deps/pico_sdk-src/src/rp2_common/pico_printf/printf.c.obj
 .text._vsnprintf
                0x10003608      0xbe0 CMakeFiles/keyboard_signal_capture.dir/_deps/pico_sdk-src/src/rp2_common/pico_printf/printf.c.obj
 .text.vfctprintf
                0x100041e8       0x24 CMakeFiles/keyboard_signal_capture.dir/_deps/pico_sdk-src/src/rp2_common/pico_printf/printf.c.obj
                0x100041e8                vfctprintf
 .text.weak_raw_vprintf
                0x1000420c       0x30 CMakeFiles/keyboard_signal_capture.dir/_deps/pico_sdk-src/src/rp2_common/pico_printf/printf.c.obj
                0x1000420c                weak_raw_vprintf
 .text._exit    0x1000423c        0x4 CMakeFiles/keyboard_signal_capture.dir/_deps/pico_sdk-src/src/rp2_common/pico_clib_interface/newlib_interface.c.obj
                0x1000423c                _exit
 .text.exit     0x10004240        0x8 CMakeFiles/keyboard_signal_capture.dir/_deps/pico_sdk-src/src/rp2_common/pico_clib_interface/newlib_interface.c.obj
                0x10004240                exit
 .text.runtime_init
                0x10004248       0x2c CMakeFiles/keyboard_signal_capture.dir/_deps/pico_sdk-src/src/rp2_common/pico_clib_interface/newlib_interface.c.obj
                0x10004248                runtime_init
 .text.stdio_out_chars_no_crlf
                0x10004274       0x10 CMakeFiles/keyboard_signal_capture.dir/_deps/pico_sdk-src/src/rp2_common/pico_stdio/stdio.c.obj
 .text.stdio_out_chars_crlf
                0x10004284       0xb0 CMakeFiles/keyboard_signal_capture.dir/_deps/pico_sdk-src/src/rp2_common/pico_stdio/stdio.c.obj
 .text.stdio_buffered_printer
                0x10004334       0x64 CMakeFiles/keyboard_signal_capture.dir/_deps/pico_sdk-src/src/rp2_common/pico_stdio/stdio.c.obj
 .text.stdio_put_string
                0x10004398       0xfc CMakeFiles/keyboard_signal_capture.dir/_deps/pico_sdk-src/src/rp2_common/pico_stdio/stdio.c.obj
                0x10004398                stdio_put_string
 .text.stdio_set_driver_enabled
                0x10004494       0x30 CMakeFiles/keyboard_signal_capture.dir/_deps/pico_sdk-src/src/rp2_common/pico_stdio/stdio.c.obj
                0x10004494                stdio_set_driver_enabled
 .text.stdio_init_all
                0x100044c4        0x8 CMakeFiles/keyboard_signal_capture.dir/_deps/pico_sdk-src/src/rp2_common/pico_stdio/stdio.c.obj
                0x100044c4                stdio_init_all
 .text.__wrap_putchar
                0x100044cc       0x94 CMakeFiles/keyboard_signal_capture.dir/_deps/pico_sdk-src/src/rp2_common/pico_stdio/stdio.c.obj
                0x100044cc                __wrap_putchar
                0x100044cc                stdio_putchar
 .text.__wrap_puts
                0x10004560       0x3c CMakeFiles/keyboard_signal_capture.dir/_deps/pico_sdk-src/src/rp2_common/pico_stdio/stdio.c.obj
                0x10004560                stdio_puts
                0x10004560                __wrap_puts
 .text.__wrap_vprintf
                0x1000459c       0xcc CMakeFiles/keyboard_signal_capture.dir/_deps/pico_sdk-src/src/rp2_common/pico_stdio/stdio.c.obj
                0x1000459c                stdio_vprintf
                0x1000459c                __wrap_vprintf
 .text.__wrap_printf
                0x10004668       0x18 CMakeFiles/keyboard_signal_capture.dir/_deps/pico_sdk-src/src/rp2_common/pico_stdio/stdio.c.obj
                0x10004668                __wrap_printf
                0x10004668                stdio_printf
 .text.resetd_init
                0x10004680        0x4 CMakeFiles/keyboard_signal_capture.dir/_deps/pico_sdk-src/src/rp2_common/pico_stdio_usb/reset_interface.c.obj
 .text.resetd_reset
                0x10004684        0xc CMakeFiles/keyboard_signal_capture.dir/_deps/pico_sdk-src/src/rp2_common/pico_stdio_usb/reset_interface.c.obj
 .text.resetd_open
                0x10004690       0x28 CMakeFiles/keyboard_signal_capture.dir/_deps/pico_sdk-src/src/rp2_common/pico_stdio_usb/reset_interface.c.obj
 .text.resetd_xfer_cb
                0x100046b8        0x4 CMakeFiles/keyboard_signal_capture.dir/_deps/pico_sdk-src/src/rp2_common/pico_stdio_usb/reset_interface.c.obj
 .text.resetd_control_xfer_cb
                0x100046bc       0x54 CMakeFiles/keyboard_signal_capture.dir/_deps/pico_sdk-src/src/rp2_common/pico_stdio_usb/reset_interface.c.obj
 .text.tud_descriptor_bos_cb
                0x10004710        0x8 CMakeFiles/keyboard_signal_capture.dir/_deps/pico_sdk-src/src/rp2_common/pico_stdio_usb/reset_interface.c.obj
                0x10004710                tud_descriptor_bos_cb
 .text.tud_vendor_control_xfer_cb
                0x10004718       0x34 CMakeFiles/keyboard_signal_capture.dir/_deps/pico_sdk-src/src/rp2_common/pico_stdio_usb/reset_interface.c.obj
                0x10004718                tud_vendor_control_xfer_cb
 .text.usbd_app_driver_get_cb
                0x1000474c        0xc CMakeFiles/keyboard_signal_capture.dir/_deps/pico_sdk-src/src/rp2_common/pico_stdio_usb/reset_interface.c.obj
                0x1000474c                usbd_app_driver_get_cb
 .text.tud_cdc_line_coding_cb
                0x10004758       0x2c CMakeFiles/keyboard_signal_capture.dir/_deps/pico_sdk-src/src/rp2_common/pico_stdio_usb/reset_interface.c.obj
                0x10004758                tud_cdc_line_coding_cb
 .text.stdio_usb_set_chars_available_callback
                0x10004784       0x14 CMakeFiles/keyboard_signal_capture.dir/_deps/pico_sdk-src/src/rp2_common/pico_stdio_usb/stdio_usb.c.obj
                0x10004784                stdio_usb_set_chars_available_callback
 .text.usb_irq  0x10004798       0x10 CMakeFiles/keyboard_signal_capture.dir/_deps/pico_sdk-src/src/rp2_common/pico_stdio_usb/stdio_usb.c.obj
 .text.timer_task
                0x100047a8       0x64 CMakeFiles/keyboard_signal_capture.dir/_deps/pico_sdk-src/src/rp2_common/pico_stdio_usb/stdio_usb.c.obj
 .text.stdio_usb_in_chars
                0x1000480c       0x8c CMakeFiles/keyboard_signal_capture.dir/_deps/pico_sdk-src/src/rp2_common/pico_stdio_usb/stdio_usb.c.obj
                0x1000480c                stdio_usb_in_chars
 .text.stdio_usb_out_flush
                0x10004898       0x4c CMakeFiles/keyboard_signal_capture.dir/_deps/pico_sdk-src/src/rp2_common/pico_stdio_usb/stdio_usb.c.obj
 .text.stdio_usb_out_chars
                0x100048e4      0x100 CMakeFiles/keyboard_signal_capture.dir/_deps/pico_sdk-src/src/rp2_common/pico_stdio_usb/stdio_usb.c.obj
 .text.low_priority_worker_irq
                0x100049e4       0xc8 CMakeFiles/keyboard_signal_capture.dir/_deps/pico_sdk-src/src/rp2_common/pico_stdio_usb/stdio_usb.c.obj
 .text.stdio_usb_init
                0x10004aac       0xe8 CMakeFiles/keyboard_signal_capture.dir/_deps/pico_sdk-src/src/rp2_common/pico_stdio_usb/stdio_usb.c.obj
                0x10004aac                stdio_usb_init
 .text.tud_descriptor_device_cb
                0x10004b94        0x8 CMakeFiles/keyboard_signal_capture.dir/_deps/pico_sdk-src/src/rp2_common/pico_stdio_usb/stdio_usb_descriptors.c.obj
                0x10004b94                tud_descriptor_device_cb
 .text.tud_descriptor_configuration_cb
                0x10004b9c        0x8 CMakeFiles/keyboard_signal_capture.dir/_deps/pico_sdk-src/src/rp2_common/pico_stdio_usb/stdio_usb_descriptors.c.obj
                0x10004b9c                tud_descriptor_configuration_cb
 .text.tud_descriptor_string_cb
                0x10004ba4       0x78 CMakeFiles/keyboard_signal_capture.dir/_deps/pico_sdk-src/src/rp2_common/pico_stdio_usb/stdio_usb_descriptors.c.obj
                0x10004ba4                tud_descriptor_string_cb
 .text.startup._retrieve_unique_id_on_boot
                0x10004c1c       0x10 CMakeFiles/keyboard_signal_capture.dir/_deps/pico_sdk-src/src/rp2_common/pico_unique_id/unique_id.c.obj
 .text.pico_get_unique_board_id_string
                0x10004c2c      0x1a8 CMakeFiles/keyboard_signal_capture.dir/_deps/pico_sdk-src/src/rp2_common/pico_unique_id/unique_id.c.obj
                0x10004c2c                pico_get_unique_board_id_string
 .text.flash_get_unique_id
                0x10004dd4       0x3c CMakeFiles/keyboard_signal_capture.dir/_deps/pico_sdk-src/src/rp2_common/hardware_flash/flash.c.obj
                0x10004dd4                flash_get_unique_id
 .text.dcd_init
                0x10004e10       0x90 CMakeFiles/keyboard_signal_capture.dir/_deps/pico_sdk-src/lib/tinyusb/src/portable/raspberrypi/rp2040/dcd_rp2040.c.obj
                0x10004e10                dcd_init
 .text.dcd_int_enable
                0x10004ea0        0xc CMakeFiles/keyboard_signal_capture.dir/_deps/pico_sdk-src/lib/tinyusb/src/portable/raspberrypi/rp2040/dcd_rp2040.c.obj
                0x10004ea0                dcd_int_enable
 .text.dcd_set_address
                0x10004eac       0x14 CMakeFiles/keyboard_signal_capture.dir/_deps/pico_sdk-src/lib/tinyusb/src/portable/raspberrypi/rp2040/dcd_rp2040.c.obj
                0x10004eac                dcd_set_address
 .text.dcd_sof_enable
                0x10004ec0       0x1c CMakeFiles/keyboard_signal_capture.dir/_deps/pico_sdk-src/lib/tinyusb/src/portable/raspberrypi/rp2040/dcd_rp2040.c.obj
                0x10004ec0                dcd_sof_enable
 .text.dcd_edpt0_status_complete
                0x10004edc       0x1c CMakeFiles/keyboard_signal_capture.dir/_deps/pico_sdk-src/lib/tinyusb/src/portable/raspberrypi/rp2040/dcd_rp2040.c.obj
                0x10004edc                dcd_edpt0_status_complete
 .text.dcd_edpt_open
                0x10004ef8      0x114 CMakeFiles/keyboard_signal_capture.dir/_deps/pico_sdk-src/lib/tinyusb/src/portable/raspberrypi/rp2040/dcd_rp2040.c.obj
                0x10004ef8                dcd_edpt_open
 .text.dcd_edpt_close_all
                0x1000500c        0x8 CMakeFiles/keyboard_signal_capture.dir/_deps/pico_sdk-src/lib/tinyusb/src/portable/raspberrypi/rp2040/dcd_rp2040.c.obj
                0x1000500c                dcd_edpt_close_all
 .text.dcd_edpt_xfer
                0x10005014       0x24 CMakeFiles/keyboard_signal_capture.dir/_deps/pico_sdk-src/lib/tinyusb/src/portable/raspberrypi/rp2040/dcd_rp2040.c.obj
                0x10005014                dcd_edpt_xfer
 .text.dcd_edpt_stall
                0x10005038       0x3c CMakeFiles/keyboard_signal_capture.dir/_deps/pico_sdk-src/lib/tinyusb/src/portable/raspberrypi/rp2040/dcd_rp2040.c.obj
                0x10005038                dcd_edpt_stall
 .text.dcd_edpt_clear_stall
                0x10005074       0x30 CMakeFiles/keyboard_signal_capture.dir/_deps/pico_sdk-src/lib/tinyusb/src/portable/raspberrypi/rp2040/dcd_rp2040.c.obj
                0x10005074                dcd_edpt_clear_stall
 .text.rp2040_usb_init
                0x100050a4       0x40 CMakeFiles/keyboard_signal_capture.dir/_deps/pico_sdk-src/lib/tinyusb/src/portable/raspberrypi/rp2040/rp2040_usb.c.obj
                0x100050a4                rp2040_usb_init
 .text.hw_endpoint_xfer_start
                0x100050e4       0x40 CMakeFiles/keyboard_signal_capture.dir/_deps/pico_sdk-src/lib/tinyusb/src/portable/raspberrypi/rp2040/rp2040_usb.c.obj
                0x100050e4                hw_endpoint_xfer_start
 .text.tud_event_hook_cb
                0x10005124        0x4 CMakeFiles/keyboard_signal_capture.dir/_deps/pico_sdk-src/lib/tinyusb/src/device/usbd.c.obj
                0x10005124                tud_event_hook_cb
 .text.tud_sof_cb
                0x10005128        0x4 CMakeFiles/keyboard_signal_capture.dir/_deps/pico_sdk-src/lib/tinyusb/src/device/usbd.c.obj
                0x10005128                tud_sof_cb
 .text.tud_descriptor_device_qualifier_cb
                0x1000512c        0x4 CMakeFiles/keyboard_signal_capture.dir/_deps/pico_sdk-src/lib/tinyusb/src/device/usbd.c.obj
                0x1000512c                tud_descriptor_device_qualifier_cb
 .text.tud_descriptor_other_speed_configuration_cb
                0x10005130        0x4 CMakeFiles/keyboard_signal_capture.dir/_deps/pico_sdk-src/lib/tinyusb/src/device/usbd.c.obj
                0x10005130                tud_descriptor_other_speed_configuration_cb
 .text.tud_mount_cb
                0x10005134        0x4 CMakeFiles/keyboard_signal_capture.dir/_deps/pico_sdk-src/lib/tinyusb/src/device/usbd.c.obj
                0x10005134                tud_mount_cb
 .text.tud_umount_cb
                0x10005138        0x4 CMakeFiles/keyboard_signal_capture.dir/_deps/pico_sdk-src/lib/tinyusb/src/device/usbd.c.obj
                0x10005138                tud_umount_cb
 .text.tud_suspend_cb
                0x1000513c        0x4 CMakeFiles/keyboard_signal_capture.dir/_deps/pico_sdk-src/lib/tinyusb/src/device/usbd.c.obj
                0x1000513c                tud_suspend_cb
 .text.tud_resume_cb
                0x10005140        0x4 CMakeFiles/keyboard_signal_capture.dir/_deps/pico_sdk-src/lib/tinyusb/src/device/usbd.c.obj
                0x10005140                tud_resume_cb
 .text.tud_mounted
                0x10005144       0x10 CMakeFiles/keyboard_signal_capture.dir/_deps/pico_sdk-src/lib/tinyusb/src/device/usbd.c.obj
                0x10005144                tud_mounted
 .text.tud_suspended
                0x10005154       0x10 CMakeFiles/keyboard_signal_capture.dir/_deps/pico_sdk-src/lib/tinyusb/src/device/usbd.c.obj
                0x10005154                tud_suspended
 .text.tud_rhport_init
                0x10005164       0xf4 CMakeFiles/keyboard_signal_capture.dir/_deps/pico_sdk-src/lib/tinyusb/src/device/usbd.c.obj
                0x10005164                tud_rhport_init
 .text.tud_task_ext
                0x10005258      0x800 CMakeFiles/keyboard_signal_capture.dir/_deps/pico_sdk-src/lib/tinyusb/src/device/usbd.c.obj
                0x10005258                tud_task_ext
 .text.usbd_open_edpt_pair
                0x10005a58       0x9c CMakeFiles/keyboard_signal_capture.dir/_deps/pico_sdk-src/lib/tinyusb/src/device/usbd.c.obj
                0x10005a58                usbd_open_edpt_pair
 .text.usbd_edpt_open
                0x10005af4       0x34 CMakeFiles/keyboard_signal_capture.dir/_deps/pico_sdk-src/lib/tinyusb/src/device/usbd.c.obj
                0x10005af4                usbd_edpt_open
 .text.usbd_edpt_claim
                0x10005b28       0x28 CMakeFiles/keyboard_signal_capture.dir/_deps/pico_sdk-src/lib/tinyusb/src/device/usbd.c.obj
                0x10005b28                usbd_edpt_claim
 .text.usbd_edpt_release
                0x10005b50       0x28 CMakeFiles/keyboard_signal_capture.dir/_deps/pico_sdk-src/lib/tinyusb/src/device/usbd.c.obj
                0x10005b50                usbd_edpt_release
 .text.usbd_edpt_xfer
                0x10005b78       0x4c CMakeFiles/keyboard_signal_capture.dir/_deps/pico_sdk-src/lib/tinyusb/src/device/usbd.c.obj
                0x10005b78                usbd_edpt_xfer
 .text.tud_control_status
                0x10005bc4       0x2c CMakeFiles/keyboard_signal_capture.dir/_deps/pico_sdk-src/lib/tinyusb/src/device/usbd_control.c.obj
                0x10005bc4                tud_control_status
 .text.tud_control_xfer
                0x10005bf0       0xa8 CMakeFiles/keyboard_signal_capture.dir/_deps/pico_sdk-src/lib/tinyusb/src/device/usbd_control.c.obj
                0x10005bf0                tud_control_xfer
 .text.usbd_control_reset
                0x10005c98       0x14 CMakeFiles/keyboard_signal_capture.dir/_deps/pico_sdk-src/lib/tinyusb/src/device/usbd_control.c.obj
                0x10005c98                usbd_control_reset
 .text.usbd_control_set_complete_callback
                0x10005cac        0xc CMakeFiles/keyboard_signal_capture.dir/_deps/pico_sdk-src/lib/tinyusb/src/device/usbd_control.c.obj
                0x10005cac                usbd_control_set_complete_callback
 .text.usbd_control_set_request
                0x10005cb8       0x1c CMakeFiles/keyboard_signal_capture.dir/_deps/pico_sdk-src/lib/tinyusb/src/device/usbd_control.c.obj
                0x10005cb8                usbd_control_set_request
 .text.usbd_control_xfer_cb
                0x10005cd4       0xec CMakeFiles/keyboard_signal_capture.dir/_deps/pico_sdk-src/lib/tinyusb/src/device/usbd_control.c.obj
                0x10005cd4                usbd_control_xfer_cb
 .text._prep_out_transaction.isra.0
                0x10005dc0       0x6c CMakeFiles/keyboard_signal_capture.dir/_deps/pico_sdk-src/lib/tinyusb/src/class/cdc/cdc_device.c.obj
 .text.tud_cdc_n_connected
                0x10005e2c       0x2c CMakeFiles/keyboard_signal_capture.dir/_deps/pico_sdk-src/lib/tinyusb/src/class/cdc/cdc_device.c.obj
                0x10005e2c                tud_cdc_n_connected
 .text.tud_cdc_n_available
                0x10005e58       0x14 CMakeFiles/keyboard_signal_capture.dir/_deps/pico_sdk-src/lib/tinyusb/src/class/cdc/cdc_device.c.obj
                0x10005e58                tud_cdc_n_available
 .text.tud_cdc_n_read
                0x10005e6c       0x88 CMakeFiles/keyboard_signal_capture.dir/_deps/pico_sdk-src/lib/tinyusb/src/class/cdc/cdc_device.c.obj
                0x10005e6c                tud_cdc_n_read
 .text.tud_cdc_n_write_flush
                0x10005ef4       0x74 CMakeFiles/keyboard_signal_capture.dir/_deps/pico_sdk-src/lib/tinyusb/src/class/cdc/cdc_device.c.obj
                0x10005ef4                tud_cdc_n_write_flush
 .text.tud_cdc_n_write
                0x10005f68       0x40 CMakeFiles/keyboard_signal_capture.dir/_deps/pico_sdk-src/lib/tinyusb/src/class/cdc/cdc_device.c.obj
                0x10005f68                tud_cdc_n_write
 .text.tud_cdc_n_write_available
                0x10005fa8       0x14 CMakeFiles/keyboard_signal_capture.dir/_deps/pico_sdk-src/lib/tinyusb/src/class/cdc/cdc_device.c.obj
                0x10005fa8                tud_cdc_n_write_available
 .text.cdcd_init
                0x10005fbc       0x70 CMakeFiles/keyboard_signal_capture.dir/_deps/pico_sdk-src/lib/tinyusb/src/class/cdc/cdc_device.c.obj
                0x10005fbc                cdcd_init
 .text.cdcd_deinit
                0x1000602c       0x30 CMakeFiles/keyboard_signal_capture.dir/_deps/pico_sdk-src/lib/tinyusb/src/class/cdc/cdc_device.c.obj
                0x1000602c                cdcd_deinit
 .text.cdcd_reset
                0x1000605c       0x4c CMakeFiles/keyboard_signal_capture.dir/_deps/pico_sdk-src/lib/tinyusb/src/class/cdc/cdc_device.c.obj
                0x1000605c                cdcd_reset
 .text.cdcd_open
                0x100060a8       0xa4 CMakeFiles/keyboard_signal_capture.dir/_deps/pico_sdk-src/lib/tinyusb/src/class/cdc/cdc_device.c.obj
                0x100060a8                cdcd_open
 .text.cdcd_control_xfer_cb
                0x1000614c       0xe8 CMakeFiles/keyboard_signal_capture.dir/_deps/pico_sdk-src/lib/tinyusb/src/class/cdc/cdc_device.c.obj
                0x1000614c                cdcd_control_xfer_cb
 .text.cdcd_xfer_cb
                0x10006234      0x100 CMakeFiles/keyboard_signal_capture.dir/_deps/pico_sdk-src/lib/tinyusb/src/class/cdc/cdc_device.c.obj
                0x10006234                cdcd_xfer_cb
 .text.vendord_init
                0x10006334       0x5c CMakeFiles/keyboard_signal_capture.dir/_deps/pico_sdk-src/lib/tinyusb/src/class/vendor/vendor_device.c.obj
                0x10006334                vendord_init
 .text.vendord_deinit
                0x10006390       0x1c CMakeFiles/keyboard_signal_capture.dir/_deps/pico_sdk-src/lib/tinyusb/src/class/vendor/vendor_device.c.obj
                0x10006390                vendord_deinit
 .text.vendord_reset
                0x100063ac       0x28 CMakeFiles/keyboard_signal_capture.dir/_deps/pico_sdk-src/lib/tinyusb/src/class/vendor/vendor_device.c.obj
                0x100063ac                vendord_reset
 .text.vendord_open
                0x100063d4      0x120 CMakeFiles/keyboard_signal_capture.dir/_deps/pico_sdk-src/lib/tinyusb/src/class/vendor/vendor_device.c.obj
                0x100063d4                vendord_open
 .text.vendord_xfer_cb
                0x100064f4       0x9c CMakeFiles/keyboard_signal_capture.dir/_deps/pico_sdk-src/lib/tinyusb/src/class/vendor/vendor_device.c.obj
                0x100064f4                vendord_xfer_cb
 .text.tusb_rhport_init
                0x10006590       0x4c CMakeFiles/keyboard_signal_capture.dir/_deps/pico_sdk-src/lib/tinyusb/src/tusb.c.obj
                0x10006590                tusb_rhport_init
 .text.tu_edpt_claim
                0x100065dc       0x50 CMakeFiles/keyboard_signal_capture.dir/_deps/pico_sdk-src/lib/tinyusb/src/tusb.c.obj
                0x100065dc                tu_edpt_claim
 .text.tu_edpt_release
                0x1000662c       0x38 CMakeFiles/keyboard_signal_capture.dir/_deps/pico_sdk-src/lib/tinyusb/src/tusb.c.obj
                0x1000662c                tu_edpt_release
 .text.tu_edpt_validate
                0x10006664       0x7c CMakeFiles/keyboard_signal_capture.dir/_deps/pico_sdk-src/lib/tinyusb/src/tusb.c.obj
                0x10006664                tu_edpt_validate
 .text.tu_edpt_bind_driver
                0x100066e0       0x34 CMakeFiles/keyboard_signal_capture.dir/_deps/pico_sdk-src/lib/tinyusb/src/tusb.c.obj
                0x100066e0                tu_edpt_bind_driver
 .text.tu_edpt_stream_init
                0x10006714       0x6c CMakeFiles/keyboard_signal_capture.dir/_deps/pico_sdk-src/lib/tinyusb/src/tusb.c.obj
                0x10006714                tu_edpt_stream_init
 .text.tu_edpt_stream_deinit
                0x10006780        0x4 CMakeFiles/keyboard_signal_capture.dir/_deps/pico_sdk-src/lib/tinyusb/src/tusb.c.obj
                0x10006780                tu_edpt_stream_deinit
 .text.tu_edpt_stream_write_zlp_if_needed
                0x10006784       0x68 CMakeFiles/keyboard_signal_capture.dir/_deps/pico_sdk-src/lib/tinyusb/src/tusb.c.obj
                0x10006784                tu_edpt_stream_write_zlp_if_needed
 .text.tu_edpt_stream_write_xfer
                0x100067ec       0x68 CMakeFiles/keyboard_signal_capture.dir/_deps/pico_sdk-src/lib/tinyusb/src/tusb.c.obj
                0x100067ec                tu_edpt_stream_write_xfer
 .text.tu_edpt_stream_read_xfer
                0x10006854       0xd8 CMakeFiles/keyboard_signal_capture.dir/_deps/pico_sdk-src/lib/tinyusb/src/tusb.c.obj
                0x10006854                tu_edpt_stream_read_xfer
 .text.tu_fifo_config
                0x1000692c       0x6c CMakeFiles/keyboard_signal_capture.dir/_deps/pico_sdk-src/lib/tinyusb/src/common/tusb_fifo.c.obj
                0x1000692c                tu_fifo_config
 .text.tu_fifo_count
                0x10006998       0x2c CMakeFiles/keyboard_signal_capture.dir/_deps/pico_sdk-src/lib/tinyusb/src/common/tusb_fifo.c.obj
                0x10006998                tu_fifo_count
 .text.tu_fifo_empty
                0x100069c4       0x10 CMakeFiles/keyboard_signal_capture.dir/_deps/pico_sdk-src/lib/tinyusb/src/common/tusb_fifo.c.obj
                0x100069c4                tu_fifo_empty
 .text.tu_fifo_remaining
                0x100069d4       0x2c CMakeFiles/keyboard_signal_capture.dir/_deps/pico_sdk-src/lib/tinyusb/src/common/tusb_fifo.c.obj
                0x100069d4                tu_fifo_remaining
 .text.tu_fifo_read
                0x10006a00       0x9c CMakeFiles/keyboard_signal_capture.dir/_deps/pico_sdk-src/lib/tinyusb/src/common/tusb_fifo.c.obj
                0x10006a00                tu_fifo_read
 .text.tu_fifo_read_n
                0x10006a9c       0xe8 CMakeFiles/keyboard_signal_capture.dir/_deps/pico_sdk-src/lib/tinyusb/src/common/tusb_fifo.c.obj
                0x10006a9c                tu_fifo_read_n
 .text.tu_fifo_write
                0x10006b84       0xa4 CMakeFiles/keyboard_signal_capture.dir/_deps/pico_sdk-src/lib/tinyusb/src/common/tusb_fifo.c.obj
                0x10006b84                tu_fifo_write
 .text.tu_fifo_write_n
                0x10006c28      0x168 CMakeFiles/keyboard_signal_capture.dir/_deps/pico_sdk-src/lib/tinyusb/src/common/tusb_fifo.c.obj
                0x10006c28                tu_fifo_write_n
 .text.tu_fifo_clear
                0x10006d90       0x40 CMakeFiles/keyboard_signal_capture.dir/_deps/pico_sdk-src/lib/tinyusb/src/common/tusb_fifo.c.obj
                0x10006d90                tu_fifo_clear
 .text.tu_fifo_set_overwritable
                0x10006dd0       0x48 CMakeFiles/keyboard_signal_capture.dir/_deps/pico_sdk-src/lib/tinyusb/src/common/tusb_fifo.c.obj
                0x10006dd0                tu_fifo_set_overwritable
 .text.strlen   0x10006e18       0x5c C:/PROGRA~2/ARMGNU~1/142BCE~1.3RE/bin/../lib/gcc/arm-none-eabi/14.3.1/../../../../arm-none-eabi/lib/thumb/v6-m/nofp\libg.a(libc_a-strlen-stub.o)
                0x10006e18                strlen
 *(.fini)
 .fini          0x10006e74        0x4 C:/PROGRA~2/ARMGNU~1/142BCE~1.3RE/bin/../lib/gcc/arm-none-eabi/14.3.1/thumb/v6-m/nofp/crti.o
                0x10006e74                _fini
 .fini.__stub   0x10006e78       0xc0 linker stubs
 *crtbegin.o(.ctors)
 *crtbegin?.o(.ctors)
 *(EXCLUDE_FILE(*crtend.o *crtend?.o) .ctors)
 *(SORT_BY_NAME(.ctors.*))
 *(.ctors)
 *crtbegin.o(.dtors)
 *crtbegin?.o(.dtors)
 *(EXCLUDE_FILE(*crtend.o *crtend?.o) .dtors)
 *(SORT_BY_NAME(.dtors.*))
 *(.dtors)
                0x10006f38                        . = ALIGN (0x4)
                0x10006f38                        PROVIDE (__preinit_array_start = .)
 *(SORT_BY_NAME(.preinit_array.*))
 .preinit_array.00100
                0x10006f38        0x4 CMakeFiles/keyboard_signal_capture.dir/_deps/pico_sdk-src/src/rp2_common/pico_runtime_init/runtime_init.c.obj
                0x10006f38                __pre_init_runtime_init_early_resets
 .preinit_array.00101
                0x10006f3c        0x4 CMakeFiles/keyboard_signal_capture.dir/_deps/pico_sdk-src/src/rp2_common/pico_runtime_init/runtime_init.c.obj
                0x10006f3c                __pre_init_runtime_init_usb_power_down
 .preinit_array.00275
                0x10006f40        0x4 CMakeFiles/keyboard_signal_capture.dir/_deps/pico_sdk-src/src/rp2_common/pico_bit_ops/bit_ops_aeabi.S.obj
 .preinit_array.00300
                0x10006f44        0x4 CMakeFiles/keyboard_signal_capture.dir/_deps/pico_sdk-src/src/rp2_common/pico_mem_ops/mem_ops_aeabi.S.obj
 .preinit_array.00350
                0x10006f48        0x4 CMakeFiles/keyboard_signal_capture.dir/_deps/pico_sdk-src/src/rp2_common/pico_double/double_aeabi_rp2040.S.obj
 .preinit_array.00350
                0x10006f4c        0x4 CMakeFiles/keyboard_signal_capture.dir/_deps/pico_sdk-src/src/rp2_common/pico_float/float_aeabi_rp2040.S.obj
 .preinit_array.00500
                0x10006f50        0x4 CMakeFiles/keyboard_signal_capture.dir/_deps/pico_sdk-src/src/rp2_common/pico_runtime_init/runtime_init.c.obj
                0x10006f50                __pre_init_runtime_init_clocks
 .preinit_array.00600
                0x10006f54        0x4 CMakeFiles/keyboard_signal_capture.dir/_deps/pico_sdk-src/src/rp2_common/pico_runtime_init/runtime_init.c.obj
                0x10006f54                __pre_init_runtime_init_post_clock_resets
 .preinit_array.00700
                0x10006f58        0x4 CMakeFiles/keyboard_signal_capture.dir/_deps/pico_sdk-src/src/rp2_common/pico_runtime_init/runtime_init.c.obj
                0x10006f58                __pre_init_runtime_init_rp2040_gpio_ie_disable
 .preinit_array.01000
                0x10006f5c        0x4 CMakeFiles/keyboard_signal_capture.dir/_deps/pico_sdk-src/src/rp2_common/pico_runtime_init/runtime_init.c.obj
                0x10006f5c                __pre_init_runtime_init_spin_locks_reset
 .preinit_array.01100
                0x10006f60        0x4 CMakeFiles/keyboard_signal_capture.dir/_deps/pico_sdk-src/src/common/pico_sync/mutex.c.obj
                0x10006f60                __pre_init_runtime_init_mutex
 .preinit_array.10080
                0x10006f64        0x4 CMakeFiles/keyboard_signal_capture.dir/_deps/pico_sdk-src/src/rp2_common/pico_runtime_init/runtime_init.c.obj
                0x10006f64                __pre_init_runtime_init_install_ram_vector_table
 .preinit_array.11000
                0x10006f68        0x4 CMakeFiles/keyboard_signal_capture.dir/_deps/pico_sdk-src/src/common/pico_time/time.c.obj
                0x10006f68                __pre_init_runtime_init_default_alarm_pool
 .preinit_array.YYYYY
                0x10006f6c        0x4 CMakeFiles/keyboard_signal_capture.dir/_deps/pico_sdk-src/src/rp2_common/pico_runtime/runtime.c.obj
                0x10006f6c                __pre_init_first_per_core_initializer
 .preinit_array.ZZZZZ.01200
                0x10006f70        0x4 CMakeFiles/keyboard_signal_capture.dir/_deps/pico_sdk-src/src/rp2_common/hardware_irq/irq.c.obj
                0x10006f70                __pre_init_runtime_init_per_core_irq_priorities
 *(.preinit_array)
                0x10006f74                        PROVIDE (__preinit_array_end = .)
                0x10006f74                        . = ALIGN (0x4)
                0x10006f74                        PROVIDE (__init_array_start = .)
 *(SORT_BY_NAME(.init_array.*))
 .init_array.01000
                0x10006f74        0x4 CMakeFiles/keyboard_signal_capture.dir/_deps/pico_sdk-src/src/rp2_common/pico_unique_id/unique_id.c.obj
 *(.init_array)
 .init_array    0x10006f78        0x4 C:/PROGRA~2/ARMGNU~1/142BCE~1.3RE/bin/../lib/gcc/arm-none-eabi/14.3.1/thumb/v6-m/nofp/crtbegin.o
                0x10006f7c                        PROVIDE (__init_array_end = .)
                0x10006f7c                        . = ALIGN (0x4)
                [!provide]                        PROVIDE (__fini_array_start = .)
 *(SORT_BY_NAME(.fini_array.*))
 *(.fini_array)
                [!provide]                        PROVIDE (__fini_array_end = .)
 *(.eh_frame*)
 .eh_frame      0x10006f7c        0x0 C:/PROGRA~2/ARMGNU~1/142BCE~1.3RE/bin/../lib/gcc/arm-none-eabi/14.3.1/thumb/v6-m/nofp/crtbegin.o
                0x10006f7c                        . = ALIGN (0x4)

.glue_7         0x10006f7c        0x0
 .glue_7        0x10006f7c        0x0 linker stubs

.glue_7t        0x10006f7c        0x0
 .glue_7t       0x10006f7c        0x0 linker stubs

.vfp11_veneer   0x10006f7c        0x0
 .vfp11_veneer  0x10006f7c        0x0 linker stubs

.v4_bx          0x10006f7c        0x0
 .v4_bx         0x10006f7c        0x0 linker stubs

.iplt           0x10006f7c        0x0
 .iplt          0x10006f7c        0x0 C:/PROGRA~2/ARMGNU~1/142BCE~1.3RE/bin/../lib/gcc/arm-none-eabi/14.3.1/thumb/v6-m/nofp/crtbegin.o

.rodata         0x10006f80      0x8ac
 *(EXCLUDE_FILE(*libm.a: *libc.a:*lib_a-mem*.o *libgcc.a:) .rodata*)
 .rodata.simple_gpio_capture.str1.4
                0x10006f80      0x408 CMakeFiles/keyboard_signal_capture.dir/KeyAnalyser.c.obj
                                 0x54 (size before relaxing)
 .rodata.print_captured_data.str1.4
                0x10007388       0xa7 CMakeFiles/keyboard_signal_capture.dir/KeyAnalyser.c.obj
 .rodata.analyze_keyboard_data.str1.4
                0x10007388       0x72 CMakeFiles/keyboard_signal_capture.dir/KeyAnalyser.c.obj
 .rodata.main.str1.4
                0x10007388      0x11a CMakeFiles/keyboard_signal_capture.dir/KeyAnalyser.c.obj
 .rodata.panic.str1.4
                0x10007388       0x12 CMakeFiles/keyboard_signal_capture.dir/_deps/pico_sdk-src/src/rp2_common/pico_platform_panic/panic.c.obj
 .rodata.spin_lock_claim_unused.str1.4
                0x10007388       0x1b CMakeFiles/keyboard_signal_capture.dir/_deps/pico_sdk-src/src/rp2_common/hardware_sync/sync.c.obj
 .rodata.user_irq_claim_unused.str1.4
                0x10007388       0x1b CMakeFiles/keyboard_signal_capture.dir/_deps/pico_sdk-src/src/rp2_common/hardware_irq/irq.c.obj
 .rodata.timer_hardware_alarm_claim.str1.4
                0x10007388       0x22 CMakeFiles/keyboard_signal_capture.dir/_deps/pico_sdk-src/src/rp2_common/hardware_timer/timer.c.obj
 .rodata.hard_assertion_failure.str1.4
                0x10007388        0xc CMakeFiles/keyboard_signal_capture.dir/_deps/pico_sdk-src/src/rp2_common/pico_runtime/runtime.c.obj
 .rodata.str1.4
                0x10007388       0x4c CMakeFiles/keyboard_signal_capture.dir/_deps/pico_sdk-src/src/rp2_common/pico_standard_binary_info/standard_binary_info.c.obj
 .rodata.__bi_84
                0x10007388        0xc CMakeFiles/keyboard_signal_capture.dir/_deps/pico_sdk-src/src/rp2_common/pico_standard_binary_info/standard_binary_info.c.obj
 .rodata.__bi_78
                0x10007394        0xc CMakeFiles/keyboard_signal_capture.dir/_deps/pico_sdk-src/src/rp2_common/pico_standard_binary_info/standard_binary_info.c.obj
 .rodata.__bi_54
                0x100073a0        0xc CMakeFiles/keyboard_signal_capture.dir/_deps/pico_sdk-src/src/rp2_common/pico_standard_binary_info/standard_binary_info.c.obj
 .rodata.__bi_48
                0x100073ac        0xc CMakeFiles/keyboard_signal_capture.dir/_deps/pico_sdk-src/src/rp2_common/pico_standard_binary_info/standard_binary_info.c.obj
 .rodata.__bi_42
                0x100073b8        0xc CMakeFiles/keyboard_signal_capture.dir/_deps/pico_sdk-src/src/rp2_common/pico_standard_binary_info/standard_binary_info.c.obj
 .rodata.__bi_34
                0x100073c4        0xc CMakeFiles/keyboard_signal_capture.dir/_deps/pico_sdk-src/src/rp2_common/pico_standard_binary_info/standard_binary_info.c.obj
 .rodata.__bi_26
                0x100073d0        0xc CMakeFiles/keyboard_signal_capture.dir/_deps/pico_sdk-src/src/rp2_common/pico_standard_binary_info/standard_binary_info.c.obj
 .rodata._ftoa.str1.4
                0x100073dc       0x15 CMakeFiles/keyboard_signal_capture.dir/_deps/pico_sdk-src/src/rp2_common/pico_printf/printf.c.obj
 .rodata._vsnprintf
                0x100073dc      0x19c CMakeFiles/keyboard_signal_capture.dir/_deps/pico_sdk-src/src/rp2_common/pico_printf/printf.c.obj
 .rodata.pow10.0
                0x10007578       0x50 CMakeFiles/keyboard_signal_capture.dir/_deps/pico_sdk-src/src/rp2_common/pico_printf/printf.c.obj
 .rodata.crlf_str.0
                0x100075c8        0x2 CMakeFiles/keyboard_signal_capture.dir/_deps/pico_sdk-src/src/rp2_common/pico_stdio/stdio.c.obj
 *fill*         0x100075ca        0x2 
 .rodata._resetd_driver
                0x100075cc       0x20 CMakeFiles/keyboard_signal_capture.dir/_deps/pico_sdk-src/src/rp2_common/pico_stdio_usb/reset_interface.c.obj
 .rodata.desc_ms_os_20
                0x100075ec       0xa6 CMakeFiles/keyboard_signal_capture.dir/_deps/pico_sdk-src/src/rp2_common/pico_stdio_usb/reset_interface.c.obj
 *fill*         0x10007692        0x2 
 .rodata.desc_bos
                0x10007694       0x21 CMakeFiles/keyboard_signal_capture.dir/_deps/pico_sdk-src/src/rp2_common/pico_stdio_usb/reset_interface.c.obj
                0x10007694                desc_bos
 .rodata.str1.4
                0x100076b5       0x13 CMakeFiles/keyboard_signal_capture.dir/_deps/pico_sdk-src/src/rp2_common/pico_stdio_usb/stdio_usb.c.obj
 *fill*         0x100076b5        0x3 
 .rodata.__bi_202.0
                0x100076b8        0xc CMakeFiles/keyboard_signal_capture.dir/_deps/pico_sdk-src/src/rp2_common/pico_stdio_usb/stdio_usb.c.obj
 .rodata.str1.4
                0x100076c4       0x2a CMakeFiles/keyboard_signal_capture.dir/_deps/pico_sdk-src/src/rp2_common/pico_stdio_usb/stdio_usb_descriptors.c.obj
 .rodata.usbd_desc_str
                0x100076c4       0x18 CMakeFiles/keyboard_signal_capture.dir/_deps/pico_sdk-src/src/rp2_common/pico_stdio_usb/stdio_usb_descriptors.c.obj
 .rodata.usbd_desc_cfg
                0x100076dc       0x54 CMakeFiles/keyboard_signal_capture.dir/_deps/pico_sdk-src/src/rp2_common/pico_stdio_usb/stdio_usb_descriptors.c.obj
 .rodata.usbd_desc_device
                0x10007730       0x12 CMakeFiles/keyboard_signal_capture.dir/_deps/pico_sdk-src/src/rp2_common/pico_stdio_usb/stdio_usb_descriptors.c.obj
 .rodata.str1.4
                0x10007742       0x14 CMakeFiles/keyboard_signal_capture.dir/_deps/pico_sdk-src/lib/tinyusb/src/portable/raspberrypi/rp2040/dcd_rp2040.c.obj
 .rodata.str1.4
                0x10007742       0x48 CMakeFiles/keyboard_signal_capture.dir/_deps/pico_sdk-src/lib/tinyusb/src/portable/raspberrypi/rp2040/rp2040_usb.c.obj
 *fill*         0x10007742        0x2 
 .rodata.tud_task_ext
                0x10007744       0x8c CMakeFiles/keyboard_signal_capture.dir/_deps/pico_sdk-src/lib/tinyusb/src/device/usbd.c.obj
 .rodata        0x100077d0       0x1c CMakeFiles/keyboard_signal_capture.dir/_deps/pico_sdk-src/lib/tinyusb/src/device/usbd.c.obj
 .rodata._usbd_driver
                0x100077ec       0x40 CMakeFiles/keyboard_signal_capture.dir/_deps/pico_sdk-src/lib/tinyusb/src/device/usbd.c.obj
                0x1000782c                        . = ALIGN (0x4)
 *(SORT_BY_ALIGNMENT(SORT_BY_NAME(.flashdata*)))
                0x1000782c                        . = ALIGN (0x4)

.ARM.extab
 *(.ARM.extab* .gnu.linkonce.armextab.*)
                0x1000782c                        __exidx_start = .

.ARM.exidx
 *(.ARM.exidx* .gnu.linkonce.armexidx.*)
                0x1000782c                        __exidx_end = .
                0x1000782c                        . = ALIGN (0x4)
                0x1000782c                        __binary_info_start = .

.binary_info    0x1000782c       0x20
 *(.binary_info.keep.*)
 .binary_info.keep.__bi_ptr84
                0x1000782c        0x4 CMakeFiles/keyboard_signal_capture.dir/_deps/pico_sdk-src/src/rp2_common/pico_standard_binary_info/standard_binary_info.c.obj
 .binary_info.keep.__bi_ptr78
                0x10007830        0x4 CMakeFiles/keyboard_signal_capture.dir/_deps/pico_sdk-src/src/rp2_common/pico_standard_binary_info/standard_binary_info.c.obj
 .binary_info.keep.__bi_ptr54
                0x10007834        0x4 CMakeFiles/keyboard_signal_capture.dir/_deps/pico_sdk-src/src/rp2_common/pico_standard_binary_info/standard_binary_info.c.obj
 .binary_info.keep.__bi_ptr48
                0x10007838        0x4 CMakeFiles/keyboard_signal_capture.dir/_deps/pico_sdk-src/src/rp2_common/pico_standard_binary_info/standard_binary_info.c.obj
 .binary_info.keep.__bi_ptr42
                0x1000783c        0x4 CMakeFiles/keyboard_signal_capture.dir/_deps/pico_sdk-src/src/rp2_common/pico_standard_binary_info/standard_binary_info.c.obj
 .binary_info.keep.__bi_ptr34
                0x10007840        0x4 CMakeFiles/keyboard_signal_capture.dir/_deps/pico_sdk-src/src/rp2_common/pico_standard_binary_info/standard_binary_info.c.obj
 .binary_info.keep.__bi_ptr26
                0x10007844        0x4 CMakeFiles/keyboard_signal_capture.dir/_deps/pico_sdk-src/src/rp2_common/pico_standard_binary_info/standard_binary_info.c.obj
 *(.binary_info.*)
 .binary_info.__bi_ptr202
                0x10007848        0x4 CMakeFiles/keyboard_signal_capture.dir/_deps/pico_sdk-src/src/rp2_common/pico_stdio_usb/stdio_usb.c.obj
                0x1000784c                        __binary_info_end = .
                0x1000784c                        . = ALIGN (0x4)

.ram_vector_table
                0x20000000       0xc0
 *(.ram_vector_table)
 .ram_vector_table
                0x20000000       0xc0 CMakeFiles/keyboard_signal_capture.dir/_deps/pico_sdk-src/src/rp2_common/pico_runtime_init/runtime_init.c.obj
                0x20000000                ram_vector_table

.uninitialized_data
                0x200000c0        0x0
                0x200000c0                        . = ALIGN (0x4)
 *(.uninitialized_data*)

.data           0x200000c0      0xff0 load address 0x1000784c
                0x200000c0                        __data_start__ = .
 *(vtable)
 *(.time_critical*)
 .time_critical.mutex_try_enter
                0x200000c0       0x40 CMakeFiles/keyboard_signal_capture.dir/_deps/pico_sdk-src/src/common/pico_sync/mutex.c.obj
                0x200000c0                mutex_try_enter
 .time_critical.mutex_try_enter_block_until
                0x20000100       0x98 CMakeFiles/keyboard_signal_capture.dir/_deps/pico_sdk-src/src/common/pico_sync/mutex.c.obj
                0x20000100                mutex_try_enter_block_until
 .time_critical.mutex_enter_timeout_ms
                0x20000198       0x8c CMakeFiles/keyboard_signal_capture.dir/_deps/pico_sdk-src/src/common/pico_sync/mutex.c.obj
                0x20000198                mutex_enter_timeout_ms
 .time_critical.mutex_exit
                0x20000224       0x28 CMakeFiles/keyboard_signal_capture.dir/_deps/pico_sdk-src/src/common/pico_sync/mutex.c.obj
                0x20000224                mutex_exit
 .time_critical.flash_init_boot2_copyout
                0x2000024c       0x30 CMakeFiles/keyboard_signal_capture.dir/_deps/pico_sdk-src/src/rp2_common/hardware_flash/flash.c.obj
 .time_critical.flash_enable_xip_via_boot2
                0x2000027c        0xc CMakeFiles/keyboard_signal_capture.dir/_deps/pico_sdk-src/src/rp2_common/hardware_flash/flash.c.obj
 .time_critical.flash_save_hardware_state
                0x20000288       0x20 CMakeFiles/keyboard_signal_capture.dir/_deps/pico_sdk-src/src/rp2_common/hardware_flash/flash.c.obj
 .time_critical.flash_restore_hardware_state
                0x200002a8       0x20 CMakeFiles/keyboard_signal_capture.dir/_deps/pico_sdk-src/src/rp2_common/hardware_flash/flash.c.obj
 .time_critical.flash_cs_force
                0x200002c8       0x38 CMakeFiles/keyboard_signal_capture.dir/_deps/pico_sdk-src/src/rp2_common/hardware_flash/flash.c.obj
 .time_critical.flash_do_cmd
                0x20000300      0x13c CMakeFiles/keyboard_signal_capture.dir/_deps/pico_sdk-src/src/rp2_common/hardware_flash/flash.c.obj
                0x20000300                flash_do_cmd
 .time_critical.reset_non_control_endpoints
                0x2000043c       0x68 CMakeFiles/keyboard_signal_capture.dir/_deps/pico_sdk-src/lib/tinyusb/src/portable/raspberrypi/rp2040/dcd_rp2040.c.obj
 .time_critical.hw_handle_buff_status
                0x200004a4       0xa0 CMakeFiles/keyboard_signal_capture.dir/_deps/pico_sdk-src/lib/tinyusb/src/portable/raspberrypi/rp2040/dcd_rp2040.c.obj
 .time_critical.dcd_rp2040_irq
                0x20000544      0x548 CMakeFiles/keyboard_signal_capture.dir/_deps/pico_sdk-src/lib/tinyusb/src/portable/raspberrypi/rp2040/dcd_rp2040.c.obj
 .time_critical.prepare_ep_buffer
                0x20000a8c       0xc8 CMakeFiles/keyboard_signal_capture.dir/_deps/pico_sdk-src/lib/tinyusb/src/portable/raspberrypi/rp2040/rp2040_usb.c.obj
 .time_critical.sync_ep_buffer
                0x20000b54       0x9c CMakeFiles/keyboard_signal_capture.dir/_deps/pico_sdk-src/lib/tinyusb/src/portable/raspberrypi/rp2040/rp2040_usb.c.obj
 .time_critical._hw_endpoint_xfer_sync
                0x20000bf0       0x28 CMakeFiles/keyboard_signal_capture.dir/_deps/pico_sdk-src/lib/tinyusb/src/portable/raspberrypi/rp2040/rp2040_usb.c.obj
 .time_critical.e15_is_bulkin_ep
                0x20000c18       0x28 CMakeFiles/keyboard_signal_capture.dir/_deps/pico_sdk-src/lib/tinyusb/src/portable/raspberrypi/rp2040/rp2040_usb.c.obj
 .time_critical.e15_is_critical_frame_period
                0x20000c40       0x34 CMakeFiles/keyboard_signal_capture.dir/_deps/pico_sdk-src/lib/tinyusb/src/portable/raspberrypi/rp2040/rp2040_usb.c.obj
 .time_critical.hw_endpoint_reset_transfer
                0x20000c74        0xc CMakeFiles/keyboard_signal_capture.dir/_deps/pico_sdk-src/lib/tinyusb/src/portable/raspberrypi/rp2040/rp2040_usb.c.obj
                0x20000c74                hw_endpoint_reset_transfer
 .time_critical._hw_endpoint_buffer_control_update32
                0x20000c80       0x50 CMakeFiles/keyboard_signal_capture.dir/_deps/pico_sdk-src/lib/tinyusb/src/portable/raspberrypi/rp2040/rp2040_usb.c.obj
                0x20000c80                _hw_endpoint_buffer_control_update32
 .time_critical.hw_endpoint_start_next_buffer
                0x20000cd0       0x68 CMakeFiles/keyboard_signal_capture.dir/_deps/pico_sdk-src/lib/tinyusb/src/portable/raspberrypi/rp2040/rp2040_usb.c.obj
                0x20000cd0                hw_endpoint_start_next_buffer
 .time_critical.hw_endpoint_xfer_continue
                0x20000d38       0x40 CMakeFiles/keyboard_signal_capture.dir/_deps/pico_sdk-src/lib/tinyusb/src/portable/raspberrypi/rp2040/rp2040_usb.c.obj
                0x20000d38                hw_endpoint_xfer_continue
 .time_critical.tinyusb
                0x20000d78      0x1e4 CMakeFiles/keyboard_signal_capture.dir/_deps/pico_sdk-src/lib/tinyusb/src/device/usbd.c.obj
                0x20000d78                dcd_event_handler
 *(.text*)
 .text          0x20000f5c        0x4 C:/PROGRA~2/ARMGNU~1/142BCE~1.3RE/bin/../lib/gcc/arm-none-eabi/14.3.1/thumb/v6-m/nofp\libgcc.a(_dvmd_tls.o)
                0x20000f5c                __aeabi_idiv0
                0x20000f5c                __aeabi_ldiv0
 .text.__stub   0x20000f60       0x80 linker stubs
                0x20000fe0                        . = ALIGN (0x4)
 *(.rodata*)
                0x20000fe0                        . = ALIGN (0x4)
 *(.data*)
 .data.striped_spin_lock_num
                0x20000fe0        0x1 CMakeFiles/keyboard_signal_capture.dir/_deps/pico_sdk-src/src/rp2_common/hardware_sync/sync.c.obj
 *fill*         0x20000fe1        0x3 
 .data          0x20000fe4       0x48 CMakeFiles/keyboard_signal_capture.dir/_deps/pico_sdk-src/src/rp2_common/hardware_irq/irq_handler_chain.S.obj
                0x20000fe4                irq_handler_chain_slots
                0x20001014                irq_handler_chain_first_slot
                0x2000101e                irq_handler_chain_remove_tail
 .data.default_alarm_pool
                0x2000102c       0x18 CMakeFiles/keyboard_signal_capture.dir/_deps/pico_sdk-src/src/common/pico_time/time.c.obj
 *fill*         0x20001044        0xc 
 .data.aeabi_bits_funcs
                0x20001050       0x10 CMakeFiles/keyboard_signal_capture.dir/_deps/pico_sdk-src/src/rp2_common/pico_bit_ops/bit_ops_aeabi.S.obj
                0x20001050                aeabi_bits_funcs
                0x20001060                aeabi_bits_funcs_end
 .data.aeabi_mem_funcs
                0x20001060       0x10 CMakeFiles/keyboard_signal_capture.dir/_deps/pico_sdk-src/src/rp2_common/pico_mem_ops/mem_ops_aeabi.S.obj
                0x20001060                aeabi_mem_funcs
                0x20001070                aeabi_mem_funcs_end
 .data.stdio_usb
                0x20001070       0x18 CMakeFiles/keyboard_signal_capture.dir/_deps/pico_sdk-src/src/rp2_common/pico_stdio_usb/stdio_usb.c.obj
                0x20001070                stdio_usb
 .data._usbd_qdef
                0x20001088       0x1c CMakeFiles/keyboard_signal_capture.dir/_deps/pico_sdk-src/lib/tinyusb/src/device/usbd.c.obj
                0x20001088                _usbd_qdef
 .data._usbd_rhport
                0x200010a4        0x1 CMakeFiles/keyboard_signal_capture.dir/_deps/pico_sdk-src/lib/tinyusb/src/device/usbd.c.obj
                0x200010a8                        . = ALIGN (0x4)
 *fill*         0x200010a5        0x3 
 *(.after_data.*)
                0x200010a8                        . = ALIGN (0x4)
                0x200010a8                        PROVIDE (__mutex_array_start = .)
 *(SORT_BY_NAME(.mutex_array.*))
 *(.mutex_array)
 .mutex_array   0x200010a8        0x8 CMakeFiles/keyboard_signal_capture.dir/_deps/pico_sdk-src/src/rp2_common/pico_stdio/stdio.c.obj
                0x200010b0                        PROVIDE (__mutex_array_end = .)
                0x200010b0                        . = ALIGN (0x4)
 *(.jcr)
                0x200010b0                        . = ALIGN (0x4)

.tm_clone_table
                0x200010b0        0x0 load address 0x1000883c
 .tm_clone_table
                0x200010b0        0x0 C:/PROGRA~2/ARMGNU~1/142BCE~1.3RE/bin/../lib/gcc/arm-none-eabi/14.3.1/thumb/v6-m/nofp/crtbegin.o
 .tm_clone_table
                0x200010b0        0x0 C:/PROGRA~2/ARMGNU~1/142BCE~1.3RE/bin/../lib/gcc/arm-none-eabi/14.3.1/thumb/v6-m/nofp/crtend.o

.igot.plt       0x200010b0        0x0 load address 0x1000883c
 .igot.plt      0x200010b0        0x0 C:/PROGRA~2/ARMGNU~1/142BCE~1.3RE/bin/../lib/gcc/arm-none-eabi/14.3.1/thumb/v6-m/nofp/crtbegin.o

.tdata          0x200010b0        0x0 load address 0x1000883c
                0x200010b0                        . = ALIGN (0x4)
 *(.tdata .tdata.* .gnu.linkonce.td.*)
                0x200010b0                        __tdata_end = .
                0x200010b0                        PROVIDE (__data_end__ = .)
                0x1000784c                        __etext = LOADADDR (.data)

.tbss           0x200010b0        0x0 load address 0x1000883c
                0x200010b0                        . = ALIGN (0x4)
                0x200010b0                        __bss_start__ = .
                0x200010b0                        __tls_base = .
 *(.tbss .tbss.* .gnu.linkonce.tb.*)
 *(.tcommon)
                0x200010b0                        __tls_end = .

.bss            0x200010b0     0x2e48 load address 0x1000883c
                0x200010b0                        . = ALIGN (0x4)
                0x200010b0                        __tbss_end = .
 *(SORT_BY_ALIGNMENT(SORT_BY_NAME(.bss*)))
 .bss.default_alarm_pool_entries
                0x200010b0      0x180 CMakeFiles/keyboard_signal_capture.dir/_deps/pico_sdk-src/src/common/pico_time/time.c.obj
 .bss.last_avail_time.1
                0x20001230        0x8 CMakeFiles/keyboard_signal_capture.dir/_deps/pico_sdk-src/src/rp2_common/pico_stdio_usb/stdio_usb.c.obj
 .bss.sd_table  0x20001238      0x100 CMakeFiles/keyboard_signal_capture.dir/_deps/pico_sdk-src/src/rp2_common/pico_double/double_init_rom_rp2040.c.obj
                0x20001238                sd_table
 .bss.sf_table  0x20001338      0x100 CMakeFiles/keyboard_signal_capture.dir/_deps/pico_sdk-src/src/rp2_common/pico_float/float_init_rom_rp2040.c.obj
                0x20001338                sf_table
 .bss.start_time
                0x20001438        0x8 CMakeFiles/keyboard_signal_capture.dir/KeyAnalyser.c.obj
 .bss._app_driver
                0x20001440        0x4 CMakeFiles/keyboard_signal_capture.dir/_deps/pico_sdk-src/lib/tinyusb/src/device/usbd.c.obj
 .bss._cdcd_epbuf
                0x20001444       0x80 CMakeFiles/keyboard_signal_capture.dir/_deps/pico_sdk-src/lib/tinyusb/src/class/cdc/cdc_device.c.obj
 .bss._cdcd_fifo_cfg
                0x200014c4        0x1 CMakeFiles/keyboard_signal_capture.dir/_deps/pico_sdk-src/lib/tinyusb/src/class/cdc/cdc_device.c.obj
 *fill*         0x200014c5        0x3 
 .bss._cdcd_itf
                0x200014c8       0xc8 CMakeFiles/keyboard_signal_capture.dir/_deps/pico_sdk-src/lib/tinyusb/src/class/cdc/cdc_device.c.obj
 .bss._ctrl_epbuf
                0x20001590       0x40 CMakeFiles/keyboard_signal_capture.dir/_deps/pico_sdk-src/lib/tinyusb/src/device/usbd_control.c.obj
 .bss._ctrl_xfer
                0x200015d0       0x14 CMakeFiles/keyboard_signal_capture.dir/_deps/pico_sdk-src/lib/tinyusb/src/device/usbd_control.c.obj
 .bss._tusb_rhport_role
                0x200015e4        0x2 CMakeFiles/keyboard_signal_capture.dir/_deps/pico_sdk-src/lib/tinyusb/src/tusb.c.obj
                0x200015e4                _tusb_rhport_role
 *fill*         0x200015e6        0x2 
 .bss._ubsd_mutexdef
                0x200015e8        0x8 CMakeFiles/keyboard_signal_capture.dir/_deps/pico_sdk-src/lib/tinyusb/src/device/usbd.c.obj
 .bss._usbd_dev
                0x200015f0       0x54 CMakeFiles/keyboard_signal_capture.dir/_deps/pico_sdk-src/lib/tinyusb/src/device/usbd.c.obj
 .bss._usbd_mutex
                0x20001644        0x4 CMakeFiles/keyboard_signal_capture.dir/_deps/pico_sdk-src/lib/tinyusb/src/device/usbd.c.obj
 .bss._usbd_q   0x20001648        0x4 CMakeFiles/keyboard_signal_capture.dir/_deps/pico_sdk-src/lib/tinyusb/src/device/usbd.c.obj
 .bss._usbd_qdef_buf
                0x2000164c       0xc0 CMakeFiles/keyboard_signal_capture.dir/_deps/pico_sdk-src/lib/tinyusb/src/device/usbd.c.obj
                0x2000164c                _usbd_qdef_buf
 .bss._vendord_epbuf
                0x2000170c       0x80 CMakeFiles/keyboard_signal_capture.dir/_deps/pico_sdk-src/lib/tinyusb/src/class/vendor/vendor_device.c.obj
 .bss._vendord_itf
                0x2000178c      0x24c CMakeFiles/keyboard_signal_capture.dir/_deps/pico_sdk-src/lib/tinyusb/src/class/vendor/vendor_device.c.obj
 .bss.boot2_copyout
                0x200019d8      0x100 CMakeFiles/keyboard_signal_capture.dir/_deps/pico_sdk-src/src/rp2_common/hardware_flash/flash.c.obj
 .bss.chars_available_callback
                0x20001ad8        0x4 CMakeFiles/keyboard_signal_capture.dir/_deps/pico_sdk-src/src/rp2_common/pico_stdio_usb/stdio_usb.c.obj
 .bss.chars_available_param
                0x20001adc        0x4 CMakeFiles/keyboard_signal_capture.dir/_deps/pico_sdk-src/src/rp2_common/pico_stdio_usb/stdio_usb.c.obj
 .bss.claimed   0x20001ae0        0x4 CMakeFiles/keyboard_signal_capture.dir/_deps/pico_sdk-src/src/rp2_common/hardware_sync/sync.c.obj
 .bss.claimed   0x20001ae4        0x1 CMakeFiles/keyboard_signal_capture.dir/_deps/pico_sdk-src/src/rp2_common/hardware_timer/timer.c.obj
 *fill*         0x20001ae5        0x3 
 .bss.configured_freq
                0x20001ae8       0x28 CMakeFiles/keyboard_signal_capture.dir/_deps/pico_sdk-src/src/rp2_common/hardware_clocks/clocks.c.obj
 .bss.desc_str.0
                0x20001b10       0x28 CMakeFiles/keyboard_signal_capture.dir/_deps/pico_sdk-src/src/rp2_common/pico_stdio_usb/stdio_usb_descriptors.c.obj
 .bss.drivers   0x20001b38        0x4 CMakeFiles/keyboard_signal_capture.dir/_deps/pico_sdk-src/src/rp2_common/pico_stdio/stdio.c.obj
 .bss.e15_last_sof
                0x20001b3c        0x4 CMakeFiles/keyboard_signal_capture.dir/_deps/pico_sdk-src/lib/tinyusb/src/portable/raspberrypi/rp2040/rp2040_usb.c.obj
                0x20001b3c                e15_last_sof
 .bss.event_count
                0x20001b40        0x4 CMakeFiles/keyboard_signal_capture.dir/KeyAnalyser.c.obj
 .bss.events    0x20001b44     0x1f40 CMakeFiles/keyboard_signal_capture.dir/KeyAnalyser.c.obj
 .bss.filter    0x20003a84        0x4 CMakeFiles/keyboard_signal_capture.dir/_deps/pico_sdk-src/src/rp2_common/pico_stdio/stdio.c.obj
 .bss.hw_endpoints
                0x20003a88      0x400 CMakeFiles/keyboard_signal_capture.dir/_deps/pico_sdk-src/lib/tinyusb/src/portable/raspberrypi/rp2040/dcd_rp2040.c.obj
 .bss.lazy_vsnprintf
                0x20003e88        0x4 CMakeFiles/keyboard_signal_capture.dir/_deps/pico_sdk-src/src/rp2_common/pico_printf/printf.c.obj
 .bss.load_value
                0x20003e8c        0x4 CMakeFiles/keyboard_signal_capture.dir/_deps/pico_sdk-src/src/rp2_common/hardware_watchdog/watchdog.c.obj
 .bss.next_buffer_ptr
                0x20003e90        0x4 CMakeFiles/keyboard_signal_capture.dir/_deps/pico_sdk-src/lib/tinyusb/src/portable/raspberrypi/rp2040/dcd_rp2040.c.obj
 .bss.object.0  0x20003e94       0x18 C:/PROGRA~2/ARMGNU~1/142BCE~1.3RE/bin/../lib/gcc/arm-none-eabi/14.3.1/thumb/v6-m/nofp/crtbegin.o
 .bss.one_shot_timer_crit_sec
                0x20003eac        0x8 CMakeFiles/keyboard_signal_capture.dir/_deps/pico_sdk-src/src/rp2_common/pico_stdio_usb/stdio_usb.c.obj
 .bss.pools     0x20003eb4       0x10 CMakeFiles/keyboard_signal_capture.dir/_deps/pico_sdk-src/src/common/pico_time/time.c.obj
 .bss.retrieved_id
                0x20003ec4        0x8 CMakeFiles/keyboard_signal_capture.dir/_deps/pico_sdk-src/src/rp2_common/pico_unique_id/unique_id.c.obj
 .bss.sf_clz_func
                0x20003ecc        0x4 CMakeFiles/keyboard_signal_capture.dir/_deps/pico_sdk-src/src/rp2_common/pico_double/double_init_rom_rp2040.c.obj
                0x20003ecc                sf_clz_func
 .bss.sleep_notifier
                0x20003ed0        0x4 CMakeFiles/keyboard_signal_capture.dir/_deps/pico_sdk-src/src/common/pico_time/time.c.obj
 .bss.stdio_usb_mutex
                0x20003ed4        0x8 CMakeFiles/keyboard_signal_capture.dir/_deps/pico_sdk-src/src/rp2_common/pico_stdio_usb/stdio_usb.c.obj
 .bss.usbd_serial_str
                0x20003edc       0x11 CMakeFiles/keyboard_signal_capture.dir/_deps/pico_sdk-src/src/rp2_common/pico_stdio_usb/stdio_usb_descriptors.c.obj
 .bss._app_driver_count
                0x20003eed        0x1 CMakeFiles/keyboard_signal_capture.dir/_deps/pico_sdk-src/lib/tinyusb/src/device/usbd.c.obj
 .bss._sof_enable
                0x20003eee        0x1 CMakeFiles/keyboard_signal_capture.dir/_deps/pico_sdk-src/lib/tinyusb/src/portable/raspberrypi/rp2040/dcd_rp2040.c.obj
 .bss._usbd_queued_setup
                0x20003eef        0x1 CMakeFiles/keyboard_signal_capture.dir/_deps/pico_sdk-src/lib/tinyusb/src/device/usbd.c.obj
 .bss.boot2_copyout_valid
                0x20003ef0        0x1 CMakeFiles/keyboard_signal_capture.dir/_deps/pico_sdk-src/src/rp2_common/hardware_flash/flash.c.obj
 .bss.irq_handler_chain_free_slot_head
                0x20003ef1        0x1 CMakeFiles/keyboard_signal_capture.dir/_deps/pico_sdk-src/src/rp2_common/hardware_irq/irq.c.obj
 .bss.itf_num   0x20003ef2        0x1 CMakeFiles/keyboard_signal_capture.dir/_deps/pico_sdk-src/src/rp2_common/pico_stdio_usb/reset_interface.c.obj
 .bss.low_priority_irq_num
                0x20003ef3        0x1 CMakeFiles/keyboard_signal_capture.dir/_deps/pico_sdk-src/src/rp2_common/pico_stdio_usb/stdio_usb.c.obj
 .bss.one_shot_timer_pending
                0x20003ef4        0x1 CMakeFiles/keyboard_signal_capture.dir/_deps/pico_sdk-src/src/rp2_common/pico_stdio_usb/stdio_usb.c.obj
 .bss.user_irq_claimed
                0x20003ef5        0x1 CMakeFiles/keyboard_signal_capture.dir/_deps/pico_sdk-src/src/rp2_common/hardware_irq/irq.c.obj
 *(COMMON)
                0x20003ef8                        . = ALIGN (0x4)
 *fill*         0x20003ef6        0x2 
                0x20003ef8                        __bss_end__ = .

.heap           0x20003ef8      0x800 load address 0x1000883c
                0x20003ef8                        __end__ = .
                0x20003ef8                        end = __end__
 *(.heap*)
 .heap          0x20003ef8      0x800 CMakeFiles/keyboard_signal_capture.dir/_deps/pico_sdk-src/src/rp2_common/pico_crt0/crt0.S.obj
                0x20040000                        __HeapLimit = (ORIGIN (RAM) + LENGTH (RAM))

.scratch_x      0x20040000        0x0 load address 0x1000883c
                0x20040000                        __scratch_x_start__ = .
 *(.scratch_x.*)
                0x20040000                        . = ALIGN (0x4)
                0x20040000                        __scratch_x_end__ = .
                0x1000883c                        __scratch_x_source__ = LOADADDR (.scratch_x)

.scratch_y      0x20041000        0x0 load address 0x1000883c
                0x20041000                        __scratch_y_start__ = .
 *(.scratch_y.*)
                0x20041000                        . = ALIGN (0x4)
                0x20041000                        __scratch_y_end__ = .
                0x1000883c                        __scratch_y_source__ = LOADADDR (.scratch_y)

.stack1_dummy
 *(.stack1*)

.stack_dummy    0x20041000      0x800
 *(.stack*)
 .stack         0x20041000      0x800 CMakeFiles/keyboard_signal_capture.dir/_deps/pico_sdk-src/src/rp2_common/pico_crt0/crt0.S.obj

.rel.dyn        0x20041800        0x0
 .rel.iplt      0x20041800        0x0 C:/PROGRA~2/ARMGNU~1/142BCE~1.3RE/bin/../lib/gcc/arm-none-eabi/14.3.1/thumb/v6-m/nofp/crtbegin.o

.flash_end      0x1000883c        0x0
 *(.embedded_end_block*)
                0x1000883c                        PROVIDE (__flash_binary_end = .)
                0x20040000                        __StackLimit = (ORIGIN (RAM) + LENGTH (RAM))
                0x20041000                        __StackOneTop = (ORIGIN (SCRATCH_X) + LENGTH (SCRATCH_X))
                0x20042000                        __StackTop = (ORIGIN (SCRATCH_Y) + LENGTH (SCRATCH_Y))
                0x20041000                        __StackOneBottom = (__StackOneTop - SIZEOF (.stack1_dummy))
                0x20041800                        __StackBottom = (__StackTop - SIZEOF (.stack_dummy))
                0x20042000                        PROVIDE (__stack = __StackTop)
                [!provide]                        PROVIDE (__heap_start = __end__)
                [!provide]                        PROVIDE (__heap_end = __HeapLimit)
                [!provide]                        PROVIDE (__tls_align = MAX (ALIGNOF (.tdata), ALIGNOF (.tbss)))
                [!provide]                        PROVIDE (__tls_size_align = (((__tls_size + __tls_align) - 0x1) & ~ ((__tls_align - 0x1))))
                [!provide]                        PROVIDE (__arm32_tls_tcb_offset = MAX (0x8, __tls_align))
                [!provide]                        PROVIDE (_end = __end__)
                [!provide]                        PROVIDE (__llvm_libc_heap_limit = __HeapLimit)
                0x00000001                        ASSERT ((__StackLimit >= __HeapLimit), region RAM overflowed)
                0x00000001                        ASSERT (((__binary_info_header_end - __logical_binary_start) <= 0x100), Binary info must be in first 256 bytes of the binary)
LOAD CMakeFiles/keyboard_signal_capture.dir/KeyAnalyser.c.obj
LOAD CMakeFiles/keyboard_signal_capture.dir/_deps/pico_sdk-src/src/rp2_common/pico_stdlib/stdlib.c.obj
LOAD CMakeFiles/keyboard_signal_capture.dir/_deps/pico_sdk-src/src/rp2_common/hardware_gpio/gpio.c.obj
LOAD CMakeFiles/keyboard_signal_capture.dir/_deps/pico_sdk-src/src/rp2040/pico_platform/platform.c.obj
LOAD CMakeFiles/keyboard_signal_capture.dir/_deps/pico_sdk-src/src/rp2_common/pico_platform_common/common.c.obj
LOAD CMakeFiles/keyboard_signal_capture.dir/_deps/pico_sdk-src/src/rp2_common/pico_platform_panic/panic.c.obj
LOAD CMakeFiles/keyboard_signal_capture.dir/_deps/pico_sdk-src/src/common/hardware_claim/claim.c.obj
LOAD CMakeFiles/keyboard_signal_capture.dir/_deps/pico_sdk-src/src/rp2_common/hardware_sync/sync.c.obj
LOAD CMakeFiles/keyboard_signal_capture.dir/_deps/pico_sdk-src/src/rp2_common/hardware_sync_spin_lock/sync_spin_lock.c.obj
LOAD CMakeFiles/keyboard_signal_capture.dir/_deps/pico_sdk-src/src/rp2_common/hardware_irq/irq.c.obj
LOAD CMakeFiles/keyboard_signal_capture.dir/_deps/pico_sdk-src/src/rp2_common/hardware_irq/irq_handler_chain.S.obj
LOAD CMakeFiles/keyboard_signal_capture.dir/_deps/pico_sdk-src/src/common/pico_sync/sem.c.obj
LOAD CMakeFiles/keyboard_signal_capture.dir/_deps/pico_sdk-src/src/common/pico_sync/lock_core.c.obj
LOAD CMakeFiles/keyboard_signal_capture.dir/_deps/pico_sdk-src/src/common/pico_sync/mutex.c.obj
LOAD CMakeFiles/keyboard_signal_capture.dir/_deps/pico_sdk-src/src/common/pico_sync/critical_section.c.obj
LOAD CMakeFiles/keyboard_signal_capture.dir/_deps/pico_sdk-src/src/common/pico_time/time.c.obj
LOAD CMakeFiles/keyboard_signal_capture.dir/_deps/pico_sdk-src/src/common/pico_time/timeout_helper.c.obj
LOAD CMakeFiles/keyboard_signal_capture.dir/_deps/pico_sdk-src/src/rp2_common/hardware_timer/timer.c.obj
LOAD CMakeFiles/keyboard_signal_capture.dir/_deps/pico_sdk-src/src/common/pico_util/datetime.c.obj
LOAD CMakeFiles/keyboard_signal_capture.dir/_deps/pico_sdk-src/src/common/pico_util/pheap.c.obj
LOAD CMakeFiles/keyboard_signal_capture.dir/_deps/pico_sdk-src/src/common/pico_util/queue.c.obj
LOAD CMakeFiles/keyboard_signal_capture.dir/_deps/pico_sdk-src/src/rp2_common/hardware_uart/uart.c.obj
LOAD CMakeFiles/keyboard_signal_capture.dir/_deps/pico_sdk-src/src/rp2_common/hardware_clocks/clocks.c.obj
LOAD CMakeFiles/keyboard_signal_capture.dir/_deps/pico_sdk-src/src/rp2_common/hardware_pll/pll.c.obj
LOAD CMakeFiles/keyboard_signal_capture.dir/_deps/pico_sdk-src/src/rp2_common/hardware_vreg/vreg.c.obj
LOAD CMakeFiles/keyboard_signal_capture.dir/_deps/pico_sdk-src/src/rp2_common/hardware_watchdog/watchdog.c.obj
LOAD CMakeFiles/keyboard_signal_capture.dir/_deps/pico_sdk-src/src/rp2_common/hardware_ticks/ticks.c.obj
LOAD CMakeFiles/keyboard_signal_capture.dir/_deps/pico_sdk-src/src/rp2_common/pico_bootrom/bootrom.c.obj
LOAD CMakeFiles/keyboard_signal_capture.dir/_deps/pico_sdk-src/src/rp2_common/pico_bootrom/bootrom_lock.c.obj
LOAD CMakeFiles/keyboard_signal_capture.dir/_deps/pico_sdk-src/src/rp2_common/hardware_boot_lock/boot_lock.c.obj
LOAD CMakeFiles/keyboard_signal_capture.dir/_deps/pico_sdk-src/src/rp2_common/pico_flash/flash.c.obj
LOAD CMakeFiles/keyboard_signal_capture.dir/_deps/pico_sdk-src/src/rp2_common/hardware_xosc/xosc.c.obj
LOAD CMakeFiles/keyboard_signal_capture.dir/_deps/pico_sdk-src/src/rp2_common/hardware_divider/divider.S.obj
LOAD CMakeFiles/keyboard_signal_capture.dir/_deps/pico_sdk-src/src/rp2_common/pico_runtime/runtime.c.obj
LOAD CMakeFiles/keyboard_signal_capture.dir/_deps/pico_sdk-src/src/rp2_common/pico_runtime_init/runtime_init.c.obj
LOAD CMakeFiles/keyboard_signal_capture.dir/_deps/pico_sdk-src/src/rp2_common/pico_runtime_init/runtime_init_clocks.c.obj
LOAD CMakeFiles/keyboard_signal_capture.dir/_deps/pico_sdk-src/src/rp2_common/pico_runtime_init/runtime_init_stack_guard.c.obj
LOAD CMakeFiles/keyboard_signal_capture.dir/_deps/pico_sdk-src/src/rp2_common/pico_bit_ops/bit_ops_aeabi.S.obj
LOAD CMakeFiles/keyboard_signal_capture.dir/_deps/pico_sdk-src/src/rp2_common/pico_divider/divider_hardware.S.obj
LOAD CMakeFiles/keyboard_signal_capture.dir/_deps/pico_sdk-src/src/rp2_common/pico_double/double_aeabi_rp2040.S.obj
LOAD CMakeFiles/keyboard_signal_capture.dir/_deps/pico_sdk-src/src/rp2_common/pico_double/double_init_rom_rp2040.c.obj
LOAD CMakeFiles/keyboard_signal_capture.dir/_deps/pico_sdk-src/src/rp2_common/pico_double/double_math.c.obj
LOAD CMakeFiles/keyboard_signal_capture.dir/_deps/pico_sdk-src/src/rp2_common/pico_double/double_v1_rom_shim_rp2040.S.obj
LOAD CMakeFiles/keyboard_signal_capture.dir/_deps/pico_sdk-src/src/rp2_common/pico_int64_ops/pico_int64_ops_aeabi.S.obj
LOAD CMakeFiles/keyboard_signal_capture.dir/_deps/pico_sdk-src/src/rp2_common/pico_float/float_aeabi_rp2040.S.obj
LOAD CMakeFiles/keyboard_signal_capture.dir/_deps/pico_sdk-src/src/rp2_common/pico_float/float_init_rom_rp2040.c.obj