Archive member included to satisfy reference by file (symbol)

C:/PROGRA~2/ARMGNU~1/142BCE~1.3RE/bin/../lib/gcc/arm-none-eabi/14.3.1/thumb/v6-m/nofp\libgcc.a(_dvmd_tls.o)
                              CMakeFiles/usb_host_keyboard.dir/_deps/pico_sdk-src/src/rp2_common/pico_divider/divider_hardware.S.obj (__aeabi_idiv0)
C:/PROGRA~2/ARMGNU~1/142BCE~1.3RE/bin/../lib/gcc/arm-none-eabi/14.3.1/../../../../arm-none-eabi/lib/thumb/v6-m/nofp\libg.a(libc_a-calloc.o)
                              CMakeFiles/usb_host_keyboard.dir/_deps/pico_sdk-src/src/rp2_common/pico_malloc/malloc.c.obj (calloc)
C:/PROGRA~2/ARMGNU~1/142BCE~1.3RE/bin/../lib/gcc/arm-none-eabi/14.3.1/../../../../arm-none-eabi/lib/thumb/v6-m/nofp\libg.a(libc_a-callocr.o)
                              C:/PROGRA~2/ARMGNU~1/142BCE~1.3RE/bin/../lib/gcc/arm-none-eabi/14.3.1/../../../../arm-none-eabi/lib/thumb/v6-m/nofp\libg.a(libc_a-calloc.o) (_calloc_r)
C:/PROGRA~2/ARMGNU~1/142BCE~1.3RE/bin/../lib/gcc/arm-none-eabi/14.3.1/../../../../arm-none-eabi/lib/thumb/v6-m/nofp\libg.a(libc_a-malloc.o)
                              CMakeFiles/usb_host_keyboard.dir/_deps/pico_sdk-src/src/rp2_common/pico_malloc/malloc.c.obj (malloc)
C:/PROGRA~2/ARMGNU~1/142BCE~1.3RE/bin/../lib/gcc/arm-none-eabi/14.3.1/../../../../arm-none-eabi/lib/thumb/v6-m/nofp\libg.a(libc_a-mallocr.o)
                              C:/PROGRA~2/ARMGNU~1/142BCE~1.3RE/bin/../lib/gcc/arm-none-eabi/14.3.1/../../../../arm-none-eabi/lib/thumb/v6-m/nofp\libg.a(libc_a-callocr.o) (_malloc_r)
C:/PROGRA~2/ARMGNU~1/142BCE~1.3RE/bin/../lib/gcc/arm-none-eabi/14.3.1/../../../../arm-none-eabi/lib/thumb/v6-m/nofp\libg.a(libc_a-mlock.o)
                              C:/PROGRA~2/ARMGNU~1/142BCE~1.3RE/bin/../lib/gcc/arm-none-eabi/14.3.1/../../../../arm-none-eabi/lib/thumb/v6-m/nofp\libg.a(libc_a-mallocr.o) (__malloc_lock)
C:/PROGRA~2/ARMGNU~1/142BCE~1.3RE/bin/../lib/gcc/arm-none-eabi/14.3.1/../../../../arm-none-eabi/lib/thumb/v6-m/nofp\libg.a(libc_a-realloc.o)
                              CMakeFiles/usb_host_keyboard.dir/_deps/pico_sdk-src/src/rp2_common/pico_malloc/malloc.c.obj (realloc)
C:/PROGRA~2/ARMGNU~1/142BCE~1.3RE/bin/../lib/gcc/arm-none-eabi/14.3.1/../../../../arm-none-eabi/lib/thumb/v6-m/nofp\libg.a(libc_a-reallocr.o)
                              C:/PROGRA~2/ARMGNU~1/142BCE~1.3RE/bin/../lib/gcc/arm-none-eabi/14.3.1/../../../../arm-none-eabi/lib/thumb/v6-m/nofp\libg.a(libc_a-realloc.o) (_realloc_r)
C:/PROGRA~2/ARMGNU~1/142BCE~1.3RE/bin/../lib/gcc/arm-none-eabi/14.3.1/../../../../arm-none-eabi/lib/thumb/v6-m/nofp\libg.a(libc_a-memcmp.o)
                              CMakeFiles/usb_host_keyboard.dir/KeyAnalyser.c.obj (memcmp)
C:/PROGRA~2/ARMGNU~1/142BCE~1.3RE/bin/../lib/gcc/arm-none-eabi/14.3.1/../../../../arm-none-eabi/lib/thumb/v6-m/nofp\libg.a(libc_a-memmove.o)
                              C:/PROGRA~2/ARMGNU~1/142BCE~1.3RE/bin/../lib/gcc/arm-none-eabi/14.3.1/../../../../arm-none-eabi/lib/thumb/v6-m/nofp\libg.a(libc_a-reallocr.o) (memmove)
C:/PROGRA~2/ARMGNU~1/142BCE~1.3RE/bin/../lib/gcc/arm-none-eabi/14.3.1/../../../../arm-none-eabi/lib/thumb/v6-m/nofp\libg.a(libc_a-lcltime_r.o)
                              CMakeFiles/usb_host_keyboard.dir/_deps/pico_sdk-src/src/common/pico_util/datetime.c.obj (localtime_r)
C:/PROGRA~2/ARMGNU~1/142BCE~1.3RE/bin/../lib/gcc/arm-none-eabi/14.3.1/../../../../arm-none-eabi/lib/thumb/v6-m/nofp\libg.a(libc_a-mktime.o)
                              CMakeFiles/usb_host_keyboard.dir/_deps/pico_sdk-src/src/common/pico_util/datetime.c.obj (mktime)
C:/PROGRA~2/ARMGNU~1/142BCE~1.3RE/bin/../lib/gcc/arm-none-eabi/14.3.1/../../../../arm-none-eabi/lib/thumb/v6-m/nofp\libg.a(libc_a-month_lengths.o)
                              C:/PROGRA~2/ARMGNU~1/142BCE~1.3RE/bin/../lib/gcc/arm-none-eabi/14.3.1/../../../../arm-none-eabi/lib/thumb/v6-m/nofp\libg.a(libc_a-lcltime_r.o) (__month_lengths)
C:/PROGRA~2/ARMGNU~1/142BCE~1.3RE/bin/../lib/gcc/arm-none-eabi/14.3.1/../../../../arm-none-eabi/lib/thumb/v6-m/nofp\libg.a(libc_a-tzcalc_limits.o)
                              C:/PROGRA~2/ARMGNU~1/142BCE~1.3RE/bin/../lib/gcc/arm-none-eabi/14.3.1/../../../../arm-none-eabi/lib/thumb/v6-m/nofp\libg.a(libc_a-lcltime_r.o) (__tzcalc_limits)
C:/PROGRA~2/ARMGNU~1/142BCE~1.3RE/bin/../lib/gcc/arm-none-eabi/14.3.1/../../../../arm-none-eabi/lib/thumb/v6-m/nofp\libg.a(libc_a-tzlock.o)
                              C:/PROGRA~2/ARMGNU~1/142BCE~1.3RE/bin/../lib/gcc/arm-none-eabi/14.3.1/../../../../arm-none-eabi/lib/thumb/v6-m/nofp\libg.a(libc_a-lcltime_r.o) (__tz_lock)
C:/PROGRA~2/ARMGNU~1/142BCE~1.3RE/bin/../lib/gcc/arm-none-eabi/14.3.1/../../../../arm-none-eabi/lib/thumb/v6-m/nofp\libg.a(libc_a-tzset.o)
                              C:/PROGRA~2/ARMGNU~1/142BCE~1.3RE/bin/../lib/gcc/arm-none-eabi/14.3.1/../../../../arm-none-eabi/lib/thumb/v6-m/nofp\libg.a(libc_a-lcltime_r.o) (_tzset_unlocked)
[...]
Memory Configuration

Name             Origin             Length             Attributes
FLASH            0x10000000         0x00200000         xr
RAM              0x20000000         0x00040000         xrw
SCRATCH_X        0x20040000         0x00001000         xrw
SCRATCH_Y        0x20041000         0x00001000         xrw
*default*        0x00000000         0xffffffff

Linker script and memory map

LOAD C:/PROGRA~2/ARMGNU~1/142BCE~1.3RE/bin/../lib/gcc/arm-none-eabi/14.3.1/thumb/v6-m/nofp/crti.o
LOAD C:/PROGRA~2/ARMGNU~1/142BCE~1.3RE/bin/../lib/gcc/arm-none-eabi/14.3.1/thumb/v6-m/nofp/crtbegin.o
LOAD C:/PROGRA~2/ARMGNU~1/142BCE~1.3RE/bin/../lib/gcc/arm-none-eabi/14.3.1/../../../../arm-none-eabi/lib/thumb/v6-m/nofp/crt0.o

.flash_begin    0x10000000        0x0
                0x10000000                        __flash_binary_start = .

.boot2          0x10000000      0x100
                0x10000000                        __boot2_start__ = .
 *(.boot2)
 .boot2         0x10000000      0x100 pico-sdk/src/rp2040/boot_stage2/CMakeFiles/bs2_default_library.dir/./bs2_default_padded_checksummed.S.obj
                0x10000100                        __boot2_end__ = .
                0x00000001                        ASSERT (((__boot2_end__ - __boot2_start__) == 0x100), ERROR: Pico second stage bootloader must be 256 bytes in size)

.text           0x10000100     0x80d4
                0x10000100                        __logical_binary_start = .
 *(.vectors)
 .vectors       0x10000100       0xd4 CMakeFiles/usb_host_keyboard.dir/_deps/pico_sdk-src/src/rp2_common/pico_crt0/crt0.S.obj
                0x10000100                __VECTOR_TABLE
                0x10000100                __vectors
                0x100001c0                isr_irq13
                0x100001c0                isr_irq27
                0x100001c0                isr_irq31
                0x100001c0                isr_irq12
                0x100001c0                isr_irq5
                0x100001c0                isr_irq11
                0x100001c0                isr_irq3
                0x100001c0                isr_irq23
                0x100001c0                __unhandled_user_irq
                0x100001c0                isr_irq26
                0x100001c0                isr_irq28
                0x100001c0                isr_irq19
                0x100001c0                isr_irq0
                0x100001c0                isr_irq6
                0x100001c0                isr_irq29
                0x100001c0                isr_irq16
                0x100001c0                isr_irq22
                0x100001c0                isr_irq18
                0x100001c0                isr_irq17
                0x100001c0                isr_irq14
                0x100001c0                __vectors_end
                0x100001c0                __default_isrs_start
                0x100001c0                isr_irq2
                0x100001c0                isr_irq10
                0x100001c0                isr_irq8
                0x100001c0                isr_irq24
                0x100001c0                isr_irq1
                0x100001c0                isr_irq7
                0x100001c0                isr_irq21
                0x100001c0                isr_irq20
                0x100001c0                isr_irq15
                0x100001c0                isr_irq25
                0x100001c0                isr_irq4
                0x100001c0                isr_irq30
                0x100001c0                isr_irq9
                0x100001c6                unhandled_user_irq_num_in_r0
                0x100001c8                isr_invalid
                0x100001ca                isr_nmi
                0x100001cc                isr_hardfault
                0x100001ce                isr_svcall
                0x100001d0                isr_pendsv
                0x100001d2                isr_systick
                0x100001d4                __default_isrs_end
 *(.binary_info_header)
 .binary_info_header
                0x100001d4       0x14 CMakeFiles/usb_host_keyboard.dir/_deps/pico_sdk-src/src/rp2_common/pico_crt0/crt0.S.obj
                0x100001e8                        __binary_info_header_end = .
 *(.embedded_block)
                0x100001e8                        __embedded_block_end = .
 *(.reset)
 .reset         0x100001e8       0x9c CMakeFiles/usb_host_keyboard.dir/_deps/pico_sdk-src/src/rp2_common/pico_crt0/crt0.S.obj
                0x100001e8                _entry_point
 *(.init)
 .init          0x10000284        0x4 C:/PROGRA~2/ARMGNU~1/142BCE~1.3RE/bin/../lib/gcc/arm-none-eabi/14.3.1/thumb/v6-m/nofp/crti.o
                0x10000284                _init
 *(EXCLUDE_FILE(*libm.a: *libc.a:*lib_a-mem*.o *libgcc.a:) .text*)
 .text.register_tm_clones
                0x10000288       0x28 C:/PROGRA~2/ARMGNU~1/142BCE~1.3RE/bin/../lib/gcc/arm-none-eabi/14.3.1/thumb/v6-m/nofp/crtbegin.o
 .text.frame_dummy
                0x100002b0       0x24 C:/PROGRA~2/ARMGNU~1/142BCE~1.3RE/bin/../lib/gcc/arm-none-eabi/14.3.1/thumb/v6-m/nofp/crtbegin.o
 .text.keycode_to_char.part.0
                0x100002d4       0x70 CMakeFiles/usb_host_keyboard.dir/KeyAnalyser.c.obj
 .text.tuh_hid_mount_cb
                0x10000344       0x94 CMakeFiles/usb_host_keyboard.dir/KeyAnalyser.c.obj
                0x10000344                tuh_hid_mount_cb
 .text.tuh_hid_umount_cb
                0x100003d8       0x40 CMakeFiles/usb_host_keyboard.dir/KeyAnalyser.c.obj
                0x100003d8                tuh_hid_umount_cb
 .text.tuh_hid_report_received_cb
                0x10000418      0x224 CMakeFiles/usb_host_keyboard.dir/KeyAnalyser.c.obj
                0x10000418                tuh_hid_report_received_cb
 .text.print_summary
                0x1000063c      0x378 CMakeFiles/usb_host_keyboard.dir/KeyAnalyser.c.obj
                0x1000063c                print_summary
 .text.startup.main
                0x100009b4      0x130 CMakeFiles/usb_host_keyboard.dir/KeyAnalyser.c.obj
                0x100009b4                main
 .text.hcd_init
                0x10000ae4       0x10 CMakeFiles/usb_host_keyboard.dir/tusb_hcd_pio_usb.c.obj
                0x10000ae4                hcd_init
 .text.hcd_int_enable
                0x10000af4        0x4 CMakeFiles/usb_host_keyboard.dir/tusb_hcd_pio_usb.c.obj
                0x10000af4                hcd_int_enable
 .text.hcd_port_connect_status
                0x10000af8        0xc CMakeFiles/usb_host_keyboard.dir/tusb_hcd_pio_usb.c.obj
                0x10000af8                hcd_port_connect_status
 .text.hcd_port_reset
                0x10000b04        0xc CMakeFiles/usb_host_keyboard.dir/tusb_hcd_pio_usb.c.obj
                0x10000b04                hcd_port_reset
 .text.hcd_port_reset_end
                0x10000b10        0xc CMakeFiles/usb_host_keyboard.dir/tusb_hcd_pio_usb.c.obj
                0x10000b10                hcd_port_reset_end
 .text.hcd_port_speed_get
                0x10000b1c       0x10 CMakeFiles/usb_host_keyboard.dir/tusb_hcd_pio_usb.c.obj
                0x10000b1c                hcd_port_speed_get
 .text.hcd_device_close
                0x10000b2c        0xc CMakeFiles/usb_host_keyboard.dir/tusb_hcd_pio_usb.c.obj
                0x10000b2c                hcd_device_close
 .text.hcd_edpt_open
                0x10000b38        0xc CMakeFiles/usb_host_keyboard.dir/tusb_hcd_pio_usb.c.obj
                0x10000b38                hcd_edpt_open
 .text.hcd_edpt_xfer
                0x10000b44       0x14 CMakeFiles/usb_host_keyboard.dir/tusb_hcd_pio_usb.c.obj
                0x10000b44                hcd_edpt_xfer
 .text.hcd_edpt_abort_xfer
                0x10000b58        0xc CMakeFiles/usb_host_keyboard.dir/tusb_hcd_pio_usb.c.obj
                0x10000b58                hcd_edpt_abort_xfer
 .text.hcd_setup_send
                0x10000b64        0xc CMakeFiles/usb_host_keyboard.dir/tusb_hcd_pio_usb.c.obj
                0x10000b64                hcd_setup_send
 .text.gpio_set_function
                0x10000b70       0x34 CMakeFiles/usb_host_keyboard.dir/_deps/pico_sdk-src/src/rp2_common/hardware_gpio/gpio.c.obj
                0x10000b70                gpio_set_function
 .text.gpio_set_pulls
                0x10000ba4       0x28 CMakeFiles/usb_host_keyboard.dir/_deps/pico_sdk-src/src/rp2_common/hardware_gpio/gpio.c.obj
                0x10000ba4                gpio_set_pulls
 .text.gpio_set_inover
                0x10000bcc       0x24 CMakeFiles/usb_host_keyboard.dir/_deps/pico_sdk-src/src/rp2_common/hardware_gpio/gpio.c.obj
                0x10000bcc                gpio_set_inover
 .text.gpio_set_outover
                0x10000bf0       0x24 CMakeFiles/usb_host_keyboard.dir/_deps/pico_sdk-src/src/rp2_common/hardware_gpio/gpio.c.obj
                0x10000bf0                gpio_set_outover
 .text.gpio_set_oeover
                0x10000c14       0x24 CMakeFiles/usb_host_keyboard.dir/_deps/pico_sdk-src/src/rp2_common/hardware_gpio/gpio.c.obj
                0x10000c14                gpio_set_oeover
 .text.gpio_set_slew_rate
                0x10000c38       0x20 CMakeFiles/usb_host_keyboard.dir/_deps/pico_sdk-src/src/rp2_common/hardware_gpio/gpio.c.obj
                0x10000c38                gpio_set_slew_rate
 .text.gpio_set_drive_strength
                0x10000c58       0x24 CMakeFiles/usb_host_keyboard.dir/_deps/pico_sdk-src/src/rp2_common/hardware_gpio/gpio.c.obj
                0x10000c58                gpio_set_drive_strength
 .text.gpio_init
                0x10000c7c       0x40 CMakeFiles/usb_host_keyboard.dir/_deps/pico_sdk-src/src/rp2_common/hardware_gpio/gpio.c.obj
                0x10000c7c                gpio_init
 .text.panic    0x10000cbc       0x30 CMakeFiles/usb_host_keyboard.dir/_deps/pico_sdk-src/src/rp2_common/pico_platform_panic/panic.c.obj
                0x10000cbc                panic
 .text.hw_claim_lock
                0x10000cec       0x18 CMakeFiles/usb_host_keyboard.dir/_deps/pico_sdk-src/src/common/hardware_claim/claim.c.obj
                0x10000cec                hw_claim_lock
 .text.hw_claim_unlock
                0x10000d04       0x14 CMakeFiles/usb_host_keyboard.dir/_deps/pico_sdk-src/src/common/hardware_claim/claim.c.obj
                0x10000d04                hw_claim_unlock
 .text.hw_claim_or_assert
                0x10000d18       0x44 CMakeFiles/usb_host_keyboard.dir/_deps/pico_sdk-src/src/common/hardware_claim/claim.c.obj
                0x10000d18                hw_claim_or_assert
 .text.hw_claim_unused_from_range
                0x10000d5c       0x88 CMakeFiles/usb_host_keyboard.dir/_deps/pico_sdk-src/src/common/hardware_claim/claim.c.obj
                0x10000d5c                hw_claim_unused_from_range
 .text.next_striped_spin_lock_num
                0x10000de4       0x18 CMakeFiles/usb_host_keyboard.dir/_deps/pico_sdk-src/src/rp2_common/hardware_sync/sync.c.obj
                0x10000de4                next_striped_spin_lock_num
 .text.spin_lock_claim_unused
                0x10000dfc       0x24 CMakeFiles/usb_host_keyboard.dir/_deps/pico_sdk-src/src/rp2_common/hardware_sync/sync.c.obj
                0x10000dfc                spin_lock_claim_unused
 .text.spin_locks_reset
                0x10000e20       0x1c CMakeFiles/usb_host_keyboard.dir/_deps/pico_sdk-src/src/rp2_common/hardware_sync_spin_lock/sync_spin_lock.c.obj
                0x10000e20                spin_locks_reset
 .text.runtime_init_per_core_irq_priorities
                0x10000e3c       0x24 CMakeFiles/usb_host_keyboard.dir/_deps/pico_sdk-src/src/rp2_common/hardware_irq/irq.c.obj
                0x10000e3c                runtime_init_per_core_irq_priorities
 .text.irq_set_enabled
                0x10000e60       0x24 CMakeFiles/usb_host_keyboard.dir/_deps/pico_sdk-src/src/rp2_common/hardware_irq/irq.c.obj
                0x10000e60                irq_set_enabled
 .text.irq_set_exclusive_handler
                0x10000e84       0x54 CMakeFiles/usb_host_keyboard.dir/_deps/pico_sdk-src/src/rp2_common/hardware_irq/irq.c.obj
                0x10000e84                irq_set_exclusive_handler
 .text.irq_remove_handler
                0x10000ed8      0x1d4 CMakeFiles/usb_host_keyboard.dir/_deps/pico_sdk-src/src/rp2_common/hardware_irq/irq.c.obj
                0x10000ed8                irq_remove_handler
 .text.irq_add_tail_to_free_list
                0x100010ac       0xb4 CMakeFiles/usb_host_keyboard.dir/_deps/pico_sdk-src/src/rp2_common/hardware_irq/irq.c.obj
                0x100010ac                irq_add_tail_to_free_list
 .text.lock_init
                0x10001160       0x10 CMakeFiles/usb_host_keyboard.dir/_deps/pico_sdk-src/src/common/pico_sync/lock_core.c.obj
                0x10001160                lock_init
 .text.runtime_init_mutex
                0x10001170       0x50 CMakeFiles/usb_host_keyboard.dir/_deps/pico_sdk-src/src/common/pico_sync/mutex.c.obj
                0x10001170                runtime_init_mutex
 .text.mutex_init
                0x100011c0       0x1c CMakeFiles/usb_host_keyboard.dir/_deps/pico_sdk-src/src/common/pico_sync/mutex.c.obj
                0x100011c0                mutex_init
 .text.critical_section_init
                0x100011dc       0x1c CMakeFiles/usb_host_keyboard.dir/_deps/pico_sdk-src/src/common/pico_sync/critical_section.c.obj
                0x100011dc                critical_section_init
 .text.sleep_until_callback
                0x100011f8       0x30 CMakeFiles/usb_host_keyboard.dir/_deps/pico_sdk-src/src/common/pico_time/time.c.obj
 .text.alarm_pool_irq_handler
                0x10001228      0x2f8 CMakeFiles/usb_host_keyboard.dir/_deps/pico_sdk-src/src/common/pico_time/time.c.obj
 .text.runtime_init_default_alarm_pool
                0x10001520       0xdc CMakeFiles/usb_host_keyboard.dir/_deps/pico_sdk-src/src/common/pico_time/time.c.obj
                0x10001520                runtime_init_default_alarm_pool
 .text.alarm_pool_create_on_timer
                0x100015fc       0xb4 CMakeFiles/usb_host_keyboard.dir/_deps/pico_sdk-src/src/common/pico_time/time.c.obj
                0x100015fc                alarm_pool_create_on_timer
 .text.alarm_pool_add_alarm_at_force_in_context
                0x100016b0       0xb0 CMakeFiles/usb_host_keyboard.dir/_deps/pico_sdk-src/src/common/pico_time/time.c.obj
                0x100016b0                alarm_pool_add_alarm_at_force_in_context
 .text.alarm_pool_cancel_alarm
                0x10001760       0x74 CMakeFiles/usb_host_keyboard.dir/_deps/pico_sdk-src/src/common/pico_time/time.c.obj
                0x10001760                alarm_pool_cancel_alarm
 .text.sleep_ms
                0x100017d4       0xfc CMakeFiles/usb_host_keyboard.dir/_deps/pico_sdk-src/src/common/pico_time/time.c.obj
                0x100017d4                sleep_ms
 .text.best_effort_wfe_or_timeout
                0x100018d0      0x10c CMakeFiles/usb_host_keyboard.dir/_deps/pico_sdk-src/src/common/pico_time/time.c.obj
                0x100018d0                best_effort_wfe_or_timeout
 .text.alarm_pool_add_repeating_timer_us
                0x100019dc      0x124 CMakeFiles/usb_host_keyboard.dir/_deps/pico_sdk-src/src/common/pico_time/time.c.obj
                0x100019dc                alarm_pool_add_repeating_timer_us
 .text.alarm_pool_get_default_timer
                0x10001b00        0x8 CMakeFiles/usb_host_keyboard.dir/_deps/pico_sdk-src/src/common/pico_time/time.c.obj
                0x10001b00                alarm_pool_get_default_timer
 .text.timer_hardware_alarm_claim
                0x10001b08       0x14 CMakeFiles/usb_host_keyboard.dir/_deps/pico_sdk-src/src/rp2_common/hardware_timer/timer.c.obj
                0x10001b08                timer_hardware_alarm_claim
 .text.timer_time_us_64
                0x10001b1c       0x10 CMakeFiles/usb_host_keyboard.dir/_deps/pico_sdk-src/src/rp2_common/hardware_timer/timer.c.obj
                0x10001b1c                timer_time_us_64
 .text.time_us_64
                0x10001b2c       0x14 CMakeFiles/usb_host_keyboard.dir/_deps/pico_sdk-src/src/rp2_common/hardware_timer/timer.c.obj
                0x10001b2c                time_us_64
 .text.busy_wait_us
                0x10001b40       0x68 CMakeFiles/usb_host_keyboard.dir/_deps/pico_sdk-src/src/rp2_common/hardware_timer/timer.c.obj
                0x10001b40                busy_wait_us
 .text.busy_wait_ms
                0x10001ba8       0x9c CMakeFiles/usb_host_keyboard.dir/_deps/pico_sdk-src/src/rp2_common/hardware_timer/timer.c.obj
                0x10001ba8                busy_wait_ms
 .text.busy_wait_until
                0x10001c44       0x20 CMakeFiles/usb_host_keyboard.dir/_deps/pico_sdk-src/src/rp2_common/hardware_timer/timer.c.obj
                0x10001c44                busy_wait_until
 .text.uart_init
                0x10001c64      0x120 CMakeFiles/usb_host_keyboard.dir/_deps/pico_sdk-src/src/rp2_common/hardware_uart/uart.c.obj
                0x10001c64                uart_init
 .text.clock_configure_int_divider
                0x10001d84       0xf4 CMakeFiles/usb_host_keyboard.dir/_deps/pico_sdk-src/src/rp2_common/hardware_clocks/clocks.c.obj
                0x10001d84                clock_configure_int_divider
 .text.clock_configure_undivided
                0x10001e78       0xe8 CMakeFiles/usb_host_keyboard.dir/_deps/pico_sdk-src/src/rp2_common/hardware_clocks/clocks.c.obj
                0x10001e78                clock_configure_undivided
 .text.clock_get_hz
                0x10001f60        0xc CMakeFiles/usb_host_keyboard.dir/_deps/pico_sdk-src/src/rp2_common/hardware_clocks/clocks.c.obj
                0x10001f60                clock_get_hz
 .text.pll_init
                0x10001f6c       0xa4 CMakeFiles/usb_host_keyboard.dir/_deps/pico_sdk-src/src/rp2_common/hardware_pll/pll.c.obj
                0x10001f6c                pll_init
 .text.tick_start
                0x10002010       0x10 CMakeFiles/usb_host_keyboard.dir/_deps/pico_sdk-src/src/rp2_common/hardware_ticks/ticks.c.obj
                0x10002010                tick_start
 .text.rom_func_lookup
                0x10002020       0x10 CMakeFiles/usb_host_keyboard.dir/_deps/pico_sdk-src/src/rp2_common/pico_bootrom/bootrom.c.obj
                0x10002020                rom_func_lookup
 .text.rom_data_lookup
                0x10002030       0x10 CMakeFiles/usb_host_keyboard.dir/_deps/pico_sdk-src/src/rp2_common/pico_bootrom/bootrom.c.obj
                0x10002030                rom_data_lookup
 .text.rom_funcs_lookup
                0x10002040       0x44 CMakeFiles/usb_host_keyboard.dir/_deps/pico_sdk-src/src/rp2_common/pico_bootrom/bootrom.c.obj
                0x10002040                rom_funcs_lookup
 .text.xosc_init
                0x10002084       0x28 CMakeFiles/usb_host_keyboard.dir/_deps/pico_sdk-src/src/rp2_common/hardware_xosc/xosc.c.obj
                0x10002084                xosc_init
 .text.first_per_core_initializer
                0x100020ac        0x4 CMakeFiles/usb_host_keyboard.dir/_deps/pico_sdk-src/src/rp2_common/pico_runtime/runtime.c.obj
 .text.hard_assertion_failure
                0x100020b0        0xc CMakeFiles/usb_host_keyboard.dir/_deps/pico_sdk-src/src/rp2_common/pico_runtime/runtime.c.obj
                0x100020b0                hard_assertion_failure
 .text.runtime_run_initializers
                0x100020bc       0x28 CMakeFiles/usb_host_keyboard.dir/_deps/pico_sdk-src/src/rp2_common/pico_runtime/runtime.c.obj
                0x100020bc                runtime_run_initializers
 .text.runtime_init_early_resets
                0x100020e4       0x2c CMakeFiles/usb_host_keyboard.dir/_deps/pico_sdk-src/src/rp2_common/pico_runtime_init/runtime_init.c.obj
                0x100020e4                runtime_init_early_resets
 .text.runtime_init_usb_power_down
                0x10002110       0x1c CMakeFiles/usb_host_keyboard.dir/_deps/pico_sdk-src/src/rp2_common/pico_runtime_init/runtime_init.c.obj
                0x10002110                runtime_init_usb_power_down
 .text.runtime_init_post_clock_resets
                0x1000212c       0x20 CMakeFiles/usb_host_keyboard.dir/_deps/pico_sdk-src/src/rp2_common/pico_runtime_init/runtime_init.c.obj
                0x1000212c                runtime_init_post_clock_resets
 .text.runtime_init_rp2040_gpio_ie_disable
                0x1000214c       0x14 CMakeFiles/usb_host_keyboard.dir/_deps/pico_sdk-src/src/rp2_common/pico_runtime_init/runtime_init.c.obj
                0x1000214c                runtime_init_rp2040_gpio_ie_disable
 .text.runtime_init_spin_locks_reset
                0x10002160        0x8 CMakeFiles/usb_host_keyboard.dir/_deps/pico_sdk-src/src/rp2_common/pico_runtime_init/runtime_init.c.obj
                0x10002160                runtime_init_spin_locks_reset
 .text.runtime_init_install_ram_vector_table
                0x10002168       0xb4 CMakeFiles/usb_host_keyboard.dir/_deps/pico_sdk-src/src/rp2_common/pico_runtime_init/runtime_init.c.obj
                0x10002168                runtime_init_install_ram_vector_table
 .text.runtime_init_clocks
                0x1000221c       0xd8 CMakeFiles/usb_host_keyboard.dir/_deps/pico_sdk-src/src/rp2_common/pico_runtime_init/runtime_init_clocks.c.obj
                0x1000221c                runtime_init_clocks
 .text          0x100022f4       0x10 CMakeFiles/usb_host_keyboard.dir/_deps/pico_sdk-src/src/rp2_common/pico_bit_ops/bit_ops_aeabi.S.obj
 .text.ctzsi    0x10002304        0xc CMakeFiles/usb_host_keyboard.dir/_deps/pico_sdk-src/src/rp2_common/pico_bit_ops/bit_ops_aeabi.S.obj
                0x10002304                __wrap___ctzsi2
 .text.__wrap___aeabi_idiv
                0x10002310       0x50 CMakeFiles/usb_host_keyboard.dir/_deps/pico_sdk-src/src/rp2_common/pico_divider/divider_hardware.S.obj
                0x10002310                __wrap___aeabi_idivmod
                0x10002310                divmod_s32s32
                0x10002310                div_s32s32
                0x10002310                __wrap___aeabi_idiv
                0x10002318                divmod_s32s32_unsafe
                0x10002344                divmod_s32s32_savestate
 .text.__wrap___aeabi_uidiv
                0x10002360       0x4c CMakeFiles/usb_host_keyboard.dir/_deps/pico_sdk-src/src/rp2_common/pico_divider/divider_hardware.S.obj
                0x10002360                __wrap___aeabi_uidiv
                0x10002360                __wrap___aeabi_uidivmod
                0x10002360                div_u32u32
                0x10002360                divmod_u32u32
                0x10002368                divmod_u32u32_unsafe
                0x10002390                divmod_u32u32_savestate
 .text.__wrap___aeabi_ldiv
                0x100023ac      0x424 CMakeFiles/usb_host_keyboard.dir/_deps/pico_sdk-src/src/rp2_common/pico_divider/divider_hardware.S.obj
                0x100023ac                div_s64s64
                0x100023ac                divmod_s64s64
                0x100023ac                __wrap___aeabi_ldivmod
                0x100023dc                divmod_u64u64
                0x100023dc                div_u64u64
                0x100023dc                __wrap___aeabi_uldivmod
                0x100023ec                divmod_u64u64_savestate
                0x1000240c                divmod_s64s64_unsafe
                0x10002494                divmod_u64u64_unsafe
 .text.__wrap___aeabi_darithmetic
                0x100027d0       0x80 CMakeFiles/usb_host_keyboard.dir/_deps/pico_sdk-src/src/rp2_common/pico_double/double_aeabi_rp2040.S.obj
                0x100027d0                __wrap___aeabi_drsub
                0x100027d6                __wrap___aeabi_dsub
                0x100027e8                __wrap___aeabi_dadd
                0x100027fa                __wrap___aeabi_ddiv
                0x10002836                __wrap___aeabi_dmul
 .text.__wrap___aeabi_cdcmple
                0x10002850       0x6c CMakeFiles/usb_host_keyboard.dir/_deps/pico_sdk-src/src/rp2_common/pico_double/double_aeabi_rp2040.S.obj
                0x10002850                __wrap___aeabi_cdrcmple
                0x10002860                __wrap___aeabi_cdcmpeq
                0x10002860                __wrap___aeabi_cdcmple
 .text.__wrap___aeabi_dcmplt
                0x100028bc        0xc CMakeFiles/usb_host_keyboard.dir/_deps/pico_sdk-src/src/rp2_common/pico_double/double_aeabi_rp2040.S.obj
                0x100028bc                __wrap___aeabi_dcmplt
 .text.__wrap___aeabi_dcmple
                0x100028c8       0x10 CMakeFiles/usb_host_keyboard.dir/_deps/pico_sdk-src/src/rp2_common/pico_double/double_aeabi_rp2040.S.obj
                0x100028c8                __wrap___aeabi_dcmple
 .text.__wrap___aeabi_dcmpge
                0x100028d8       0x10 CMakeFiles/usb_host_keyboard.dir/_deps/pico_sdk-src/src/rp2_common/pico_double/double_aeabi_rp2040.S.obj
                0x100028d8                __wrap___aeabi_dcmpge
 .text.__wrap___aeabi_dcmpgt
                0x100028e8        0xa CMakeFiles/usb_host_keyboard.dir/_deps/pico_sdk-src/src/rp2_common/pico_double/double_aeabi_rp2040.S.obj
                0x100028e8                __wrap___aeabi_dcmpgt
 .text.__wrap___aeabi_dcmpun
                0x100028f2       0x18 CMakeFiles/usb_host_keyboard.dir/_deps/pico_sdk-src/src/rp2_common/pico_double/double_aeabi_rp2040.S.obj
                0x100028f2                __wrap___aeabi_dcmpun
 *fill*         0x1000290a        0x2 
 .text.__wrap___aeabi_i2d
                0x1000290c       0x38 CMakeFiles/usb_host_keyboard.dir/_deps/pico_sdk-src/src/rp2_common/pico_double/double_aeabi_rp2040.S.obj
                0x1000290c                uint2double
                0x1000290c                __wrap___aeabi_ui2d
                0x10002914                int2double
                0x10002914                __wrap___aeabi_i2d
 .text.__wrap___aeabi_d2iz
                0x10002944       0x48 CMakeFiles/usb_host_keyboard.dir/_deps/pico_sdk-src/src/rp2_common/pico_double/double_aeabi_rp2040.S.obj
                0x10002944                double2int_z
                0x10002944                __wrap___aeabi_d2iz
 .text.__wrap___aeabi_d2uiz
                0x1000298c       0x18 CMakeFiles/usb_host_keyboard.dir/_deps/pico_sdk-src/src/rp2_common/pico_double/double_aeabi_rp2040.S.obj
                0x1000298c                double2uint
                0x1000298c                __wrap___aeabi_d2uiz
                0x1000298c                double2uint_z
 .text.__aeabi_double_init
                0x100029a4       0xa4 CMakeFiles/usb_host_keyboard.dir/_deps/pico_sdk-src/src/rp2_common/pico_double/double_init_rom_rp2040.c.obj
                0x100029a4                __aeabi_double_init
 .text.double_table_shim_on_use_helper
                0x10002a48       0x2c CMakeFiles/usb_host_keyboard.dir/_deps/pico_sdk-src/src/rp2_common/pico_double/double_v1_rom_shim_rp2040.S.obj
                0x10002a48                double_table_shim_on_use_helper
 .text.__wrap___aeabi_dsub
                0x10002a74       0x10 CMakeFiles/usb_host_keyboard.dir/_deps/pico_sdk-src/src/rp2_common/pico_double/double_v1_rom_shim_rp2040.S.obj
                0x10002a74                drsub_shim
                0x10002a7a                dsub_shim
 .text.dadd_shim
                0x10002a84      0x15c CMakeFiles/usb_host_keyboard.dir/_deps/pico_sdk-src/src/rp2_common/pico_double/double_v1_rom_shim_rp2040.S.obj
                0x10002a84                dadd_shim
 .text.dmul_shim
                0x10002be0      0x15c CMakeFiles/usb_host_keyboard.dir/_deps/pico_sdk-src/src/rp2_common/pico_double/double_v1_rom_shim_rp2040.S.obj
                0x10002be0                dmul_shim
 .text.ddiv_shim
                0x10002d3c      0x1b0 CMakeFiles/usb_host_keyboard.dir/_deps/pico_sdk-src/src/rp2_common/pico_double/double_v1_rom_shim_rp2040.S.obj
                0x10002d3c                ddiv_shim
 .text.double2uint_shim
                0x10002eec        0xe CMakeFiles/usb_host_keyboard.dir/_deps/pico_sdk-src/src/rp2_common/pico_double/double_v1_rom_shim_rp2040.S.obj
                0x10002eec                double2uint_shim
                0x10002eee                double2ufix_shim
 *fill*         0x10002efa        0x2 
 .text.double2uint64_shim
                0x10002efc       0x70 CMakeFiles/usb_host_keyboard.dir/_deps/pico_sdk-src/src/rp2_common/pico_double/double_v1_rom_shim_rp2040.S.obj
                0x10002efc                double2uint64_shim
                0x10002efe                double2ufix64_shim
                0x10002f1e                d2fix_a
 .text.dunpacks
                0x10002f6c       0x3c CMakeFiles/usb_host_keyboard.dir/_deps/pico_sdk-src/src/rp2_common/pico_double/double_v1_rom_shim_rp2040.S.obj
                0x10002f6c                dunpacks
 .text.__aeabi_lmul
                0x10002fa8       0x32 CMakeFiles/usb_host_keyboard.dir/_deps/pico_sdk-src/src/rp2_common/pico_int64_ops/pico_int64_ops_aeabi.S.obj
                0x10002fa8                __wrap___aeabi_lmul
 *fill*         0x10002fda        0x2 
 .text.__wrap___aeabi_farithmetic
                0x10002fdc       0x48 CMakeFiles/usb_host_keyboard.dir/_deps/pico_sdk-src/src/rp2_common/pico_float/float_aeabi_rp2040.S.obj
                0x10002fdc                __wrap___aeabi_frsub
                0x10002fe2                __wrap___aeabi_fsub
                0x10002fe8                __wrap___aeabi_fadd
                0x10002fee                __wrap___aeabi_fdiv
                0x10003016                __wrap___aeabi_fmul
 .text.__wrap___aeabi_ui2f
                0x10003024        0xa CMakeFiles/usb_host_keyboard.dir/_deps/pico_sdk-src/src/rp2_common/pico_float/float_aeabi_rp2040.S.obj
                0x10003024                __wrap___aeabi_ui2f
                0x10003024                uint2float
 *fill*         0x1000302e        0x2 
 .text.__wrap___aeabi_i2f
                0x10003030       0x44 CMakeFiles/usb_host_keyboard.dir/_deps/pico_sdk-src/src/rp2_common/pico_float/float_aeabi_rp2040.S.obj
                0x10003030                __wrap___aeabi_i2f
                0x10003030                int2float
 .text.__wrap___aeabi_f2uiz
                0x10003074        0xc CMakeFiles/usb_host_keyboard.dir/_deps/pico_sdk-src/src/rp2_common/pico_float/float_aeabi_rp2040.S.obj
                0x10003074                float2uint_z
                0x10003074                __wrap___aeabi_f2uiz
                0x10003074                float2uint
 .text.__aeabi_float_init
                0x10003080       0x64 CMakeFiles/usb_host_keyboard.dir/_deps/pico_sdk-src/src/rp2_common/pico_float/float_init_rom_rp2040.c.obj
                0x10003080                __aeabi_float_init
 .text.float_table_shim_on_use_helper
                0x100030e4       0x2c CMakeFiles/usb_host_keyboard.dir/_deps/pico_sdk-src/src/rp2_common/pico_float/float_v1_rom_shim_rp2040.S.obj
                0x100030e4                float_table_shim_on_use_helper
 .text.__wrap_malloc
                0x10003110       0x3c CMakeFiles/usb_host_keyboard.dir/_deps/pico_sdk-src/src/rp2_common/pico_malloc/malloc.c.obj
                0x10003110                __wrap_malloc
 .text.__wrap_calloc
                0x1000314c       0x44 CMakeFiles/usb_host_keyboard.dir/_deps/pico_sdk-src/src/rp2_common/pico_malloc/malloc.c.obj
                0x1000314c                __wrap_calloc
 .text          0x10003190       0x10 CMakeFiles/usb_host_keyboard.dir/_deps/pico_sdk-src/src/rp2_common/pico_mem_ops/mem_ops_aeabi.S.obj
                0x10003190                __aeabi_mem_init
 .text.memset   0x100031a0        0xc CMakeFiles/usb_host_keyboard.dir/_deps/pico_sdk-src/src/rp2_common/pico_mem_ops/mem_ops_aeabi.S.obj
                0x100031a0                __wrap_memset
 .text.memcpy   0x100031ac        0xc CMakeFiles/usb_host_keyboard.dir/_deps/pico_sdk-src/src/rp2_common/pico_mem_ops/mem_ops_aeabi.S.obj
                0x100031ac                __wrap_memcpy
                0x100031ac                __wrap___aeabi_memcpy
 .text._out_null
                0x100031b8        0x4 CMakeFiles/usb_host_keyboard.dir/_deps/pico_sdk-src/src/rp2_common/pico_printf/printf.c.obj
 .text._out_rev
                0x100031bc       0xac CMakeFiles/usb_host_keyboard.dir/_deps/pico_sdk-src/src/rp2_common/pico_printf/printf.c.obj
 .text._ntoa_format
                0x10003268      0x1cc CMakeFiles/usb_host_keyboard.dir/_deps/pico_sdk-src/src/rp2_common/pico_printf/printf.c.obj
 .text._out_char
                0x10003434       0x10 CMakeFiles/usb_host_keyboard.dir/_deps/pico_sdk-src/src/rp2_common/pico_printf/printf.c.obj
 .text._out_fct
                0x10003444       0x10 CMakeFiles/usb_host_keyboard.dir/_deps/pico_sdk-src/src/rp2_common/pico_printf/printf.c.obj
 .text._ftoa    0x10003454      0x4a8 CMakeFiles/usb_host_keyboard.dir/_deps/pico_sdk-src/src/rp2_common/pico_printf/printf.c.obj
 .text._etoa    0x100038fc      0x57c CMakeFiles/usb_host_keyboard.dir/_deps/pico_sdk-src/src/rp2_common/pico_printf/printf.c.obj
 .text._vsnprintf
                0x10003e78      0xbe0 CMakeFiles/usb_host_keyboard.dir/_deps/pico_sdk-src/src/rp2_common/pico_printf/printf.c.obj
 .text.vfctprintf
                0x10004a58       0x24 CMakeFiles/usb_host_keyboard.dir/_deps/pico_sdk-src/src/rp2_common/pico_printf/printf.c.obj
                0x10004a58                vfctprintf
 .text.weak_raw_vprintf
                0x10004a7c       0x30 CMakeFiles/usb_host_keyboard.dir/_deps/pico_sdk-src/src/rp2_common/pico_printf/printf.c.obj
                0x10004a7c                weak_raw_vprintf
 .text._exit    0x10004aac        0x4 CMakeFiles/usb_host_keyboard.dir/_deps/pico_sdk-src/src/rp2_common/pico_clib_interface/newlib_interface.c.obj
                0x10004aac                _exit
 .text._sbrk    0x10004ab0       0x34 CMakeFiles/usb_host_keyboard.dir/_deps/pico_sdk-src/src/rp2_common/pico_clib_interface/newlib_interface.c.obj
                0x10004ab0                _sbrk
 .text.exit     0x10004ae4        0x8 CMakeFiles/usb_host_keyboard.dir/_deps/pico_sdk-src/src/rp2_common/pico_clib_interface/newlib_interface.c.obj
                0x10004ae4                exit
 .text.runtime_init
                0x10004aec       0x2c CMakeFiles/usb_host_keyboard.dir/_deps/pico_sdk-src/src/rp2_common/pico_clib_interface/newlib_interface.c.obj
                0x10004aec                runtime_init
 .text.stdio_out_chars_no_crlf
                0x10004b18       0x10 CMakeFiles/usb_host_keyboard.dir/_deps/pico_sdk-src/src/rp2_common/pico_stdio/stdio.c.obj
 .text.stdio_out_chars_crlf
                0x10004b28       0xb0 CMakeFiles/usb_host_keyboard.dir/_deps/pico_sdk-src/src/rp2_common/pico_stdio/stdio.c.obj
 .text.stdio_buffered_printer
                0x10004bd8       0x64 CMakeFiles/usb_host_keyboard.dir/_deps/pico_sdk-src/src/rp2_common/pico_stdio/stdio.c.obj
 .text.stdio_put_string
                0x10004c3c       0xfc CMakeFiles/usb_host_keyboard.dir/_deps/pico_sdk-src/src/rp2_common/pico_stdio/stdio.c.obj
                0x10004c3c                stdio_put_string
 .text.stdio_set_driver_enabled
                0x10004d38       0x30 CMakeFiles/usb_host_keyboard.dir/_deps/pico_sdk-src/src/rp2_common/pico_stdio/stdio.c.obj
                0x10004d38                stdio_set_driver_enabled
 .text.stdio_init_all
                0x10004d68        0xc CMakeFiles/usb_host_keyboard.dir/_deps/pico_sdk-src/src/rp2_common/pico_stdio/stdio.c.obj
                0x10004d68                stdio_init_all
 .text.__wrap_putchar
                0x10004d74       0x94 CMakeFiles/usb_host_keyboard.dir/_deps/pico_sdk-src/src/rp2_common/pico_stdio/stdio.c.obj
                0x10004d74                __wrap_putchar
                0x10004d74                stdio_putchar
 .text.__wrap_puts
                0x10004e08       0x3c CMakeFiles/usb_host_keyboard.dir/_deps/pico_sdk-src/src/rp2_common/pico_stdio/stdio.c.obj
                0x10004e08                stdio_puts
                0x10004e08                __wrap_puts
 .text.__wrap_vprintf
                0x10004e44       0xcc CMakeFiles/usb_host_keyboard.dir/_deps/pico_sdk-src/src/rp2_common/pico_stdio/stdio.c.obj
                0x10004e44                stdio_vprintf
                0x10004e44                __wrap_vprintf
 .text.__wrap_printf
                0x10004f10       0x18 CMakeFiles/usb_host_keyboard.dir/_deps/pico_sdk-src/src/rp2_common/pico_stdio/stdio.c.obj
                0x10004f10                __wrap_printf
                0x10004f10                stdio_printf
 .text.stdio_uart_out_chars
                0x10004f28       0x4c CMakeFiles/usb_host_keyboard.dir/_deps/pico_sdk-src/src/rp2_common/pico_stdio_uart/stdio_uart.c.obj
 .text.stdio_uart_in_chars
                0x10004f74       0x90 CMakeFiles/usb_host_keyboard.dir/_deps/pico_sdk-src/src/rp2_common/pico_stdio_uart/stdio_uart.c.obj
                0x10004f74                stdio_uart_in_chars
 .text.on_uart_rx
                0x10005004       0x28 CMakeFiles/usb_host_keyboard.dir/_deps/pico_sdk-src/src/rp2_common/pico_stdio_uart/stdio_uart.c.obj
 .text.stdio_uart_out_flush
                0x1000502c       0x14 CMakeFiles/usb_host_keyboard.dir/_deps/pico_sdk-src/src/rp2_common/pico_stdio_uart/stdio_uart.c.obj
 .text.stdio_uart_set_chars_available_callback
                0x10005040       0x84 CMakeFiles/usb_host_keyboard.dir/_deps/pico_sdk-src/src/rp2_common/pico_stdio_uart/stdio_uart.c.obj
 .text.stdio_uart_init
                0x100050c4       0x50 CMakeFiles/usb_host_keyboard.dir/_deps/pico_sdk-src/src/rp2_common/pico_stdio_uart/stdio_uart.c.obj
                0x100050c4                stdio_uart_init
 .text._control_blocking_complete_cb
                0x10005114        0x8 CMakeFiles/usb_host_keyboard.dir/_deps/pico_sdk-src/lib/tinyusb/src/host/usbh.c.obj
 .text.process_removing_device
                0x1000511c       0xe4 CMakeFiles/usb_host_keyboard.dir/_deps/pico_sdk-src/lib/tinyusb/src/host/usbh.c.obj
 .text.usbh_control_xfer_cb.isra.0
                0x10005200      0x3fc CMakeFiles/usb_host_keyboard.dir/_deps/pico_sdk-src/lib/tinyusb/src/host/usbh.c.obj
 .text.hcd_configure
                0x100055fc        0x4 CMakeFiles/usb_host_keyboard.dir/_deps/pico_sdk-src/lib/tinyusb/src/host/usbh.c.obj
                0x100055fc                hcd_configure
 .text.tuh_event_hook_cb
                0x10005600        0x4 CMakeFiles/usb_host_keyboard.dir/_deps/pico_sdk-src/lib/tinyusb/src/host/usbh.c.obj
                0x10005600                tuh_event_hook_cb
 .text.tuh_vid_pid_get
                0x10005604       0x30 CMakeFiles/usb_host_keyboard.dir/_deps/pico_sdk-src/lib/tinyusb/src/host/usbh.c.obj
                0x10005604                tuh_vid_pid_get
 .text.tuh_configure
                0x10005634        0x8 CMakeFiles/usb_host_keyboard.dir/_deps/pico_sdk-src/lib/tinyusb/src/host/usbh.c.obj
                0x10005634                tuh_configure
 .text.tuh_rhport_init
                0x1000563c      0x11c CMakeFiles/usb_host_keyboard.dir/_deps/pico_sdk-src/lib/tinyusb/src/host/usbh.c.obj
                0x1000563c                tuh_rhport_init
 .text.tuh_control_xfer
                0x10005758      0x134 CMakeFiles/usb_host_keyboard.dir/_deps/pico_sdk-src/lib/tinyusb/src/host/usbh.c.obj
                0x10005758                tuh_control_xfer
 .text.enum_new_device.part.0
                0x1000588c       0x8c CMakeFiles/usb_host_keyboard.dir/_deps/pico_sdk-src/lib/tinyusb/src/host/usbh.c.obj
 .text.tuh_task_ext.part.0
                0x10005918      0x24c CMakeFiles/usb_host_keyboard.dir/_deps/pico_sdk-src/lib/tinyusb/src/host/usbh.c.obj
 .text.tuh_task_ext
                0x10005b64       0x18 CMakeFiles/usb_host_keyboard.dir/_deps/pico_sdk-src/lib/tinyusb/src/host/usbh.c.obj
                0x10005b64                tuh_task_ext
 .text.process_enumeration
                0x10005b7c      0x4a4 CMakeFiles/usb_host_keyboard.dir/_deps/pico_sdk-src/lib/tinyusb/src/host/usbh.c.obj
 .text.usbh_get_enum_buf
                0x10006020        0x8 CMakeFiles/usb_host_keyboard.dir/_deps/pico_sdk-src/lib/tinyusb/src/host/usbh.c.obj
                0x10006020                usbh_get_enum_buf
 .text.usbh_edpt_claim
                0x10006028       0x3c CMakeFiles/usb_host_keyboard.dir/_deps/pico_sdk-src/lib/tinyusb/src/host/usbh.c.obj
                0x10006028                usbh_edpt_claim
 .text.usbh_edpt_release
                0x10006064       0x3c CMakeFiles/usb_host_keyboard.dir/_deps/pico_sdk-src/lib/tinyusb/src/host/usbh.c.obj
                0x10006064                usbh_edpt_release
 .text.usbh_edpt_xfer_with_callback
                0x100060a0       0x54 CMakeFiles/usb_host_keyboard.dir/_deps/pico_sdk-src/lib/tinyusb/src/host/usbh.c.obj
                0x100060a0                usbh_edpt_xfer_with_callback
 .text.tuh_edpt_open
                0x100060f4       0x44 CMakeFiles/usb_host_keyboard.dir/_deps/pico_sdk-src/lib/tinyusb/src/host/usbh.c.obj
                0x100060f4                tuh_edpt_open
 .text.tuh_descriptor_get_hid_report
                0x10006138      0x150 CMakeFiles/usb_host_keyboard.dir/_deps/pico_sdk-src/lib/tinyusb/src/host/usbh.c.obj
                0x10006138                tuh_descriptor_get_hid_report
 .text.usbh_driver_set_config_complete
                0x10006288      0x158 CMakeFiles/usb_host_keyboard.dir/_deps/pico_sdk-src/lib/tinyusb/src/host/usbh.c.obj
                0x10006288                usbh_driver_set_config_complete
 .text.process_set_config
                0x100063e0      0x144 CMakeFiles/usb_host_keyboard.dir/_deps/pico_sdk-src/lib/tinyusb/src/class/hid/hid_host.c.obj
 .text.tuh_hid_receive_report
                0x10006524       0x50 CMakeFiles/usb_host_keyboard.dir/_deps/pico_sdk-src/lib/tinyusb/src/class/hid/hid_host.c.obj
                0x10006524                tuh_hid_receive_report
 .text.hidh_init
                0x10006574       0x14 CMakeFiles/usb_host_keyboard.dir/_deps/pico_sdk-src/lib/tinyusb/src/class/hid/hid_host.c.obj
                0x10006574                hidh_init
 .text.hidh_deinit
                0x10006588        0x4 CMakeFiles/usb_host_keyboard.dir/_deps/pico_sdk-src/lib/tinyusb/src/class/hid/hid_host.c.obj
                0x10006588                hidh_deinit
 .text.hidh_xfer_cb
                0x1000658c       0x5c CMakeFiles/usb_host_keyboard.dir/_deps/pico_sdk-src/lib/tinyusb/src/class/hid/hid_host.c.obj
                0x1000658c                hidh_xfer_cb
 .text.hidh_close
                0x100065e8       0x2c CMakeFiles/usb_host_keyboard.dir/_deps/pico_sdk-src/lib/tinyusb/src/class/hid/hid_host.c.obj
                0x100065e8                hidh_close
 .text.hidh_open
                0x10006614       0xd0 CMakeFiles/usb_host_keyboard.dir/_deps/pico_sdk-src/lib/tinyusb/src/class/hid/hid_host.c.obj
                0x10006614                hidh_open
 .text.hidh_set_config
                0x100066e4       0x5c CMakeFiles/usb_host_keyboard.dir/_deps/pico_sdk-src/lib/tinyusb/src/class/hid/hid_host.c.obj
                0x100066e4                hidh_set_config
 .text.tusb_time_delay_ms_api
                0x10006740        0x8 CMakeFiles/usb_host_keyboard.dir/_deps/pico_sdk-src/lib/tinyusb/src/tusb.c.obj
                0x10006740                tusb_time_delay_ms_api
 .text.tu_edpt_claim
                0x10006748       0x50 CMakeFiles/usb_host_keyboard.dir/_deps/pico_sdk-src/lib/tinyusb/src/tusb.c.obj
                0x10006748                tu_edpt_claim
 .text.tu_edpt_release
                0x10006798       0x38 CMakeFiles/usb_host_keyboard.dir/_deps/pico_sdk-src/lib/tinyusb/src/tusb.c.obj
                0x10006798                tu_edpt_release
 .text.tu_edpt_validate
                0x100067d0       0x7c CMakeFiles/usb_host_keyboard.dir/_deps/pico_sdk-src/lib/tinyusb/src/tusb.c.obj
                0x100067d0                tu_edpt_validate
 .text.tu_edpt_bind_driver
                0x1000684c       0x34 CMakeFiles/usb_host_keyboard.dir/_deps/pico_sdk-src/lib/tinyusb/src/tusb.c.obj
                0x1000684c                tu_edpt_bind_driver
 .text.tu_desc_get_interface_total_len
                0x10006880       0x50 CMakeFiles/usb_host_keyboard.dir/_deps/pico_sdk-src/lib/tinyusb/src/tusb.c.obj
                0x10006880                tu_desc_get_interface_total_len
 .text.tu_fifo_empty
                0x100068d0       0x10 CMakeFiles/usb_host_keyboard.dir/_deps/pico_sdk-src/lib/tinyusb/src/common/tusb_fifo.c.obj
                0x100068d0                tu_fifo_empty
 .text.tu_fifo_read
                0x100068e0       0x9c CMakeFiles/usb_host_keyboard.dir/_deps/pico_sdk-src/lib/tinyusb/src/common/tusb_fifo.c.obj
                0x100068e0                tu_fifo_read
 .text.tu_fifo_write
                0x1000697c       0xa4 CMakeFiles/usb_host_keyboard.dir/_deps/pico_sdk-src/lib/tinyusb/src/common/tusb_fifo.c.obj
                0x1000697c                tu_fifo_write
 .text.tu_fifo_clear
                0x10006a20       0x40 CMakeFiles/usb_host_keyboard.dir/_deps/pico_sdk-src/lib/tinyusb/src/common/tusb_fifo.c.obj
                0x10006a20                tu_fifo_clear
 .text.startup._retrieve_unique_id_on_boot
                0x10006a60       0x10 CMakeFiles/usb_host_keyboard.dir/_deps/pico_sdk-src/src/rp2_common/pico_unique_id/unique_id.c.obj
 .text.flash_get_unique_id
                0x10006a70       0x3c CMakeFiles/usb_host_keyboard.dir/_deps/pico_sdk-src/src/rp2_common/hardware_flash/flash.c.obj
                0x10006a70                flash_get_unique_id
 .text.pio_usb_bus_init
                0x10006aac      0x198 CMakeFiles/usb_host_keyboard.dir/Pico-PIO-USB/src/pio_usb.c.obj
                0x10006aac                pio_usb_bus_init
 .text.pio_usb_host_init
                0x10006c44      0x1e8 CMakeFiles/usb_host_keyboard.dir/Pico-PIO-USB/src/pio_usb_host.c.obj
                0x10006c44                pio_usb_host_init
 .text.pio_usb_host_port_reset_start
                0x10006e2c       0x40 CMakeFiles/usb_host_keyboard.dir/Pico-PIO-USB/src/pio_usb_host.c.obj
                0x10006e2c                pio_usb_host_port_reset_start
 .text.pio_usb_host_port_reset_end
                0x10006e6c       0x48 CMakeFiles/usb_host_keyboard.dir/Pico-PIO-USB/src/pio_usb_host.c.obj
                0x10006e6c                pio_usb_host_port_reset_end
 .text.pio_usb_host_close_device
                0x10006eb4       0x38 CMakeFiles/usb_host_keyboard.dir/Pico-PIO-USB/src/pio_usb_host.c.obj
                0x10006eb4                pio_usb_host_close_device
 .text.pio_usb_host_endpoint_open
                0x10006eec       0xb8 CMakeFiles/usb_host_keyboard.dir/Pico-PIO-USB/src/pio_usb_host.c.obj
                0x10006eec                pio_usb_host_endpoint_open
 .text.pio_usb_host_send_setup
                0x10006fa4       0x60 CMakeFiles/usb_host_keyboard.dir/Pico-PIO-USB/src/pio_usb_host.c.obj
                0x10006fa4                pio_usb_host_send_setup
 .text.pio_usb_host_endpoint_transfer
                0x10007004       0x90 CMakeFiles/usb_host_keyboard.dir/Pico-PIO-USB/src/pio_usb_host.c.obj
                0x10007004                pio_usb_host_endpoint_transfer
 .text.pio_usb_host_endpoint_abort_transfer
                0x10007094       0xb4 CMakeFiles/usb_host_keyboard.dir/Pico-PIO-USB/src/pio_usb_host.c.obj
                0x10007094                pio_usb_host_endpoint_abort_transfer
 .text.calc_usb_crc16
                0x10007148       0x34 CMakeFiles/usb_host_keyboard.dir/Pico-PIO-USB/src/usb_crc.c.obj
                0x10007148                calc_usb_crc16
 .text.add_program_at_offset
                0x1000717c       0xa4 CMakeFiles/usb_host_keyboard.dir/_deps/pico_sdk-src/src/rp2_common/hardware_pio/pio.c.obj
 .text.pio_sm_claim
                0x10007220       0x30 CMakeFiles/usb_host_keyboard.dir/_deps/pico_sdk-src/src/rp2_common/hardware_pio/pio.c.obj
                0x10007220                pio_sm_claim
 .text.pio_add_program
                0x10007250       0x74 CMakeFiles/usb_host_keyboard.dir/_deps/pico_sdk-src/src/rp2_common/hardware_pio/pio.c.obj
                0x10007250                pio_add_program
 .text.pio_add_program_at_offset
                0x100072c4       0xc0 CMakeFiles/usb_host_keyboard.dir/_deps/pico_sdk-src/src/rp2_common/hardware_pio/pio.c.obj
                0x100072c4                pio_add_program_at_offset
 .text.pio_sm_set_pins_with_mask64
                0x10007384       0xa8 CMakeFiles/usb_host_keyboard.dir/_deps/pico_sdk-src/src/rp2_common/hardware_pio/pio.c.obj
                0x10007384                pio_sm_set_pins_with_mask64
 .text.pio_sm_set_pindirs_with_mask64
                0x1000742c       0xac CMakeFiles/usb_host_keyboard.dir/_deps/pico_sdk-src/src/rp2_common/hardware_pio/pio.c.obj
                0x1000742c                pio_sm_set_pindirs_with_mask64
 .text.pio_sm_set_consecutive_pindirs
                0x100074d8       0xb4 CMakeFiles/usb_host_keyboard.dir/_deps/pico_sdk-src/src/rp2_common/hardware_pio/pio.c.obj
                0x100074d8                pio_sm_set_consecutive_pindirs
 .text.pio_sm_init
                0x1000758c       0x9c CMakeFiles/usb_host_keyboard.dir/_deps/pico_sdk-src/src/rp2_common/hardware_pio/pio.c.obj
                0x1000758c                pio_sm_init
 .text.dma_claim_mask
                0x10007628       0x44 CMakeFiles/usb_host_keyboard.dir/_deps/pico_sdk-src/src/rp2_common/hardware_dma/dma.c.obj
                0x10007628                dma_claim_mask
 .text.calloc   0x1000766c       0x18 C:/PROGRA~2/ARMGNU~1/142BCE~1.3RE/bin/../lib/gcc/arm-none-eabi/14.3.1/../../../../arm-none-eabi/lib/thumb/v6-m/nofp\libg.a(libc_a-calloc.o)
                0x1000766c                calloc
 .text._calloc_r
                0x10007684       0xa8 C:/PROGRA~2/ARMGNU~1/142BCE~1.3RE/bin/../lib/gcc/arm-none-eabi/14.3.1/../../../../arm-none-eabi/lib/thumb/v6-m/nofp\libg.a(libc_a-callocr.o)
                0x10007684                _calloc_r
 .text.malloc   0x1000772c       0x14 C:/PROGRA~2/ARMGNU~1/142BCE~1.3RE/bin/../lib/gcc/arm-none-eabi/14.3.1/../../../../arm-none-eabi/lib/thumb/v6-m/nofp\libg.a(libc_a-malloc.o)
                0x1000772c                malloc
 .text._malloc_r
                0x10007740      0x5cc C:/PROGRA~2/ARMGNU~1/142BCE~1.3RE/bin/../lib/gcc/arm-none-eabi/14.3.1/../../../../arm-none-eabi/lib/thumb/v6-m/nofp\libg.a(libc_a-mallocr.o)
                0x10007740                _malloc_r
 .text.__malloc_lock
                0x10007d0c       0x10 C:/PROGRA~2/ARMGNU~1/142BCE~1.3RE/bin/../lib/gcc/arm-none-eabi/14.3.1/../../../../arm-none-eabi/lib/thumb/v6-m/nofp\libg.a(libc_a-mlock.o)
                0x10007d0c                __malloc_lock
 .text.__malloc_unlock
                0x10007d1c       0x10 C:/PROGRA~2/ARMGNU~1/142BCE~1.3RE/bin/../lib/gcc/arm-none-eabi/14.3.1/../../../../arm-none-eabi/lib/thumb/v6-m/nofp\libg.a(libc_a-mlock.o)
                0x10007d1c                __malloc_unlock
 .text.memcmp   0x10007d2c       0x48 C:/PROGRA~2/ARMGNU~1/142BCE~1.3RE/bin/../lib/gcc/arm-none-eabi/14.3.1/../../../../arm-none-eabi/lib/thumb/v6-m/nofp\libg.a(libc_a-memcmp.o)
                0x10007d2c                memcmp
 .text._sbrk_r  0x10007d74       0x24 C:/PROGRA~2/ARMGNU~1/142BCE~1.3RE/bin/../lib/gcc/arm-none-eabi/14.3.1/../../../../arm-none-eabi/lib/thumb/v6-m/nofp\libg.a(libc_a-sbrkr.o)
                0x10007d74                _sbrk_r
 .text.__errno  0x10007d98        0xc C:/PROGRA~2/ARMGNU~1/142BCE~1.3RE/bin/../lib/gcc/arm-none-eabi/14.3.1/../../../../arm-none-eabi/lib/thumb/v6-m/nofp\libg.a(libc_a-errno.o)
                0x10007d98                __errno
 .text.__retarget_lock_acquire_recursive
                0x10007da4        0x4 C:/PROGRA~2/ARMGNU~1/142BCE~1.3RE/bin/../lib/gcc/arm-none-eabi/14.3.1/../../../../arm-none-eabi/lib/thumb/v6-m/nofp\libg.a(libc_a-lock.o)
                0x10007da4                __retarget_lock_acquire_recursive
 .text.__retarget_lock_release_recursive
                0x10007da8        0x4 C:/PROGRA~2/ARMGNU~1/142BCE~1.3RE/bin/../lib/gcc/arm-none-eabi/14.3.1/../../../../arm-none-eabi/lib/thumb/v6-m/nofp\libg.a(libc_a-lock.o)
                0x10007da8                __retarget_lock_release_recursive
 .text.sysconf  0x10007dac       0x1c C:/PROGRA~2/ARMGNU~1/142BCE~1.3RE/bin/../lib/gcc/arm-none-eabi/14.3.1/../../../../arm-none-eabi/lib/thumb/v6-m/nofp\libg.a(libc_a-sysconf.o)
                0x10007dac                sysconf
 .text.strlen   0x10007dc8       0x5c C:/PROGRA~2/ARMGNU~1/142BCE~1.3RE/bin/../lib/gcc/arm-none-eabi/14.3.1/../../../../arm-none-eabi/lib/thumb/v6-m/nofp\libg.a(libc_a-strlen-stub.o)
                0x10007dc8                strlen
 .text._malloc_trim_r
                0x10007e24       0xb4 C:/PROGRA~2/ARMGNU~1/142BCE~1.3RE/bin/../lib/gcc/arm-none-eabi/14.3.1/../../../../arm-none-eabi/lib/thumb/v6-m/nofp\libg.a(libc_a-freer.o)
                0x10007e24                _malloc_trim_r
 .text._free_r  0x10007ed8      0x1f0 C:/PROGRA~2/ARMGNU~1/142BCE~1.3RE/bin/../lib/gcc/arm-none-eabi/14.3.1/../../../../arm-none-eabi/lib/thumb/v6-m/nofp\libg.a(libc_a-freer.o)
                0x10007ed8                _free_r
 *(.fini)
 .fini          0x100080c8        0x4 C:/PROGRA~2/ARMGNU~1/142BCE~1.3RE/bin/../lib/gcc/arm-none-eabi/14.3.1/thumb/v6-m/nofp/crti.o
                0x100080c8                _fini
 *fill*         0x100080cc        0x4 
 .fini.__stub   0x100080d0       0xc0 linker stubs
 *crtbegin.o(.ctors)
 *crtbegin?.o(.ctors)
 *(EXCLUDE_FILE(*crtend.o *crtend?.o) .ctors)
 *(SORT_BY_NAME(.ctors.*))
 *(.ctors)
 *crtbegin.o(.dtors)
 *crtbegin?.o(.dtors)
 *(EXCLUDE_FILE(*crtend.o *crtend?.o) .dtors)
 *(SORT_BY_NAME(.dtors.*))
 *(.dtors)
                0x10008190                        . = ALIGN (0x4)
                0x10008190                        PROVIDE (__preinit_array_start = .)
 *(SORT_BY_NAME(.preinit_array.*))
 .preinit_array.00100
                0x10008190        0x4 CMakeFiles/usb_host_keyboard.dir/_deps/pico_sdk-src/src/rp2_common/pico_runtime_init/runtime_init.c.obj
                0x10008190                __pre_init_runtime_init_early_resets
 .preinit_array.00101
                0x10008194        0x4 CMakeFiles/usb_host_keyboard.dir/_deps/pico_sdk-src/src/rp2_common/pico_runtime_init/runtime_init.c.obj
                0x10008194                __pre_init_runtime_init_usb_power_down
 .preinit_array.00275
                0x10008198        0x4 CMakeFiles/usb_host_keyboard.dir/_deps/pico_sdk-src/src/rp2_common/pico_bit_ops/bit_ops_aeabi.S.obj
 .preinit_array.00300
                0x1000819c        0x4 CMakeFiles/usb_host_keyboard.dir/_deps/pico_sdk-src/src/rp2_common/pico_mem_ops/mem_ops_aeabi.S.obj
 .preinit_array.00350
                0x100081a0        0x4 CMakeFiles/usb_host_keyboard.dir/_deps/pico_sdk-src/src/rp2_common/pico_double/double_aeabi_rp2040.S.obj
 .preinit_array.00350
                0x100081a4        0x4 CMakeFiles/usb_host_keyboard.dir/_deps/pico_sdk-src/src/rp2_common/pico_float/float_aeabi_rp2040.S.obj
 .preinit_array.00500
                0x100081a8        0x4 CMakeFiles/usb_host_keyboard.dir/_deps/pico_sdk-src/src/rp2_common/pico_runtime_init/runtime_init.c.obj
                0x100081a8                __pre_init_runtime_init_clocks
 .preinit_array.00600
                0x100081ac        0x4 CMakeFiles/usb_host_keyboard.dir/_deps/pico_sdk-src/src/rp2_common/pico_runtime_init/runtime_init.c.obj
                0x100081ac                __pre_init_runtime_init_post_clock_resets
 .preinit_array.00700
                0x100081b0        0x4 CMakeFiles/usb_host_keyboard.dir/_deps/pico_sdk-src/src/rp2_common/pico_runtime_init/runtime_init.c.obj
                0x100081b0                __pre_init_runtime_init_rp2040_gpio_ie_disable
 .preinit_array.01000
                0x100081b4        0x4 CMakeFiles/usb_host_keyboard.dir/_deps/pico_sdk-src/src/rp2_common/pico_runtime_init/runtime_init.c.obj
                0x100081b4                __pre_init_runtime_init_spin_locks_reset
 .preinit_array.01100
                0x100081b8        0x4 CMakeFiles/usb_host_keyboard.dir/_deps/pico_sdk-src/src/common/pico_sync/mutex.c.obj
                0x100081b8                __pre_init_runtime_init_mutex
 .preinit_array.10080
                0x100081bc        0x4 CMakeFiles/usb_host_keyboard.dir/_deps/pico_sdk-src/src/rp2_common/pico_runtime_init/runtime_init.c.obj
                0x100081bc                __pre_init_runtime_init_install_ram_vector_table
 .preinit_array.11000
                0x100081c0        0x4 CMakeFiles/usb_host_keyboard.dir/_deps/pico_sdk-src/src/common/pico_time/time.c.obj
                0x100081c0                __pre_init_runtime_init_default_alarm_pool
 .preinit_array.YYYYY
                0x100081c4        0x4 CMakeFiles/usb_host_keyboard.dir/_deps/pico_sdk-src/src/rp2_common/pico_runtime/runtime.c.obj
                0x100081c4                __pre_init_first_per_core_initializer
 .preinit_array.ZZZZZ.01200
                0x100081c8        0x4 CMakeFiles/usb_host_keyboard.dir/_deps/pico_sdk-src/src/rp2_common/hardware_irq/irq.c.obj
                0x100081c8                __pre_init_runtime_init_per_core_irq_priorities
 *(.preinit_array)
                0x100081cc                        PROVIDE (__preinit_array_end = .)
                0x100081cc                        . = ALIGN (0x4)
                0x100081cc                        PROVIDE (__init_array_start = .)
 *(SORT_BY_NAME(.init_array.*))
 .init_array.01000
                0x100081cc        0x4 CMakeFiles/usb_host_keyboard.dir/_deps/pico_sdk-src/src/rp2_common/pico_unique_id/unique_id.c.obj
 *(.init_array)
 .init_array    0x100081d0        0x4 C:/PROGRA~2/ARMGNU~1/142BCE~1.3RE/bin/../lib/gcc/arm-none-eabi/14.3.1/thumb/v6-m/nofp/crtbegin.o
                0x100081d4                        PROVIDE (__init_array_end = .)
                0x100081d4                        . = ALIGN (0x4)
                [!provide]                        PROVIDE (__fini_array_start = .)
 *(SORT_BY_NAME(.fini_array.*))
 *(.fini_array)
                [!provide]                        PROVIDE (__fini_array_end = .)
 *(.eh_frame*)
 .eh_frame      0x100081d4        0x0 C:/PROGRA~2/ARMGNU~1/142BCE~1.3RE/bin/../lib/gcc/arm-none-eabi/14.3.1/thumb/v6-m/nofp/crtbegin.o
                0x100081d4                        . = ALIGN (0x4)

.glue_7         0x100081d4        0x0
 .glue_7        0x100081d4        0x0 linker stubs

.glue_7t        0x100081d4        0x0
 .glue_7t       0x100081d4        0x0 linker stubs

.vfp11_veneer   0x100081d4        0x0
 .vfp11_veneer  0x100081d4        0x0 linker stubs

.v4_bx          0x100081d4        0x0
 .v4_bx         0x100081d4        0x0 linker stubs

.iplt           0x100081d4        0x0
 .iplt          0x100081d4        0x0 C:/PROGRA~2/ARMGNU~1/142BCE~1.3RE/bin/../lib/gcc/arm-none-eabi/14.3.1/thumb/v6-m/nofp/crtbegin.o

.rodata         0x100081d8      0xc80
 *(EXCLUDE_FILE(*libm.a: *libc.a:*lib_a-mem*.o *libgcc.a:) .rodata*)
 .rodata.keycode_to_char.part.0
                0x100081d8       0x6c CMakeFiles/usb_host_keyboard.dir/KeyAnalyser.c.obj
 .rodata.tuh_hid_mount_cb.str1.4
                0x10008244      0x812 CMakeFiles/usb_host_keyboard.dir/KeyAnalyser.c.obj
                                0x1e0 (size before relaxing)
 .rodata.tuh_hid_umount_cb.str1.4
                0x10008a56       0x4b CMakeFiles/usb_host_keyboard.dir/KeyAnalyser.c.obj
 .rodata.tuh_hid_report_received_cb.str1.4
                0x10008a56       0x6f CMakeFiles/usb_host_keyboard.dir/KeyAnalyser.c.obj
 .rodata.print_summary.str1.4
                0x10008a56      0x1e0 CMakeFiles/usb_host_keyboard.dir/KeyAnalyser.c.obj
 .rodata.main.str1.4
                0x10008a56      0x1d7 CMakeFiles/usb_host_keyboard.dir/KeyAnalyser.c.obj
 *fill*         0x10008a56        0x2 
 .rodata.keycode_to_ascii_table
                0x10008a58       0x80 CMakeFiles/usb_host_keyboard.dir/KeyAnalyser.c.obj
                0x10008a58                keycode_to_ascii_table
 .rodata        0x10008ad8       0x10 CMakeFiles/usb_host_keyboard.dir/KeyAnalyser.c.obj
 .rodata.pio_usb_host_config
                0x10008ae8       0x10 CMakeFiles/usb_host_keyboard.dir/tusb_hcd_pio_usb.c.obj
                0x10008ae8                pio_usb_host_config
 .rodata.panic.str1.4
                0x10008af8       0x12 CMakeFiles/usb_host_keyboard.dir/_deps/pico_sdk-src/src/rp2_common/pico_platform_panic/panic.c.obj
 .rodata.spin_lock_claim_unused.str1.4
                0x10008af8       0x1b CMakeFiles/usb_host_keyboard.dir/_deps/pico_sdk-src/src/rp2_common/hardware_sync/sync.c.obj
 .rodata.timer_hardware_alarm_claim.str1.4
                0x10008af8       0x22 CMakeFiles/usb_host_keyboard.dir/_deps/pico_sdk-src/src/rp2_common/hardware_timer/timer.c.obj
 .rodata.hard_assertion_failure.str1.4
                0x10008af8        0xc CMakeFiles/usb_host_keyboard.dir/_deps/pico_sdk-src/src/rp2_common/pico_runtime/runtime.c.obj
 .rodata.__wrap_malloc.str1.4
                0x10008af8        0xe CMakeFiles/usb_host_keyboard.dir/_deps/pico_sdk-src/src/rp2_common/pico_malloc/malloc.c.obj
 .rodata.str1.4
                0x10008af8       0x7c CMakeFiles/usb_host_keyboard.dir/_deps/pico_sdk-src/src/rp2_common/pico_standard_binary_info/standard_binary_info.c.obj
 .rodata.__bi_84
                0x10008af8        0xc CMakeFiles/usb_host_keyboard.dir/_deps/pico_sdk-src/src/rp2_common/pico_standard_binary_info/standard_binary_info.c.obj
 .rodata.__bi_78
                0x10008b04        0xc CMakeFiles/usb_host_keyboard.dir/_deps/pico_sdk-src/src/rp2_common/pico_standard_binary_info/standard_binary_info.c.obj
 .rodata.__bi_66
                0x10008b10        0xc CMakeFiles/usb_host_keyboard.dir/_deps/pico_sdk-src/src/rp2_common/pico_standard_binary_info/standard_binary_info.c.obj
 .rodata.__bi_60
                0x10008b1c        0xc CMakeFiles/usb_host_keyboard.dir/_deps/pico_sdk-src/src/rp2_common/pico_standard_binary_info/standard_binary_info.c.obj
 .rodata.__bi_54
                0x10008b28        0xc CMakeFiles/usb_host_keyboard.dir/_deps/pico_sdk-src/src/rp2_common/pico_standard_binary_info/standard_binary_info.c.obj
 .rodata.__bi_48
                0x10008b34        0xc CMakeFiles/usb_host_keyboard.dir/_deps/pico_sdk-src/src/rp2_common/pico_standard_binary_info/standard_binary_info.c.obj
 .rodata.__bi_42
                0x10008b40        0xc CMakeFiles/usb_host_keyboard.dir/_deps/pico_sdk-src/src/rp2_common/pico_standard_binary_info/standard_binary_info.c.obj
 .rodata.__bi_34
                0x10008b4c        0xc CMakeFiles/usb_host_keyboard.dir/_deps/pico_sdk-src/src/rp2_common/pico_standard_binary_info/standard_binary_info.c.obj
 .rodata.__bi_26
                0x10008b58        0xc CMakeFiles/usb_host_keyboard.dir/_deps/pico_sdk-src/src/rp2_common/pico_standard_binary_info/standard_binary_info.c.obj
 .rodata._ftoa.str1.4
                0x10008b64       0x15 CMakeFiles/usb_host_keyboard.dir/_deps/pico_sdk-src/src/rp2_common/pico_printf/printf.c.obj
 .rodata._vsnprintf
                0x10008b64      0x19c CMakeFiles/usb_host_keyboard.dir/_deps/pico_sdk-src/src/rp2_common/pico_printf/printf.c.obj
 .rodata.pow10.0
                0x10008d00       0x50 CMakeFiles/usb_host_keyboard.dir/_deps/pico_sdk-src/src/rp2_common/pico_printf/printf.c.obj
 .rodata.crlf_str.0
                0x10008d50        0x2 CMakeFiles/usb_host_keyboard.dir/_deps/pico_sdk-src/src/rp2_common/pico_stdio/stdio.c.obj
 .rodata.str1.4
                0x10008d52       0x2c CMakeFiles/usb_host_keyboard.dir/_deps/pico_sdk-src/src/rp2_common/pico_stdio_uart/stdio_uart.c.obj
 *fill*         0x10008d52        0x2 
 .rodata.__bi_45.4
                0x10008d54        0xc CMakeFiles/usb_host_keyboard.dir/_deps/pico_sdk-src/src/rp2_common/pico_stdio_uart/stdio_uart.c.obj
 .rodata.__bi_49.5
                0x10008d60        0x8 CMakeFiles/usb_host_keyboard.dir/_deps/pico_sdk-src/src/rp2_common/pico_stdio_uart/stdio_uart.c.obj
 .rodata.__bi_50.6
                0x10008d68        0x8 CMakeFiles/usb_host_keyboard.dir/_deps/pico_sdk-src/src/rp2_common/pico_stdio_uart/stdio_uart.c.obj
 .rodata.process_enumeration
                0x10008d70       0x28 CMakeFiles/usb_host_keyboard.dir/_deps/pico_sdk-src/lib/tinyusb/src/host/usbh.c.obj
 .rodata.usbh_class_drivers
                0x10008d98       0x1c CMakeFiles/usb_host_keyboard.dir/_deps/pico_sdk-src/lib/tinyusb/src/host/usbh.c.obj
 .rodata.str1.4
                0x10008db4        0x4 CMakeFiles/usb_host_keyboard.dir/_deps/pico_sdk-src/lib/tinyusb/hw/bsp/rp2040/family.c.obj
 .rodata.__bi_153.0
                0x10008db4        0xc CMakeFiles/usb_host_keyboard.dir/_deps/pico_sdk-src/lib/tinyusb/hw/bsp/rp2040/family.c.obj
 .rodata.__bi_163.1
                0x10008dc0        0x8 CMakeFiles/usb_host_keyboard.dir/_deps/pico_sdk-src/lib/tinyusb/hw/bsp/rp2040/family.c.obj
 .rodata.usb_nrzi_decoder_debug_program
                0x10008dc8        0x8 CMakeFiles/usb_host_keyboard.dir/Pico-PIO-USB/src/pio_usb.c.obj
 .rodata.usb_nrzi_decoder_debug_program_instructions
                0x10008dd0       0x14 CMakeFiles/usb_host_keyboard.dir/Pico-PIO-USB/src/pio_usb.c.obj
 .rodata.usb_nrzi_decoder_program
                0x10008de4        0x8 CMakeFiles/usb_host_keyboard.dir/Pico-PIO-USB/src/pio_usb.c.obj
 .rodata.usb_nrzi_decoder_program_instructions
                0x10008dec       0x14 CMakeFiles/usb_host_keyboard.dir/Pico-PIO-USB/src/pio_usb.c.obj
 .rodata.usb_edge_detector_debug_program
                0x10008e00        0x8 CMakeFiles/usb_host_keyboard.dir/Pico-PIO-USB/src/pio_usb.c.obj
 .rodata.usb_edge_detector_debug_program_instructions
                0x10008e08       0x22 CMakeFiles/usb_host_keyboard.dir/Pico-PIO-USB/src/pio_usb.c.obj
 *fill*         0x10008e2a        0x2 
 .rodata.usb_edge_detector_program
                0x10008e2c        0x8 CMakeFiles/usb_host_keyboard.dir/Pico-PIO-USB/src/pio_usb.c.obj
 .rodata.usb_edge_detector_program_instructions
                0x10008e34       0x22 CMakeFiles/usb_host_keyboard.dir/Pico-PIO-USB/src/pio_usb.c.obj
 .rodata.pio_usb_host_send_setup.str1.4
                0x10008e56       0x15 CMakeFiles/usb_host_keyboard.dir/Pico-PIO-USB/src/pio_usb_host.c.obj
 .rodata.pio_usb_host_endpoint_transfer.str1.4
                0x10008e56       0x15 CMakeFiles/usb_host_keyboard.dir/Pico-PIO-USB/src/pio_usb_host.c.obj
 .rodata.pio_sm_claim.str1.4
                0x10008e56       0x40 CMakeFiles/usb_host_keyboard.dir/_deps/pico_sdk-src/src/rp2_common/hardware_pio/pio.c.obj
 .rodata.dma_channel_claim.str1.4
                0x10008e56       0x22 CMakeFiles/usb_host_keyboard.dir/_deps/pico_sdk-src/src/rp2_common/hardware_dma/dma.c.obj
                0x10008e98                        . = ALIGN (0x4)
 *fill*         0x10008e56        0x2 
 *(SORT_BY_ALIGNMENT(SORT_BY_NAME(.flashdata*)))
                0x10008e58                        . = ALIGN (0x4)

.ARM.extab
 *(.ARM.extab* .gnu.linkonce.armextab.*)
                0x10008e58                        __exidx_start = .

.ARM.exidx
 *(.ARM.exidx* .gnu.linkonce.armexidx.*)
                0x10008e58                        __exidx_end = .
                0x10008e58                        . = ALIGN (0x4)
                0x10008e58                        __binary_info_start = .

.binary_info    0x10008e58       0x38
 *(.binary_info.keep.*)
 .binary_info.keep.__bi_ptr84
                0x10008e58        0x4 CMakeFiles/usb_host_keyboard.dir/_deps/pico_sdk-src/src/rp2_common/pico_standard_binary_info/standard_binary_info.c.obj
 .binary_info.keep.__bi_ptr78
                0x10008e5c        0x4 CMakeFiles/usb_host_keyboard.dir/_deps/pico_sdk-src/src/rp2_common/pico_standard_binary_info/standard_binary_info.c.obj
 .binary_info.keep.__bi_ptr66
                0x10008e60        0x4 CMakeFiles/usb_host_keyboard.dir/_deps/pico_sdk-src/src/rp2_common/pico_standard_binary_info/standard_binary_info.c.obj
 .binary_info.keep.__bi_ptr60
                0x10008e64        0x4 CMakeFiles/usb_host_keyboard.dir/_deps/pico_sdk-src/src/rp2_common/pico_standard_binary_info/standard_binary_info.c.obj
 .binary_info.keep.__bi_ptr54
                0x10008e68        0x4 CMakeFiles/usb_host_keyboard.dir/_deps/pico_sdk-src/src/rp2_common/pico_standard_binary_info/standard_binary_info.c.obj
 .binary_info.keep.__bi_ptr48
                0x10008e6c        0x4 CMakeFiles/usb_host_keyboard.dir/_deps/pico_sdk-src/src/rp2_common/pico_standard_binary_info/standard_binary_info.c.obj
 .binary_info.keep.__bi_ptr42
                0x10008e70        0x4 CMakeFiles/usb_host_keyboard.dir/_deps/pico_sdk-src/src/rp2_common/pico_standard_binary_info/standard_binary_info.c.obj
 .binary_info.keep.__bi_ptr34
                0x10008e74        0x4 CMakeFiles/usb_host_keyboard.dir/_deps/pico_sdk-src/src/rp2_common/pico_standard_binary_info/standard_binary_info.c.obj
 .binary_info.keep.__bi_ptr26
                0x10008e78        0x4 CMakeFiles/usb_host_keyboard.dir/_deps/pico_sdk-src/src/rp2_common/pico_standard_binary_info/standard_binary_info.c.obj
 .binary_info.keep.__bi_ptr163
                0x10008e7c        0x4 CMakeFiles/usb_host_keyboard.dir/_deps/pico_sdk-src/lib/tinyusb/hw/bsp/rp2040/family.c.obj
 .binary_info.keep.__bi_ptr153
                0x10008e80        0x4 CMakeFiles/usb_host_keyboard.dir/_deps/pico_sdk-src/lib/tinyusb/hw/bsp/rp2040/family.c.obj
 *(.binary_info.*)
 .binary_info.__bi_ptr50
                0x10008e84        0x4 CMakeFiles/usb_host_keyboard.dir/_deps/pico_sdk-src/src/rp2_common/pico_stdio_uart/stdio_uart.c.obj
 .binary_info.__bi_ptr49
                0x10008e88        0x4 CMakeFiles/usb_host_keyboard.dir/_deps/pico_sdk-src/src/rp2_common/pico_stdio_uart/stdio_uart.c.obj
 .binary_info.__bi_ptr45
                0x10008e8c        0x4 CMakeFiles/usb_host_keyboard.dir/_deps/pico_sdk-src/src/rp2_common/pico_stdio_uart/stdio_uart.c.obj
                0x10008e90                        __binary_info_end = .
                0x10008e90                        . = ALIGN (0x4)

.ram_vector_table
                0x20000000       0xc0
 *(.ram_vector_table)
 .ram_vector_table
                0x20000000       0xc0 CMakeFiles/usb_host_keyboard.dir/_deps/pico_sdk-src/src/rp2_common/pico_runtime_init/runtime_init.c.obj
                0x20000000                ram_vector_table

.uninitialized_data
                0x200000c0        0x0
                0x200000c0                        . = ALIGN (0x4)
 *(.uninitialized_data*)

.data           0x200000c0     0x3968 load address 0x10008e90
                0x200000c0                        __data_start__ = .
 *(vtable)
 *(.time_critical*)
 .time_critical.mutex_enter_blocking
                0x200000c0       0x44 CMakeFiles/usb_host_keyboard.dir/_deps/pico_sdk-src/src/common/pico_sync/mutex.c.obj
                0x200000c0                mutex_enter_blocking
 .time_critical.mutex_try_enter_block_until
                0x20000104       0x98 CMakeFiles/usb_host_keyboard.dir/_deps/pico_sdk-src/src/common/pico_sync/mutex.c.obj
                0x20000104                mutex_try_enter_block_until
 .time_critical.mutex_enter_timeout_ms
                0x2000019c       0x8c CMakeFiles/usb_host_keyboard.dir/_deps/pico_sdk-src/src/common/pico_sync/mutex.c.obj
                0x2000019c                mutex_enter_timeout_ms
 .time_critical.mutex_exit
                0x20000228       0x28 CMakeFiles/usb_host_keyboard.dir/_deps/pico_sdk-src/src/common/pico_sync/mutex.c.obj
                0x20000228                mutex_exit
 .time_critical.flash_init_boot2_copyout
                0x20000250       0x30 CMakeFiles/usb_host_keyboard.dir/_deps/pico_sdk-src/src/rp2_common/hardware_flash/flash.c.obj
 .time_critical.flash_enable_xip_via_boot2
                0x20000280        0xc CMakeFiles/usb_host_keyboard.dir/_deps/pico_sdk-src/src/rp2_common/hardware_flash/flash.c.obj
 .time_critical.flash_save_hardware_state
                0x2000028c       0x20 CMakeFiles/usb_host_keyboard.dir/_deps/pico_sdk-src/src/rp2_common/hardware_flash/flash.c.obj
 .time_critical.flash_restore_hardware_state
                0x200002ac       0x20 CMakeFiles/usb_host_keyboard.dir/_deps/pico_sdk-src/src/rp2_common/hardware_flash/flash.c.obj
 .time_critical.flash_cs_force
                0x200002cc       0x38 CMakeFiles/usb_host_keyboard.dir/_deps/pico_sdk-src/src/rp2_common/hardware_flash/flash.c.obj
 .time_critical.flash_do_cmd
                0x20000304      0x13c CMakeFiles/usb_host_keyboard.dir/_deps/pico_sdk-src/src/rp2_common/hardware_flash/flash.c.obj
                0x20000304                flash_do_cmd
 .time_critical.usb_tx_configure_pins
                0x20000440       0x84 CMakeFiles/usb_host_keyboard.dir/Pico-PIO-USB/src/pio_usb.c.obj
 .time_critical.send_pre
                0x200004c4      0x10c CMakeFiles/usb_host_keyboard.dir/Pico-PIO-USB/src/pio_usb.c.obj
 .time_critical.pio_usb_ll_encode_tx_data
                0x200005d0     0x1054 CMakeFiles/usb_host_keyboard.dir/Pico-PIO-USB/src/pio_usb.c.obj
                0x200010a4                pio_usb_ll_encode_tx_data
 .time_critical.initialize_host_programs
                0x20001624      0x5a4 CMakeFiles/usb_host_keyboard.dir/Pico-PIO-USB/src/pio_usb.c.obj
 .time_critical.pio_usb_bus_usb_transfer
                0x20001bc8       0x90 CMakeFiles/usb_host_keyboard.dir/Pico-PIO-USB/src/pio_usb.c.obj
                0x20001bc8                pio_usb_bus_usb_transfer
 .time_critical.pio_usb_bus_send_token
                0x20001c58       0xc8 CMakeFiles/usb_host_keyboard.dir/Pico-PIO-USB/src/pio_usb.c.obj
                0x20001c58                pio_usb_bus_send_token
 .time_critical.pio_usb_bus_prepare_receive
                0x20001d20       0x58 CMakeFiles/usb_host_keyboard.dir/Pico-PIO-USB/src/pio_usb.c.obj
                0x20001d20                pio_usb_bus_prepare_receive
 .time_critical.pio_usb_bus_wait_handshake
                0x20001d78       0xdc CMakeFiles/usb_host_keyboard.dir/Pico-PIO-USB/src/pio_usb.c.obj
                0x20001d78                pio_usb_bus_wait_handshake
 .time_critical.pio_usb_bus_receive_packet_and_handshake
                0x20001e54      0x2c0 CMakeFiles/usb_host_keyboard.dir/Pico-PIO-USB/src/pio_usb.c.obj
                0x20001e54                pio_usb_bus_receive_packet_and_handshake
 .time_critical.pio_usb_ll_configure_endpoint
                0x20002114       0x20 CMakeFiles/usb_host_keyboard.dir/Pico-PIO-USB/src/pio_usb.c.obj
                0x20002114                pio_usb_ll_configure_endpoint
 .time_critical.pio_usb_ll_transfer_start
                0x20002134       0x94 CMakeFiles/usb_host_keyboard.dir/Pico-PIO-USB/src/pio_usb.c.obj
                0x20002134                pio_usb_ll_transfer_start
 .time_critical.pio_usb_ll_transfer_complete
                0x200021c8       0x60 CMakeFiles/usb_host_keyboard.dir/Pico-PIO-USB/src/pio_usb.c.obj
                0x200021c8                pio_usb_ll_transfer_complete
 .time_critical.pio_usb_ll_transfer_continue
                0x20002228       0x9c CMakeFiles/usb_host_keyboard.dir/Pico-PIO-USB/src/pio_usb.c.obj
                0x20002228                pio_usb_ll_transfer_continue
 .time_critical.tx_program
                0x200022c4       0x4e CMakeFiles/usb_host_keyboard.dir/Pico-PIO-USB/src/pio_usb.c.obj
 *fill*         0x20002312        0x2 
 .time_critical.usb_tx_configure_pins
                0x20002314       0x84 CMakeFiles/usb_host_keyboard.dir/Pico-PIO-USB/src/pio_usb_host.c.obj
 .time_critical.override_pio_program
                0x20002398       0x2c CMakeFiles/usb_host_keyboard.dir/Pico-PIO-USB/src/pio_usb_host.c.obj
 .time_critical.connection_check
                0x200023c4       0xdc CMakeFiles/usb_host_keyboard.dir/Pico-PIO-USB/src/pio_usb_host.c.obj
 .time_critical.restore_fs_bus
                0x200024a0       0xc0 CMakeFiles/usb_host_keyboard.dir/Pico-PIO-USB/src/pio_usb_host.c.obj
 .time_critical.configure_tx_program
                0x20002560       0x34 CMakeFiles/usb_host_keyboard.dir/Pico-PIO-USB/src/pio_usb_host.c.obj
 .time_critical.configure_fullspeed_host
                0x20002594      0x10c CMakeFiles/usb_host_keyboard.dir/Pico-PIO-USB/src/pio_usb_host.c.obj
 .time_critical.configure_lowspeed_host
                0x200026a0      0x10c CMakeFiles/usb_host_keyboard.dir/Pico-PIO-USB/src/pio_usb_host.c.obj
 .time_critical.configure_root_port
                0x200027ac       0x14 CMakeFiles/usb_host_keyboard.dir/Pico-PIO-USB/src/pio_usb_host.c.obj
 .time_critical.usb_out_transaction
                0x200027c0       0xd4 CMakeFiles/usb_host_keyboard.dir/Pico-PIO-USB/src/pio_usb_host.c.obj
 .time_critical.usb_in_transaction
                0x20002894       0xb8 CMakeFiles/usb_host_keyboard.dir/Pico-PIO-USB/src/pio_usb_host.c.obj
 .time_critical.usb_setup_transaction
                0x2000294c       0x90 CMakeFiles/usb_host_keyboard.dir/Pico-PIO-USB/src/pio_usb_host.c.obj
 .time_critical.handle_endpoint_irq
                0x200029dc      0x23c CMakeFiles/usb_host_keyboard.dir/Pico-PIO-USB/src/pio_usb_host.c.obj
 .time_critical.__pio_usb_host_irq_handler
                0x20002c18       0x60 CMakeFiles/usb_host_keyboard.dir/Pico-PIO-USB/src/pio_usb_host.c.obj
                0x20002c18                pio_usb_host_irq_handler
 .time_critical.pio_usb_host_frame
                0x20002c78      0x2bc CMakeFiles/usb_host_keyboard.dir/Pico-PIO-USB/src/pio_usb_host.c.obj
                0x20002c78                pio_usb_host_frame
 .time_critical.sof_timer
                0x20002f34        0xc CMakeFiles/usb_host_keyboard.dir/Pico-PIO-USB/src/pio_usb_host.c.obj
 .time_critical.tx_program
                0x20002f40       0x4e CMakeFiles/usb_host_keyboard.dir/Pico-PIO-USB/src/pio_usb_host.c.obj
 *fill*         0x20002f8e        0x2 
 .time_critical.calc_usb_crc5
                0x20002f90       0x2c CMakeFiles/usb_host_keyboard.dir/Pico-PIO-USB/src/usb_crc.c.obj
                0x20002f90                calc_usb_crc5
 .time_critical.crc_tbl
                0x20002fbc      0x200 CMakeFiles/usb_host_keyboard.dir/Pico-PIO-USB/src/usb_crc.c.obj
                0x20002fbc                crc16_tbl
 .time_critical.crc5_tbl
                0x200031bc       0x20 CMakeFiles/usb_host_keyboard.dir/Pico-PIO-USB/src/usb_crc.c.obj
                0x200031bc                crc5_tbl
 *(.text*)
 .text          0x200031dc        0x4 C:/PROGRA~2/ARMGNU~1/142BCE~1.3RE/bin/../lib/gcc/arm-none-eabi/14.3.1/thumb/v6-m/nofp\libgcc.a(_dvmd_tls.o)
                0x200031dc                __aeabi_idiv0
                0x200031dc                __aeabi_ldiv0
 .text.__stub   0x200031e0      0x150 linker stubs
                0x20003330                        . = ALIGN (0x4)
 *(.rodata*)
                0x20003330                        . = ALIGN (0x4)
 *(.data*)
 .data.striped_spin_lock_num
                0x20003330        0x1 CMakeFiles/usb_host_keyboard.dir/_deps/pico_sdk-src/src/rp2_common/hardware_sync/sync.c.obj
 *fill*         0x20003331        0x3 
 .data          0x20003334       0x48 CMakeFiles/usb_host_keyboard.dir/_deps/pico_sdk-src/src/rp2_common/hardware_irq/irq_handler_chain.S.obj
                0x20003334                irq_handler_chain_slots
                0x20003364                irq_handler_chain_first_slot
                0x2000336e                irq_handler_chain_remove_tail
 .data.default_alarm_pool
                0x2000337c       0x18 CMakeFiles/usb_host_keyboard.dir/_deps/pico_sdk-src/src/common/pico_time/time.c.obj
 *fill*         0x20003394        0xc 
 .data.aeabi_bits_funcs
                0x200033a0       0x10 CMakeFiles/usb_host_keyboard.dir/_deps/pico_sdk-src/src/rp2_common/pico_bit_ops/bit_ops_aeabi.S.obj
                0x200033a0                aeabi_bits_funcs
                0x200033b0                aeabi_bits_funcs_end
 .data.aeabi_mem_funcs
                0x200033b0       0x10 CMakeFiles/usb_host_keyboard.dir/_deps/pico_sdk-src/src/rp2_common/pico_mem_ops/mem_ops_aeabi.S.obj
                0x200033b0                aeabi_mem_funcs
                0x200033c0                aeabi_mem_funcs_end
 .data.stdio_uart
                0x200033c0       0x18 CMakeFiles/usb_host_keyboard.dir/_deps/pico_sdk-src/src/rp2_common/pico_stdio_uart/stdio_uart.c.obj
                0x200033c0                stdio_uart
 .data._usbh_qdef
                0x200033d8       0x1c CMakeFiles/usb_host_keyboard.dir/_deps/pico_sdk-src/lib/tinyusb/src/host/usbh.c.obj
                0x200033d8                _usbh_qdef
 .data._usbh_controller
                0x200033f4        0x1 CMakeFiles/usb_host_keyboard.dir/_deps/pico_sdk-src/lib/tinyusb/src/host/usbh.c.obj
 *fill*         0x200033f5        0x3 
 .data.sof_packet
                0x200033f8        0x4 CMakeFiles/usb_host_keyboard.dir/Pico-PIO-USB/src/pio_usb_host.c.obj
 .data.__malloc_sbrk_base
                0x200033fc        0x4 C:/PROGRA~2/ARMGNU~1/142BCE~1.3RE/bin/../lib/gcc/arm-none-eabi/14.3.1/../../../../arm-none-eabi/lib/thumb/v6-m/nofp\libg.a(libc_a-mallocr.o)
                0x200033fc                __malloc_sbrk_base
 .data.__malloc_trim_threshold
                0x20003400        0x4 C:/PROGRA~2/ARMGNU~1/142BCE~1.3RE/bin/../lib/gcc/arm-none-eabi/14.3.1/../../../../arm-none-eabi/lib/thumb/v6-m/nofp\libg.a(libc_a-mallocr.o)
                0x20003400                __malloc_trim_threshold
 *fill*         0x20003404        0x4 
 .data.__malloc_av_
                0x20003408      0x408 C:/PROGRA~2/ARMGNU~1/142BCE~1.3RE/bin/../lib/gcc/arm-none-eabi/14.3.1/../../../../arm-none-eabi/lib/thumb/v6-m/nofp\libg.a(libc_a-mallocr.o)
                0x20003408                __malloc_av_
 .data._impure_ptr
                0x20003810        0x4 C:/PROGRA~2/ARMGNU~1/142BCE~1.3RE/bin/../lib/gcc/arm-none-eabi/14.3.1/../../../../arm-none-eabi/lib/thumb/v6-m/nofp\libg.a(libc_a-impure.o)
                0x20003810                _impure_ptr
 *fill*         0x20003814        0x4 
 .data._impure_data
                0x20003818      0x200 C:/PROGRA~2/ARMGNU~1/142BCE~1.3RE/bin/../lib/gcc/arm-none-eabi/14.3.1/../../../../arm-none-eabi/lib/thumb/v6-m/nofp\libg.a(libc_a-impure.o)
                0x20003818                _impure_data
                0x20003a18                        . = ALIGN (0x4)
 *(.after_data.*)
                0x20003a18                        . = ALIGN (0x4)
                0x20003a18                        PROVIDE (__mutex_array_start = .)
 *(SORT_BY_NAME(.mutex_array.*))
 *(.mutex_array)
 .mutex_array   0x20003a18        0x8 CMakeFiles/usb_host_keyboard.dir/_deps/pico_sdk-src/src/rp2_common/pico_malloc/malloc.c.obj
 .mutex_array   0x20003a20        0x8 CMakeFiles/usb_host_keyboard.dir/_deps/pico_sdk-src/src/rp2_common/pico_stdio/stdio.c.obj
                0x20003a28                        PROVIDE (__mutex_array_end = .)
                0x20003a28                        . = ALIGN (0x4)
 *(.jcr)
                0x20003a28                        . = ALIGN (0x4)

.tm_clone_table
                0x20003a28        0x0 load address 0x1000c7f8
 .tm_clone_table
                0x20003a28        0x0 C:/PROGRA~2/ARMGNU~1/142BCE~1.3RE/bin/../lib/gcc/arm-none-eabi/14.3.1/thumb/v6-m/nofp/crtbegin.o
 .tm_clone_table
                0x20003a28        0x0 C:/PROGRA~2/ARMGNU~1/142BCE~1.3RE/bin/../lib/gcc/arm-none-eabi/14.3.1/thumb/v6-m/nofp/crtend.o

.igot.plt       0x20003a28        0x0 load address 0x1000c7f8
 .igot.plt      0x20003a28        0x0 C:/PROGRA~2/ARMGNU~1/142BCE~1.3RE/bin/../lib/gcc/arm-none-eabi/14.3.1/thumb/v6-m/nofp/crtbegin.o

.tdata          0x20003a28        0x0 load address 0x1000c7f8
                0x20003a28                        . = ALIGN (0x4)
 *(.tdata .tdata.* .gnu.linkonce.td.*)
                0x20003a28                        __tdata_end = .
                0x20003a28                        PROVIDE (__data_end__ = .)
                0x10008e90                        __etext = LOADADDR (.data)

.tbss           0x20003a28        0x0 load address 0x1000c7f8
                0x20003a28                        . = ALIGN (0x4)
                0x20003a28                        __bss_start__ = .
                0x20003a28                        __tls_base = .
 *(.tbss .tbss.* .gnu.linkonce.tb.*)
 *(.tcommon)
                0x20003a28                        __tls_end = .

.bss            0x20003a28     0x2cf4 load address 0x1000c7f8
                0x20003a28                        . = ALIGN (0x4)
                0x20003a28                        __tbss_end = .
 *(SORT_BY_ALIGNMENT(SORT_BY_NAME(.bss*)))
 .bss.default_alarm_pool_entries
                0x20003a28      0x180 CMakeFiles/usb_host_keyboard.dir/_deps/pico_sdk-src/src/common/pico_time/time.c.obj
 .bss.sd_table  0x20003ba8      0x100 CMakeFiles/usb_host_keyboard.dir/_deps/pico_sdk-src/src/rp2_common/pico_double/double_init_rom_rp2040.c.obj
                0x20003ba8                sd_table
 .bss.sf_table  0x20003ca8      0x100 CMakeFiles/usb_host_keyboard.dir/_deps/pico_sdk-src/src/rp2_common/pico_float/float_init_rom_rp2040.c.obj
                0x20003ca8                sf_table
 .bss.sof_rt    0x20003da8       0x18 CMakeFiles/usb_host_keyboard.dir/Pico-PIO-USB/src/pio_usb_host.c.obj
 .bss.__lock___malloc_recursive_mutex
                0x20003dc0        0x1 C:/PROGRA~2/ARMGNU~1/142BCE~1.3RE/bin/../lib/gcc/arm-none-eabi/14.3.1/../../../../arm-none-eabi/lib/thumb/v6-m/nofp\libg.a(libc_a-lock.o)
                0x20003dc0                __lock___malloc_recursive_mutex
 *fill*         0x20003dc1        0x3 
 .bss.__malloc_current_mallinfo
                0x20003dc4       0x28 C:/PROGRA~2/ARMGNU~1/142BCE~1.3RE/bin/../lib/gcc/arm-none-eabi/14.3.1/../../../../arm-none-eabi/lib/thumb/v6-m/nofp\libg.a(libc_a-mallocr.o)
                0x20003dc4                __malloc_current_mallinfo
 .bss.__malloc_max_sbrked_mem
                0x20003dec        0x4 C:/PROGRA~2/ARMGNU~1/142BCE~1.3RE/bin/../lib/gcc/arm-none-eabi/14.3.1/../../../../arm-none-eabi/lib/thumb/v6-m/nofp\libg.a(libc_a-mallocr.o)
                0x20003dec                __malloc_max_sbrked_mem
 .bss.__malloc_max_total_mem
                0x20003df0        0x4 C:/PROGRA~2/ARMGNU~1/142BCE~1.3RE/bin/../lib/gcc/arm-none-eabi/14.3.1/../../../../arm-none-eabi/lib/thumb/v6-m/nofp\libg.a(libc_a-mallocr.o)
                0x20003df0                __malloc_max_total_mem
 .bss.__malloc_top_pad
                0x20003df4        0x4 C:/PROGRA~2/ARMGNU~1/142BCE~1.3RE/bin/../lib/gcc/arm-none-eabi/14.3.1/../../../../arm-none-eabi/lib/thumb/v6-m/nofp\libg.a(libc_a-mallocr.o)
                0x20003df4                __malloc_top_pad
 .bss.__sf      0x20003df8      0x138 C:/PROGRA~2/ARMGNU~1/142BCE~1.3RE/bin/../lib/gcc/arm-none-eabi/14.3.1/../../../../arm-none-eabi/lib/thumb/v6-m/nofp\libg.a(libc_a-findfp.o)
                0x20003df8                __sf
 .bss._alarm_pool
                0x20003f30        0x4 CMakeFiles/usb_host_keyboard.dir/Pico-PIO-USB/src/pio_usb_host.c.obj
 .bss._app_driver
                0x20003f34        0x4 CMakeFiles/usb_host_keyboard.dir/_deps/pico_sdk-src/lib/tinyusb/src/host/usbh.c.obj
 .bss._ctrl_xfer
                0x20003f38       0x10 CMakeFiles/usb_host_keyboard.dir/_deps/pico_sdk-src/lib/tinyusb/src/host/usbh.c.obj
 .bss._dev0     0x20003f48        0x4 CMakeFiles/usb_host_keyboard.dir/_deps/pico_sdk-src/lib/tinyusb/src/host/usbh.c.obj
 .bss._hidh_epbuf
                0x20003f4c       0x80 CMakeFiles/usb_host_keyboard.dir/_deps/pico_sdk-src/lib/tinyusb/src/class/hid/hid_host.c.obj
 .bss._hidh_itf
                0x20003fcc        0xe CMakeFiles/usb_host_keyboard.dir/_deps/pico_sdk-src/lib/tinyusb/src/class/hid/hid_host.c.obj
 *fill*         0x20003fda        0x2 
 .bss._usbh_devices
                0x20003fdc       0x36 CMakeFiles/usb_host_keyboard.dir/_deps/pico_sdk-src/lib/tinyusb/src/host/usbh.c.obj
 *fill*         0x20004012        0x2 
 .bss._usbh_epbuf
                0x20004014      0x108 CMakeFiles/usb_host_keyboard.dir/_deps/pico_sdk-src/lib/tinyusb/src/host/usbh.c.obj
 .bss._usbh_mutex
                0x2000411c        0x4 CMakeFiles/usb_host_keyboard.dir/_deps/pico_sdk-src/lib/tinyusb/src/host/usbh.c.obj
 .bss._usbh_mutexdef
                0x20004120        0x8 CMakeFiles/usb_host_keyboard.dir/_deps/pico_sdk-src/lib/tinyusb/src/host/usbh.c.obj
 .bss._usbh_q   0x20004128        0x4 CMakeFiles/usb_host_keyboard.dir/_deps/pico_sdk-src/lib/tinyusb/src/host/usbh.c.obj
 .bss._usbh_qdef_buf
                0x2000412c       0xc0 CMakeFiles/usb_host_keyboard.dir/_deps/pico_sdk-src/lib/tinyusb/src/host/usbh.c.obj
                0x2000412c                _usbh_qdef_buf
 .bss._used_instruction_space
                0x200041ec        0x8 CMakeFiles/usb_host_keyboard.dir/_deps/pico_sdk-src/src/rp2_common/hardware_pio/pio.c.obj
 .bss.ack_encoded
                0x200041f4        0x5 CMakeFiles/usb_host_keyboard.dir/Pico-PIO-USB/src/pio_usb.c.obj
 *fill*         0x200041f9        0x3 
 .bss.boot2_copyout
                0x200041fc      0x100 CMakeFiles/usb_host_keyboard.dir/_deps/pico_sdk-src/src/rp2_common/hardware_flash/flash.c.obj
 .bss.chars_available_callback
                0x200042fc        0x4 CMakeFiles/usb_host_keyboard.dir/_deps/pico_sdk-src/src/rp2_common/pico_stdio_uart/stdio_uart.c.obj
 .bss.chars_available_param
                0x20004300        0x4 CMakeFiles/usb_host_keyboard.dir/_deps/pico_sdk-src/src/rp2_common/pico_stdio_uart/stdio_uart.c.obj
 .bss.claimed   0x20004304        0x4 CMakeFiles/usb_host_keyboard.dir/_deps/pico_sdk-src/src/rp2_common/hardware_sync/sync.c.obj
 .bss.claimed   0x20004308        0x1 CMakeFiles/usb_host_keyboard.dir/_deps/pico_sdk-src/src/rp2_common/hardware_timer/timer.c.obj
 *fill*         0x20004309        0x3 
 .bss.claimed   0x2000430c        0x1 CMakeFiles/usb_host_keyboard.dir/_deps/pico_sdk-src/src/rp2_common/hardware_pio/pio.c.obj
 *fill*         0x2000430d        0x3 
 .bss.configured_freq
                0x20004310       0x28 CMakeFiles/usb_host_keyboard.dir/_deps/pico_sdk-src/src/rp2_common/hardware_clocks/clocks.c.obj
 .bss.drivers   0x20004338        0x4 CMakeFiles/usb_host_keyboard.dir/_deps/pico_sdk-src/src/rp2_common/pico_stdio/stdio.c.obj
 .bss.errno     0x2000433c        0x4 C:/PROGRA~2/ARMGNU~1/142BCE~1.3RE/bin/../lib/gcc/arm-none-eabi/14.3.1/../../../../arm-none-eabi/lib/thumb/v6-m/nofp\libg.a(libc_a-reent.o)
                0x2000433c                errno
 .bss.filter    0x20004340        0x4 CMakeFiles/usb_host_keyboard.dir/_deps/pico_sdk-src/src/rp2_common/pico_stdio/stdio.c.obj
 .bss.heap_end.0
                0x20004344        0x4 CMakeFiles/usb_host_keyboard.dir/_deps/pico_sdk-src/src/rp2_common/pico_clib_interface/newlib_interface.c.obj
 .bss.keepalive_encoded
                0x20004348        0x1 CMakeFiles/usb_host_keyboard.dir/Pico-PIO-USB/src/pio_usb_host.c.obj
 *fill*         0x20004349        0x3 
 .bss.lazy_vsnprintf
                0x2000434c        0x4 CMakeFiles/usb_host_keyboard.dir/_deps/pico_sdk-src/src/rp2_common/pico_printf/printf.c.obj
 .bss.nak_encoded
                0x20004350        0x5 CMakeFiles/usb_host_keyboard.dir/Pico-PIO-USB/src/pio_usb.c.obj
 *fill*         0x20004355        0x3 
 .bss.object.0  0x20004358       0x18 C:/PROGRA~2/ARMGNU~1/142BCE~1.3RE/bin/../lib/gcc/arm-none-eabi/14.3.1/thumb/v6-m/nofp/crtbegin.o
 .bss.pio_port  0x20004370       0xdc CMakeFiles/usb_host_keyboard.dir/Pico-PIO-USB/src/pio_usb.c.obj
                0x20004370                pio_port
 .bss.pio_usb_device
                0x2000444c      0x130 CMakeFiles/usb_host_keyboard.dir/Pico-PIO-USB/src/pio_usb.c.obj
                0x2000444c                pio_usb_device
 .bss.pio_usb_ep_pool
                0x2000457c     0x1780 CMakeFiles/usb_host_keyboard.dir/Pico-PIO-USB/src/pio_usb.c.obj
                0x2000457c                pio_usb_ep_pool
 .bss.pio_usb_root_port
                0x20005cfc       0x60 CMakeFiles/usb_host_keyboard.dir/Pico-PIO-USB/src/pio_usb.c.obj
                0x20005cfc                pio_usb_root_port
 .bss.pools     0x20005d5c       0x10 CMakeFiles/usb_host_keyboard.dir/_deps/pico_sdk-src/src/common/pico_time/time.c.obj
 .bss.pre_encoded
                0x20005d6c        0x5 CMakeFiles/usb_host_keyboard.dir/Pico-PIO-USB/src/pio_usb.c.obj
 *fill*         0x20005d71        0x3 
 .bss.prev_report
                0x20005d74        0x8 CMakeFiles/usb_host_keyboard.dir/KeyAnalyser.c.obj
 .bss.report_count
                0x20005d7c        0x4 CMakeFiles/usb_host_keyboard.dir/KeyAnalyser.c.obj
 .bss.reports   0x20005d80      0x960 CMakeFiles/usb_host_keyboard.dir/KeyAnalyser.c.obj
 .bss.retrieved_id
                0x200066e0        0x8 CMakeFiles/usb_host_keyboard.dir/_deps/pico_sdk-src/src/rp2_common/pico_unique_id/unique_id.c.obj
 .bss.sf_clz_func
                0x200066e8        0x4 CMakeFiles/usb_host_keyboard.dir/_deps/pico_sdk-src/src/rp2_common/pico_double/double_init_rom_rp2040.c.obj
                0x200066e8                sf_clz_func
 .bss.sleep_notifier
                0x200066ec        0x4 CMakeFiles/usb_host_keyboard.dir/_deps/pico_sdk-src/src/common/pico_time/time.c.obj
 .bss.sof_count
                0x200066f0        0x4 CMakeFiles/usb_host_keyboard.dir/Pico-PIO-USB/src/pio_usb_host.c.obj
 .bss.sof_packet_encoded
                0x200066f4        0xb CMakeFiles/usb_host_keyboard.dir/Pico-PIO-USB/src/pio_usb_host.c.obj
 *fill*         0x200066ff        0x1 
 .bss.stall_encoded
                0x20006700        0x5 CMakeFiles/usb_host_keyboard.dir/Pico-PIO-USB/src/pio_usb.c.obj
 *fill*         0x20006705        0x3 
 .bss.uart_char_to_line_feed
                0x20006708        0x4 CMakeFiles/usb_host_keyboard.dir/_deps/pico_sdk-src/src/rp2_common/hardware_uart/uart.c.obj
                0x20006708                uart_char_to_line_feed
 .bss.uart_instance
                0x2000670c        0x4 CMakeFiles/usb_host_keyboard.dir/_deps/pico_sdk-src/src/rp2_common/pico_stdio_uart/stdio_uart.c.obj
 .bss._claimed  0x20006710        0x2 CMakeFiles/usb_host_keyboard.dir/_deps/pico_sdk-src/src/rp2_common/hardware_dma/dma.c.obj
 .bss._app_driver_count
                0x20006712        0x1 CMakeFiles/usb_host_keyboard.dir/_deps/pico_sdk-src/lib/tinyusb/src/host/usbh.c.obj
 .bss._hidh_default_protocol
                0x20006713        0x1 CMakeFiles/usb_host_keyboard.dir/_deps/pico_sdk-src/lib/tinyusb/src/class/hid/hid_host.c.obj
 .bss.boot2_copyout_valid
                0x20006714        0x1 CMakeFiles/usb_host_keyboard.dir/_deps/pico_sdk-src/src/rp2_common/hardware_flash/flash.c.obj
 .bss.failed_count.0
                0x20006715        0x1 CMakeFiles/usb_host_keyboard.dir/_deps/pico_sdk-src/lib/tinyusb/src/host/usbh.c.obj
 .bss.irq_handler_chain_free_slot_head